Archive member included to satisfy reference by file (symbol)

d:/data/cubeide/ide/stm32cubeide_1.0.2/stm32cubeide/plugins/com.st.stm32cube.ide.mcu.externaltools.gnu-tools-for-stm32.7-2018-q2-update.win32_1.0.0.201904181610/tools/bin/../lib/gcc/arm-none-eabi/7.3.1/../../../../arm-none-eabi/lib/thumb/v7-m\libc_nano.a(lib_a-errno.o)
                              Src/syscalls.o (__errno)
d:/data/cubeide/ide/stm32cubeide_1.0.2/stm32cubeide/plugins/com.st.stm32cube.ide.mcu.externaltools.gnu-tools-for-stm32.7-2018-q2-update.win32_1.0.0.201904181610/tools/bin/../lib/gcc/arm-none-eabi/7.3.1/../../../../arm-none-eabi/lib/thumb/v7-m\libc_nano.a(lib_a-exit.o)
                              d:/data/cubeide/ide/stm32cubeide_1.0.2/stm32cubeide/plugins/com.st.stm32cube.ide.mcu.externaltools.gnu-tools-for-stm32.7-2018-q2-update.win32_1.0.0.201904181610/tools/bin/../lib/gcc/arm-none-eabi/7.3.1/../../../../arm-none-eabi/lib/thumb/v7-m/crt0.o (exit)
d:/data/cubeide/ide/stm32cubeide_1.0.2/stm32cubeide/plugins/com.st.stm32cube.ide.mcu.externaltools.gnu-tools-for-stm32.7-2018-q2-update.win32_1.0.0.201904181610/tools/bin/../lib/gcc/arm-none-eabi/7.3.1/../../../../arm-none-eabi/lib/thumb/v7-m\libc_nano.a(lib_a-impure.o)
                              d:/data/cubeide/ide/stm32cubeide_1.0.2/stm32cubeide/plugins/com.st.stm32cube.ide.mcu.externaltools.gnu-tools-for-stm32.7-2018-q2-update.win32_1.0.0.201904181610/tools/bin/../lib/gcc/arm-none-eabi/7.3.1/../../../../arm-none-eabi/lib/thumb/v7-m\libc_nano.a(lib_a-exit.o) (_global_impure_ptr)
d:/data/cubeide/ide/stm32cubeide_1.0.2/stm32cubeide/plugins/com.st.stm32cube.ide.mcu.externaltools.gnu-tools-for-stm32.7-2018-q2-update.win32_1.0.0.201904181610/tools/bin/../lib/gcc/arm-none-eabi/7.3.1/../../../../arm-none-eabi/lib/thumb/v7-m\libc_nano.a(lib_a-init.o)
                              d:/data/cubeide/ide/stm32cubeide_1.0.2/stm32cubeide/plugins/com.st.stm32cube.ide.mcu.externaltools.gnu-tools-for-stm32.7-2018-q2-update.win32_1.0.0.201904181610/tools/bin/../lib/gcc/arm-none-eabi/7.3.1/../../../../arm-none-eabi/lib/thumb/v7-m/crt0.o (__libc_init_array)
d:/data/cubeide/ide/stm32cubeide_1.0.2/stm32cubeide/plugins/com.st.stm32cube.ide.mcu.externaltools.gnu-tools-for-stm32.7-2018-q2-update.win32_1.0.0.201904181610/tools/bin/../lib/gcc/arm-none-eabi/7.3.1/../../../../arm-none-eabi/lib/thumb/v7-m\libc_nano.a(lib_a-memset.o)
                              d:/data/cubeide/ide/stm32cubeide_1.0.2/stm32cubeide/plugins/com.st.stm32cube.ide.mcu.externaltools.gnu-tools-for-stm32.7-2018-q2-update.win32_1.0.0.201904181610/tools/bin/../lib/gcc/arm-none-eabi/7.3.1/../../../../arm-none-eabi/lib/thumb/v7-m/crt0.o (memset)
d:/data/cubeide/ide/stm32cubeide_1.0.2/stm32cubeide/plugins/com.st.stm32cube.ide.mcu.externaltools.gnu-tools-for-stm32.7-2018-q2-update.win32_1.0.0.201904181610/tools/bin/../lib/gcc/arm-none-eabi/7.3.1/../../../../arm-none-eabi/lib/thumb/v7-m\libc_nano.a(lib_a-sprintf.o)
                              Src/LCDku.o (sprintf)
d:/data/cubeide/ide/stm32cubeide_1.0.2/stm32cubeide/plugins/com.st.stm32cube.ide.mcu.externaltools.gnu-tools-for-stm32.7-2018-q2-update.win32_1.0.0.201904181610/tools/bin/../lib/gcc/arm-none-eabi/7.3.1/../../../../arm-none-eabi/lib/thumb/v7-m\libc_nano.a(lib_a-nano-svfprintf.o)
                              d:/data/cubeide/ide/stm32cubeide_1.0.2/stm32cubeide/plugins/com.st.stm32cube.ide.mcu.externaltools.gnu-tools-for-stm32.7-2018-q2-update.win32_1.0.0.201904181610/tools/bin/../lib/gcc/arm-none-eabi/7.3.1/../../../../arm-none-eabi/lib/thumb/v7-m\libc_nano.a(lib_a-sprintf.o) (_svfprintf_r)
d:/data/cubeide/ide/stm32cubeide_1.0.2/stm32cubeide/plugins/com.st.stm32cube.ide.mcu.externaltools.gnu-tools-for-stm32.7-2018-q2-update.win32_1.0.0.201904181610/tools/bin/../lib/gcc/arm-none-eabi/7.3.1/../../../../arm-none-eabi/lib/thumb/v7-m\libc_nano.a(lib_a-nano-vfprintf_i.o)
                              d:/data/cubeide/ide/stm32cubeide_1.0.2/stm32cubeide/plugins/com.st.stm32cube.ide.mcu.externaltools.gnu-tools-for-stm32.7-2018-q2-update.win32_1.0.0.201904181610/tools/bin/../lib/gcc/arm-none-eabi/7.3.1/../../../../arm-none-eabi/lib/thumb/v7-m\libc_nano.a(lib_a-nano-svfprintf.o) (_printf_i)
d:/data/cubeide/ide/stm32cubeide_1.0.2/stm32cubeide/plugins/com.st.stm32cube.ide.mcu.externaltools.gnu-tools-for-stm32.7-2018-q2-update.win32_1.0.0.201904181610/tools/bin/../lib/gcc/arm-none-eabi/7.3.1/../../../../arm-none-eabi/lib/thumb/v7-m\libc_nano.a(lib_a-memchr-stub.o)
                              d:/data/cubeide/ide/stm32cubeide_1.0.2/stm32cubeide/plugins/com.st.stm32cube.ide.mcu.externaltools.gnu-tools-for-stm32.7-2018-q2-update.win32_1.0.0.201904181610/tools/bin/../lib/gcc/arm-none-eabi/7.3.1/../../../../arm-none-eabi/lib/thumb/v7-m\libc_nano.a(lib_a-nano-svfprintf.o) (memchr)
[...]
Memory Configuration

Name             Origin             Length             Attributes
RAM              0x0000000020000000 0x0000000000005000 xrw
FLASH            0x0000000008000000 0x0000000000010000 xr
*default*        0x0000000000000000 0xffffffffffffffff

Linker script and memory map

LOAD d:/data/cubeide/ide/stm32cubeide_1.0.2/stm32cubeide/plugins/com.st.stm32cube.ide.mcu.externaltools.gnu-tools-for-stm32.7-2018-q2-update.win32_1.0.0.201904181610/tools/bin/../lib/gcc/arm-none-eabi/7.3.1/thumb/v7-m/crti.o
LOAD d:/data/cubeide/ide/stm32cubeide_1.0.2/stm32cubeide/plugins/com.st.stm32cube.ide.mcu.externaltools.gnu-tools-for-stm32.7-2018-q2-update.win32_1.0.0.201904181610/tools/bin/../lib/gcc/arm-none-eabi/7.3.1/thumb/v7-m/crtbegin.o
LOAD d:/data/cubeide/ide/stm32cubeide_1.0.2/stm32cubeide/plugins/com.st.stm32cube.ide.mcu.externaltools.gnu-tools-for-stm32.7-2018-q2-update.win32_1.0.0.201904181610/tools/bin/../lib/gcc/arm-none-eabi/7.3.1/../../../../arm-none-eabi/lib/thumb/v7-m/crt0.o
LOAD Drivers/STM32F1xx_HAL_Driver/Src/stm32f1xx_hal.o
LOAD Drivers/STM32F1xx_HAL_Driver/Src/stm32f1xx_hal_adc.o
LOAD Drivers/STM32F1xx_HAL_Driver/Src/stm32f1xx_hal_adc_ex.o
LOAD Drivers/STM32F1xx_HAL_Driver/Src/stm32f1xx_hal_cortex.o
LOAD Drivers/STM32F1xx_HAL_Driver/Src/stm32f1xx_hal_dma.o
LOAD Drivers/STM32F1xx_HAL_Driver/Src/stm32f1xx_hal_exti.o
LOAD Drivers/STM32F1xx_HAL_Driver/Src/stm32f1xx_hal_flash.o
LOAD Drivers/STM32F1xx_HAL_Driver/Src/stm32f1xx_hal_flash_ex.o
LOAD Drivers/STM32F1xx_HAL_Driver/Src/stm32f1xx_hal_gpio.o
LOAD Drivers/STM32F1xx_HAL_Driver/Src/stm32f1xx_hal_gpio_ex.o
LOAD Drivers/STM32F1xx_HAL_Driver/Src/stm32f1xx_hal_pwr.o
LOAD Drivers/STM32F1xx_HAL_Driver/Src/stm32f1xx_hal_rcc.o
LOAD Drivers/STM32F1xx_HAL_Driver/Src/stm32f1xx_hal_rcc_ex.o
LOAD Drivers/STM32F1xx_HAL_Driver/Src/stm32f1xx_hal_tim.o
LOAD Drivers/STM32F1xx_HAL_Driver/Src/stm32f1xx_hal_tim_ex.o
LOAD Drivers/STM32F1xx_HAL_Driver/Src/stm32f1xx_hal_uart.o
LOAD Src/Counterku.o
LOAD Src/HardwareInitku.o
LOAD Src/LCDku.o
LOAD Src/SCHtimeku.o
LOAD Src/Sensorku.o
LOAD Src/main.o
LOAD Src/stm32f1xx_hal_msp.o
LOAD Src/stm32f1xx_it.o
LOAD Src/syscalls.o
LOAD Src/sysmem.o
LOAD Src/system_stm32f1xx.o
LOAD Startup/startup_stm32f103c8tx.o
START GROUP
LOAD d:/data/cubeide/ide/stm32cubeide_1.0.2/stm32cubeide/plugins/com.st.stm32cube.ide.mcu.externaltools.gnu-tools-for-stm32.7-2018-q2-update.win32_1.0.0.201904181610/tools/bin/../lib/gcc/arm-none-eabi/7.3.1/../../../../arm-none-eabi/lib/thumb/v7-m\libc_nano.a
LOAD d:/data/cubeide/ide/stm32cubeide_1.0.2/stm32cubeide/plugins/com.st.stm32cube.ide.mcu.externaltools.gnu-tools-for-stm32.7-2018-q2-update.win32_1.0.0.201904181610/tools/bin/../lib/gcc/arm-none-eabi/7.3.1/../../../../arm-none-eabi/lib/thumb/v7-m\libm.a
END GROUP
START GROUP
LOAD d:/data/cubeide/ide/stm32cubeide_1.0.2/stm32cubeide/plugins/com.st.stm32cube.ide.mcu.externaltools.gnu-tools-for-stm32.7-2018-q2-update.win32_1.0.0.201904181610/tools/bin/../lib/gcc/arm-none-eabi/7.3.1/thumb/v7-m\libgcc.a
LOAD d:/data/cubeide/ide/stm32cubeide_1.0.2/stm32cubeide/plugins/com.st.stm32cube.ide.mcu.externaltools.gnu-tools-for-stm32.7-2018-q2-update.win32_1.0.0.201904181610/tools/bin/../lib/gcc/arm-none-eabi/7.3.1/../../../../arm-none-eabi/lib/thumb/v7-m\libc_nano.a
END GROUP
START GROUP
LOAD d:/data/cubeide/ide/stm32cubeide_1.0.2/stm32cubeide/plugins/com.st.stm32cube.ide.mcu.externaltools.gnu-tools-for-stm32.7-2018-q2-update.win32_1.0.0.201904181610/tools/bin/../lib/gcc/arm-none-eabi/7.3.1/thumb/v7-m\libgcc.a
LOAD d:/data/cubeide/ide/stm32cubeide_1.0.2/stm32cubeide/plugins/com.st.stm32cube.ide.mcu.externaltools.gnu-tools-for-stm32.7-2018-q2-update.win32_1.0.0.201904181610/tools/bin/../lib/gcc/arm-none-eabi/7.3.1/../../../../arm-none-eabi/lib/thumb/v7-m\libc_nano.a
LOAD d:/data/cubeide/ide/stm32cubeide_1.0.2/stm32cubeide/plugins/com.st.stm32cube.ide.mcu.externaltools.gnu-tools-for-stm32.7-2018-q2-update.win32_1.0.0.201904181610/tools/bin/../lib/gcc/arm-none-eabi/7.3.1/../../../../arm-none-eabi/lib/thumb/v7-m\libnosys.a
END GROUP
START GROUP
LOAD d:/data/cubeide/ide/stm32cubeide_1.0.2/stm32cubeide/plugins/com.st.stm32cube.ide.mcu.externaltools.gnu-tools-for-stm32.7-2018-q2-update.win32_1.0.0.201904181610/tools/bin/../lib/gcc/arm-none-eabi/7.3.1/thumb/v7-m\libgcc.a
LOAD d:/data/cubeide/ide/stm32cubeide_1.0.2/stm32cubeide/plugins/com.st.stm32cube.ide.mcu.externaltools.gnu-tools-for-stm32.7-2018-q2-update.win32_1.0.0.201904181610/tools/bin/../lib/gcc/arm-none-eabi/7.3.1/../../../../arm-none-eabi/lib/thumb/v7-m\libc_nano.a
LOAD d:/data/cubeide/ide/stm32cubeide_1.0.2/stm32cubeide/plugins/com.st.stm32cube.ide.mcu.externaltools.gnu-tools-for-stm32.7-2018-q2-update.win32_1.0.0.201904181610/tools/bin/../lib/gcc/arm-none-eabi/7.3.1/../../../../arm-none-eabi/lib/thumb/v7-m\libnosys.a
END GROUP
LOAD d:/data/cubeide/ide/stm32cubeide_1.0.2/stm32cubeide/plugins/com.st.stm32cube.ide.mcu.externaltools.gnu-tools-for-stm32.7-2018-q2-update.win32_1.0.0.201904181610/tools/bin/../lib/gcc/arm-none-eabi/7.3.1/thumb/v7-m/crtend.o
LOAD d:/data/cubeide/ide/stm32cubeide_1.0.2/stm32cubeide/plugins/com.st.stm32cube.ide.mcu.externaltools.gnu-tools-for-stm32.7-2018-q2-update.win32_1.0.0.201904181610/tools/bin/../lib/gcc/arm-none-eabi/7.3.1/thumb/v7-m/crtn.o
                0x0000000020005000                _estack = 0x20005000
                0x0000000000000200                _Min_Heap_Size = 0x200
                0x0000000000000400                _Min_Stack_Size = 0x400

.isr_vector     0x0000000008000000      0x10c
                0x0000000008000000                . = ALIGN (0x4)
 *(.isr_vector)
 .isr_vector    0x0000000008000000      0x10c Startup/startup_stm32f103c8tx.o
                0x0000000008000000                g_pfnVectors
                0x000000000800010c                . = ALIGN (0x4)

.text           0x000000000800010c     0x3ce0
                0x000000000800010c                . = ALIGN (0x4)
 *(.text)
 .text          0x000000000800010c       0x40 d:/data/cubeide/ide/stm32cubeide_1.0.2/stm32cubeide/plugins/com.st.stm32cube.ide.mcu.externaltools.gnu-tools-for-stm32.7-2018-q2-update.win32_1.0.0.201904181610/tools/bin/../lib/gcc/arm-none-eabi/7.3.1/thumb/v7-m/crtbegin.o
 *(.text*)
 .text.HAL_Init
                0x000000000800014c       0x2c Drivers/STM32F1xx_HAL_Driver/Src/stm32f1xx_hal.o
                0x000000000800014c                HAL_Init
 .text.HAL_InitTick
                0x0000000008000178       0x60 Drivers/STM32F1xx_HAL_Driver/Src/stm32f1xx_hal.o
                0x0000000008000178                HAL_InitTick
 .text.HAL_IncTick
                0x00000000080001d8       0x24 Drivers/STM32F1xx_HAL_Driver/Src/stm32f1xx_hal.o
                0x00000000080001d8                HAL_IncTick
 .text.HAL_GetTick
                0x00000000080001fc       0x14 Drivers/STM32F1xx_HAL_Driver/Src/stm32f1xx_hal.o
                0x00000000080001fc                HAL_GetTick
 .text.HAL_Delay
                0x0000000008000210       0x44 Drivers/STM32F1xx_HAL_Driver/Src/stm32f1xx_hal.o
                0x0000000008000210                HAL_Delay
 .text.HAL_ADC_Init
                0x0000000008000254      0x1b0 Drivers/STM32F1xx_HAL_Driver/Src/stm32f1xx_hal_adc.o
                0x0000000008000254                HAL_ADC_Init
 .text.HAL_ADC_Start_DMA
                0x0000000008000404      0x1bc Drivers/STM32F1xx_HAL_Driver/Src/stm32f1xx_hal_adc.o
                0x0000000008000404                HAL_ADC_Start_DMA
 .text.HAL_ADC_IRQHandler
                0x00000000080005c0      0x186 Drivers/STM32F1xx_HAL_Driver/Src/stm32f1xx_hal_adc.o
                0x00000000080005c0                HAL_ADC_IRQHandler
 .text.HAL_ADC_ConvCpltCallback
                0x0000000008000746       0x12 Drivers/STM32F1xx_HAL_Driver/Src/stm32f1xx_hal_adc.o
                0x0000000008000746                HAL_ADC_ConvCpltCallback
 .text.HAL_ADC_ConvHalfCpltCallback
                0x0000000008000758       0x12 Drivers/STM32F1xx_HAL_Driver/Src/stm32f1xx_hal_adc.o
                0x0000000008000758                HAL_ADC_ConvHalfCpltCallback
 .text.HAL_ADC_LevelOutOfWindowCallback
                0x000000000800076a       0x12 Drivers/STM32F1xx_HAL_Driver/Src/stm32f1xx_hal_adc.o
                0x000000000800076a                HAL_ADC_LevelOutOfWindowCallback
 .text.HAL_ADC_ErrorCallback
                0x000000000800077c       0x12 Drivers/STM32F1xx_HAL_Driver/Src/stm32f1xx_hal_adc.o
                0x000000000800077c                HAL_ADC_ErrorCallback
 *fill*         0x000000000800078e        0x2 
 .text.HAL_ADC_ConfigChannel
                0x0000000008000790      0x1f0 Drivers/STM32F1xx_HAL_Driver/Src/stm32f1xx_hal_adc.o
                0x0000000008000790                HAL_ADC_ConfigChannel
 .text.ADC_Enable
                0x0000000008000980       0xa4 Drivers/STM32F1xx_HAL_Driver/Src/stm32f1xx_hal_adc.o
                0x0000000008000980                ADC_Enable
 .text.ADC_ConversionStop_Disable
                0x0000000008000a24       0x74 Drivers/STM32F1xx_HAL_Driver/Src/stm32f1xx_hal_adc.o
                0x0000000008000a24                ADC_ConversionStop_Disable
 .text.ADC_DMAConvCplt
                0x0000000008000a98       0x7c Drivers/STM32F1xx_HAL_Driver/Src/stm32f1xx_hal_adc.o
                0x0000000008000a98                ADC_DMAConvCplt
 .text.ADC_DMAHalfConvCplt
                0x0000000008000b14       0x1c Drivers/STM32F1xx_HAL_Driver/Src/stm32f1xx_hal_adc.o
                0x0000000008000b14                ADC_DMAHalfConvCplt
 .text.ADC_DMAError
                0x0000000008000b30       0x34 Drivers/STM32F1xx_HAL_Driver/Src/stm32f1xx_hal_adc.o
                0x0000000008000b30                ADC_DMAError
 .text.HAL_ADCEx_InjectedConvCpltCallback
                0x0000000008000b64       0x12 Drivers/STM32F1xx_HAL_Driver/Src/stm32f1xx_hal_adc_ex.o
                0x0000000008000b64                HAL_ADCEx_InjectedConvCpltCallback
 *fill*         0x0000000008000b76        0x2 
 .text.__NVIC_SetPriorityGrouping
                0x0000000008000b78       0x48 Drivers/STM32F1xx_HAL_Driver/Src/stm32f1xx_hal_cortex.o
 .text.__NVIC_GetPriorityGrouping
                0x0000000008000bc0       0x1c Drivers/STM32F1xx_HAL_Driver/Src/stm32f1xx_hal_cortex.o
 .text.__NVIC_EnableIRQ
                0x0000000008000bdc       0x38 Drivers/STM32F1xx_HAL_Driver/Src/stm32f1xx_hal_cortex.o
 .text.__NVIC_SetPriority
                0x0000000008000c14       0x54 Drivers/STM32F1xx_HAL_Driver/Src/stm32f1xx_hal_cortex.o
 .text.NVIC_EncodePriority
                0x0000000008000c68       0x64 Drivers/STM32F1xx_HAL_Driver/Src/stm32f1xx_hal_cortex.o
 .text.SysTick_Config
                0x0000000008000ccc       0x44 Drivers/STM32F1xx_HAL_Driver/Src/stm32f1xx_hal_cortex.o
 .text.HAL_NVIC_SetPriorityGrouping
                0x0000000008000d10       0x16 Drivers/STM32F1xx_HAL_Driver/Src/stm32f1xx_hal_cortex.o
                0x0000000008000d10                HAL_NVIC_SetPriorityGrouping
 .text.HAL_NVIC_SetPriority
                0x0000000008000d26       0x38 Drivers/STM32F1xx_HAL_Driver/Src/stm32f1xx_hal_cortex.o
                0x0000000008000d26                HAL_NVIC_SetPriority
 .text.HAL_NVIC_EnableIRQ
                0x0000000008000d5e       0x1c Drivers/STM32F1xx_HAL_Driver/Src/stm32f1xx_hal_cortex.o
                0x0000000008000d5e                HAL_NVIC_EnableIRQ
 .text.HAL_SYSTICK_Config
                0x0000000008000d7a       0x18 Drivers/STM32F1xx_HAL_Driver/Src/stm32f1xx_hal_cortex.o
                0x0000000008000d7a                HAL_SYSTICK_Config
 *fill*         0x0000000008000d92        0x2 
 .text.HAL_DMA_Init
                0x0000000008000d94       0xb4 Drivers/STM32F1xx_HAL_Driver/Src/stm32f1xx_hal_dma.o
                0x0000000008000d94                HAL_DMA_Init
 .text.HAL_DMA_Start_IT
                0x0000000008000e48       0xbe Drivers/STM32F1xx_HAL_Driver/Src/stm32f1xx_hal_dma.o
                0x0000000008000e48                HAL_DMA_Start_IT
 *fill*         0x0000000008000f06        0x2 
 .text.HAL_DMA_IRQHandler
                0x0000000008000f08      0x20c Drivers/STM32F1xx_HAL_Driver/Src/stm32f1xx_hal_dma.o
                0x0000000008000f08                HAL_DMA_IRQHandler
 .text.DMA_SetConfig
                0x0000000008001114       0x5a Drivers/STM32F1xx_HAL_Driver/Src/stm32f1xx_hal_dma.o
 *fill*         0x000000000800116e        0x2 
 .text.HAL_GPIO_Init
                0x0000000008001170      0x2b4 Drivers/STM32F1xx_HAL_Driver/Src/stm32f1xx_hal_gpio.o
                0x0000000008001170                HAL_GPIO_Init
 .text.HAL_GPIO_ReadPin
                0x0000000008001424       0x2e Drivers/STM32F1xx_HAL_Driver/Src/stm32f1xx_hal_gpio.o
                0x0000000008001424                HAL_GPIO_ReadPin
 .text.HAL_GPIO_WritePin
                0x0000000008001452       0x30 Drivers/STM32F1xx_HAL_Driver/Src/stm32f1xx_hal_gpio.o
                0x0000000008001452                HAL_GPIO_WritePin
 *fill*         0x0000000008001482        0x2 
 .text.HAL_RCC_OscConfig
                0x0000000008001484      0x500 Drivers/STM32F1xx_HAL_Driver/Src/stm32f1xx_hal_rcc.o
                0x0000000008001484                HAL_RCC_OscConfig
 .text.HAL_RCC_ClockConfig
                0x0000000008001984      0x1d4 Drivers/STM32F1xx_HAL_Driver/Src/stm32f1xx_hal_rcc.o
                0x0000000008001984                HAL_RCC_ClockConfig
 .text.HAL_RCC_GetSysClockFreq
                0x0000000008001b58       0xc4 Drivers/STM32F1xx_HAL_Driver/Src/stm32f1xx_hal_rcc.o
                0x0000000008001b58                HAL_RCC_GetSysClockFreq
 .text.HAL_RCC_GetHCLKFreq
                0x0000000008001c1c       0x14 Drivers/STM32F1xx_HAL_Driver/Src/stm32f1xx_hal_rcc.o
                0x0000000008001c1c                HAL_RCC_GetHCLKFreq
 .text.HAL_RCC_GetPCLK1Freq
                0x0000000008001c30       0x28 Drivers/STM32F1xx_HAL_Driver/Src/stm32f1xx_hal_rcc.o
                0x0000000008001c30                HAL_RCC_GetPCLK1Freq
 .text.HAL_RCC_GetPCLK2Freq
                0x0000000008001c58       0x28 Drivers/STM32F1xx_HAL_Driver/Src/stm32f1xx_hal_rcc.o
                0x0000000008001c58                HAL_RCC_GetPCLK2Freq
 .text.RCC_Delay
                0x0000000008001c80       0x3c Drivers/STM32F1xx_HAL_Driver/Src/stm32f1xx_hal_rcc.o
 .text.HAL_RCCEx_PeriphCLKConfig
                0x0000000008001cbc      0x16c Drivers/STM32F1xx_HAL_Driver/Src/stm32f1xx_hal_rcc_ex.o
                0x0000000008001cbc                HAL_RCCEx_PeriphCLKConfig
 .text.HAL_UART_Init
                0x0000000008001e28       0x9a Drivers/STM32F1xx_HAL_Driver/Src/stm32f1xx_hal_uart.o
                0x0000000008001e28                HAL_UART_Init
 .text.HAL_UART_Transmit
                0x0000000008001ec2      0x132 Drivers/STM32F1xx_HAL_Driver/Src/stm32f1xx_hal_uart.o
                0x0000000008001ec2                HAL_UART_Transmit
 .text.UART_WaitOnFlagUntilTimeout
                0x0000000008001ff4       0x94 Drivers/STM32F1xx_HAL_Driver/Src/stm32f1xx_hal_uart.o
 .text.UART_SetConfig
                0x0000000008002088      0x1b4 Drivers/STM32F1xx_HAL_Driver/Src/stm32f1xx_hal_uart.o
 .text.Count_Sens_One
                0x000000000800223c      0x104 Src/Counterku.o
                0x000000000800223c                Count_Sens_One
 .text.Count_Sens_Two
                0x0000000008002340      0x104 Src/Counterku.o
                0x0000000008002340                Count_Sens_Two
 .text.Count_Sens_Three
                0x0000000008002444      0x104 Src/Counterku.o
                0x0000000008002444                Count_Sens_Three
 .text.PbReset_ON
                0x0000000008002548       0xe0 Src/Counterku.o
                0x0000000008002548                PbReset_ON
 .text.Show_Counter
                0x0000000008002628      0x24c Src/Counterku.o
                0x0000000008002628                Show_Counter
 .text.SystemClock_Config
                0x0000000008002874       0xb6 Src/HardwareInitku.o
                0x0000000008002874                SystemClock_Config
 *fill*         0x000000000800292a        0x2 
 .text.MX_ADC1_Init
                0x000000000800292c       0xd4 Src/HardwareInitku.o
                0x000000000800292c                MX_ADC1_Init
 .text.MX_USART2_UART_Init
                0x0000000008002a00       0x54 Src/HardwareInitku.o
                0x0000000008002a00                MX_USART2_UART_Init
 .text.MX_DMA_Init
                0x0000000008002a54       0x3c Src/HardwareInitku.o
                0x0000000008002a54                MX_DMA_Init
 .text.MX_GPIO_Init
                0x0000000008002a90       0xdc Src/HardwareInitku.o
                0x0000000008002a90                MX_GPIO_Init
 .text.LCD_Write4Bit
                0x0000000008002b6c       0x6c Src/LCDku.o
                0x0000000008002b6c                LCD_Write4Bit
 .text.LCD_Send
                0x0000000008002bd8       0x9c Src/LCDku.o
                0x0000000008002bd8                LCD_Send
 .text.LCD_Init
                0x0000000008002c74       0x40 Src/LCDku.o
                0x0000000008002c74                LCD_Init
 .text.LCD_Print
                0x0000000008002cb4       0x2a Src/LCDku.o
                0x0000000008002cb4                LCD_Print
 *fill*         0x0000000008002cde        0x2 
 .text.LCD_PrintNum
                0x0000000008002ce0       0x30 Src/LCDku.o
                0x0000000008002ce0                LCD_PrintNum
 .text.LCD_SetCursor
                0x0000000008002d10       0x68 Src/LCDku.o
                0x0000000008002d10                LCD_SetCursor
 .text.LCD_Clear
                0x0000000008002d78       0x10 Src/LCDku.o
                0x0000000008002d78                LCD_Clear
 .text.TIM4_IRQHandler
                0x0000000008002d88        0xc Src/SCHtimeku.o
                0x0000000008002d88                TIM4_IRQHandler
 .text.task_run
                0x0000000008002d94       0x70 Src/SCHtimeku.o
                0x0000000008002d94                task_run
 .text.show_timer
                0x0000000008002e04       0x7c Src/SCHtimeku.o
                0x0000000008002e04                show_timer
 .text.Open_ADC_Init
                0x0000000008002e80       0x1c Src/Sensorku.o
                0x0000000008002e80                Open_ADC_Init
 .text.Sensor_ADC_One
                0x0000000008002e9c       0xb8 Src/Sensorku.o
                0x0000000008002e9c                Sensor_ADC_One
 .text.Sensor_ADC_Two
                0x0000000008002f54       0xb8 Src/Sensorku.o
                0x0000000008002f54                Sensor_ADC_Two
 .text.Sensor_ADC_Three
                0x000000000800300c       0xb8 Src/Sensorku.o
                0x000000000800300c                Sensor_ADC_Three
 .text.pbReset_Handler
                0x00000000080030c4       0x50 Src/Sensorku.o
                0x00000000080030c4                pbReset_Handler
 .text.Error_Sensor_Hendler
                0x0000000008003114       0x4c Src/Sensorku.o
                0x0000000008003114                Error_Sensor_Hendler
 .text.main     0x0000000008003160       0x7c Src/main.o
                0x0000000008003160                main
 .text.Error_Handler
                0x00000000080031dc        0xc Src/main.o
                0x00000000080031dc                Error_Handler
 .text.HAL_MspInit
                0x00000000080031e8       0x64 Src/stm32f1xx_hal_msp.o
                0x00000000080031e8                HAL_MspInit
 .text.HAL_ADC_MspInit
                0x000000000800324c       0xe0 Src/stm32f1xx_hal_msp.o
                0x000000000800324c                HAL_ADC_MspInit
 .text.HAL_UART_MspInit
                0x000000000800332c       0x94 Src/stm32f1xx_hal_msp.o
                0x000000000800332c                HAL_UART_MspInit
 .text.NMI_Handler
                0x00000000080033c0        0xc Src/stm32f1xx_it.o
                0x00000000080033c0                NMI_Handler
 .text.HardFault_Handler
                0x00000000080033cc        0x6 Src/stm32f1xx_it.o
                0x00000000080033cc                HardFault_Handler
 .text.MemManage_Handler
                0x00000000080033d2        0x6 Src/stm32f1xx_it.o
                0x00000000080033d2                MemManage_Handler
 .text.BusFault_Handler
                0x00000000080033d8        0x6 Src/stm32f1xx_it.o
                0x00000000080033d8                BusFault_Handler
 .text.UsageFault_Handler
                0x00000000080033de        0x6 Src/stm32f1xx_it.o
                0x00000000080033de                UsageFault_Handler
 .text.SVC_Handler
                0x00000000080033e4        0xc Src/stm32f1xx_it.o
                0x00000000080033e4                SVC_Handler
 .text.DebugMon_Handler
                0x00000000080033f0        0xc Src/stm32f1xx_it.o
                0x00000000080033f0                DebugMon_Handler
 .text.PendSV_Handler
                0x00000000080033fc        0xc Src/stm32f1xx_it.o
                0x00000000080033fc                PendSV_Handler
 .text.SysTick_Handler
                0x0000000008003408       0x10 Src/stm32f1xx_it.o
                0x0000000008003408                SysTick_Handler
 .text.DMA1_Channel1_IRQHandler
                0x0000000008003418       0x14 Src/stm32f1xx_it.o
                0x0000000008003418                DMA1_Channel1_IRQHandler
 .text.ADC1_2_IRQHandler
                0x000000000800342c       0x14 Src/stm32f1xx_it.o
                0x000000000800342c                ADC1_2_IRQHandler
 .text._sbrk    0x0000000008003440       0x58 Src/sysmem.o
                0x0000000008003440                _sbrk
 .text.SystemInit
                0x0000000008003498       0x68 Src/system_stm32f1xx.o
                0x0000000008003498                SystemInit
 .text.Reset_Handler
                0x0000000008003500       0x48 Startup/startup_stm32f103c8tx.o
                0x0000000008003500                Reset_Handler
 .text.Default_Handler
                0x0000000008003548        0x2 Startup/startup_stm32f103c8tx.o
                0x0000000008003548                RTC_Alarm_IRQHandler
                0x0000000008003548                EXTI2_IRQHandler
                0x0000000008003548                TIM1_CC_IRQHandler
                0x0000000008003548                PVD_IRQHandler
                0x0000000008003548                EXTI3_IRQHandler
                0x0000000008003548                EXTI0_IRQHandler
                0x0000000008003548                I2C2_EV_IRQHandler
                0x0000000008003548                SPI1_IRQHandler
                0x0000000008003548                TAMPER_IRQHandler
                0x0000000008003548                DMA1_Channel4_IRQHandler
                0x0000000008003548                USART3_IRQHandler
                0x0000000008003548                RTC_IRQHandler
                0x0000000008003548                DMA1_Channel7_IRQHandler
                0x0000000008003548                CAN1_RX1_IRQHandler
                0x0000000008003548                I2C1_EV_IRQHandler
                0x0000000008003548                DMA1_Channel6_IRQHandler
                0x0000000008003548                TIM3_IRQHandler
                0x0000000008003548                RCC_IRQHandler
                0x0000000008003548                TIM1_TRG_COM_IRQHandler
                0x0000000008003548                Default_Handler
                0x0000000008003548                EXTI15_10_IRQHandler
                0x0000000008003548                EXTI9_5_IRQHandler
                0x0000000008003548                SPI2_IRQHandler
                0x0000000008003548                DMA1_Channel5_IRQHandler
                0x0000000008003548                EXTI4_IRQHandler
                0x0000000008003548                USB_LP_CAN1_RX0_IRQHandler
                0x0000000008003548                USB_HP_CAN1_TX_IRQHandler
                0x0000000008003548                DMA1_Channel3_IRQHandler
                0x0000000008003548                TIM1_UP_IRQHandler
                0x0000000008003548                WWDG_IRQHandler
                0x0000000008003548                TIM2_IRQHandler
                0x0000000008003548                TIM1_BRK_IRQHandler
                0x0000000008003548                EXTI1_IRQHandler
                0x0000000008003548                USART2_IRQHandler
                0x0000000008003548                I2C2_ER_IRQHandler
                0x0000000008003548                DMA1_Channel2_IRQHandler
                0x0000000008003548                CAN1_SCE_IRQHandler
                0x0000000008003548                FLASH_IRQHandler
                0x0000000008003548                USART1_IRQHandler
                0x0000000008003548                I2C1_ER_IRQHandler
                0x0000000008003548                USBWakeUp_IRQHandler
 *fill*         0x000000000800354a        0x2 
 .text.__errno  0x000000000800354c        0xc d:/data/cubeide/ide/stm32cubeide_1.0.2/stm32cubeide/plugins/com.st.stm32cube.ide.mcu.externaltools.gnu-tools-for-stm32.7-2018-q2-update.win32_1.0.0.201904181610/tools/bin/../lib/gcc/arm-none-eabi/7.3.1/../../../../arm-none-eabi/lib/thumb/v7-m\libc_nano.a(lib_a-errno.o)
                0x000000000800354c                __errno
 .text.__libc_init_array
                0x0000000008003558       0x48 d:/data/cubeide/ide/stm32cubeide_1.0.2/stm32cubeide/plugins/com.st.stm32cube.ide.mcu.externaltools.gnu-tools-for-stm32.7-2018-q2-update.win32_1.0.0.201904181610/tools/bin/../lib/gcc/arm-none-eabi/7.3.1/../../../../arm-none-eabi/lib/thumb/v7-m\libc_nano.a(lib_a-init.o)
                0x0000000008003558                __libc_init_array
 .text.memset   0x00000000080035a0       0x10 d:/data/cubeide/ide/stm32cubeide_1.0.2/stm32cubeide/plugins/com.st.stm32cube.ide.mcu.externaltools.gnu-tools-for-stm32.7-2018-q2-update.win32_1.0.0.201904181610/tools/bin/../lib/gcc/arm-none-eabi/7.3.1/../../../../arm-none-eabi/lib/thumb/v7-m\libc_nano.a(lib_a-memset.o)
                0x00000000080035a0                memset
 .text.sprintf  0x00000000080035b0       0x40 d:/data/cubeide/ide/stm32cubeide_1.0.2/stm32cubeide/plugins/com.st.stm32cube.ide.mcu.externaltools.gnu-tools-for-stm32.7-2018-q2-update.win32_1.0.0.201904181610/tools/bin/../lib/gcc/arm-none-eabi/7.3.1/../../../../arm-none-eabi/lib/thumb/v7-m\libc_nano.a(lib_a-sprintf.o)
                0x00000000080035b0                siprintf
                0x00000000080035b0                sprintf
 .text.__ssputs_r
                0x00000000080035f0       0xb4 d:/data/cubeide/ide/stm32cubeide_1.0.2/stm32cubeide/plugins/com.st.stm32cube.ide.mcu.externaltools.gnu-tools-for-stm32.7-2018-q2-update.win32_1.0.0.201904181610/tools/bin/../lib/gcc/arm-none-eabi/7.3.1/../../../../arm-none-eabi/lib/thumb/v7-m\libc_nano.a(lib_a-nano-svfprintf.o)
                0x00000000080035f0                __ssputs_r
 .text._svfprintf_r
                0x00000000080036a4      0x1f0 d:/data/cubeide/ide/stm32cubeide_1.0.2/stm32cubeide/plugins/com.st.stm32cube.ide.mcu.externaltools.gnu-tools-for-stm32.7-2018-q2-update.win32_1.0.0.201904181610/tools/bin/../lib/gcc/arm-none-eabi/7.3.1/../../../../arm-none-eabi/lib/thumb/v7-m\libc_nano.a(lib_a-nano-svfprintf.o)
                0x00000000080036a4                _svfiprintf_r
                0x00000000080036a4                _svfprintf_r
 .text._printf_common
                0x0000000008003894       0xec d:/data/cubeide/ide/stm32cubeide_1.0.2/stm32cubeide/plugins/com.st.stm32cube.ide.mcu.externaltools.gnu-tools-for-stm32.7-2018-q2-update.win32_1.0.0.201904181610/tools/bin/../lib/gcc/arm-none-eabi/7.3.1/../../../../arm-none-eabi/lib/thumb/v7-m\libc_nano.a(lib_a-nano-vfprintf_i.o)
                0x0000000008003894                _printf_common
 .text._printf_i
                0x0000000008003980      0x224 d:/data/cubeide/ide/stm32cubeide_1.0.2/stm32cubeide/plugins/com.st.stm32cube.ide.mcu.externaltools.gnu-tools-for-stm32.7-2018-q2-update.win32_1.0.0.201904181610/tools/bin/../lib/gcc/arm-none-eabi/7.3.1/../../../../arm-none-eabi/lib/thumb/v7-m\libc_nano.a(lib_a-nano-vfprintf_i.o)
                0x0000000008003980                _printf_i
 .text.memchr   0x0000000008003ba4       0x1c d:/data/cubeide/ide/stm32cubeide_1.0.2/stm32cubeide/plugins/com.st.stm32cube.ide.mcu.externaltools.gnu-tools-for-stm32.7-2018-q2-update.win32_1.0.0.201904181610/tools/bin/../lib/gcc/arm-none-eabi/7.3.1/../../../../arm-none-eabi/lib/thumb/v7-m\libc_nano.a(lib_a-memchr-stub.o)
                0x0000000008003ba4                memchr
 .text.memcpy   0x0000000008003bc0       0x16 d:/data/cubeide/ide/stm32cubeide_1.0.2/stm32cubeide/plugins/com.st.stm32cube.ide.mcu.externaltools.gnu-tools-for-stm32.7-2018-q2-update.win32_1.0.0.201904181610/tools/bin/../lib/gcc/arm-none-eabi/7.3.1/../../../../arm-none-eabi/lib/thumb/v7-m\libc_nano.a(lib_a-memcpy-stub.o)
                0x0000000008003bc0                memcpy
 .text.memmove  0x0000000008003bd6       0x32 d:/data/cubeide/ide/stm32cubeide_1.0.2/stm32cubeide/plugins/com.st.stm32cube.ide.mcu.externaltools.gnu-tools-for-stm32.7-2018-q2-update.win32_1.0.0.201904181610/tools/bin/../lib/gcc/arm-none-eabi/7.3.1/../../../../arm-none-eabi/lib/thumb/v7-m\libc_nano.a(lib_a-memmove.o)
                0x0000000008003bd6                memmove
 .text._free_r  0x0000000008003c08       0x98 d:/data/cubeide/ide/stm32cubeide_1.0.2/stm32cubeide/plugins/com.st.stm32cube.ide.mcu.externaltools.gnu-tools-for-stm32.7-2018-q2-update.win32_1.0.0.201904181610/tools/bin/../lib/gcc/arm-none-eabi/7.3.1/../../../../arm-none-eabi/lib/thumb/v7-m\libc_nano.a(lib_a-nano-freer.o)
                0x0000000008003c08                _free_r
 .text._malloc_r
                0x0000000008003ca0       0xb4 d:/data/cubeide/ide/stm32cubeide_1.0.2/stm32cubeide/plugins/com.st.stm32cube.ide.mcu.externaltools.gnu-tools-for-stm32.7-2018-q2-update.win32_1.0.0.201904181610/tools/bin/../lib/gcc/arm-none-eabi/7.3.1/../../../../arm-none-eabi/lib/thumb/v7-m\libc_nano.a(lib_a-nano-mallocr.o)
                0x0000000008003ca0                _malloc_r
 .text._realloc_r
                0x0000000008003d54       0x4c d:/data/cubeide/ide/stm32cubeide_1.0.2/stm32cubeide/plugins/com.st.stm32cube.ide.mcu.externaltools.gnu-tools-for-stm32.7-2018-q2-update.win32_1.0.0.201904181610/tools/bin/../lib/gcc/arm-none-eabi/7.3.1/../../../../arm-none-eabi/lib/thumb/v7-m\libc_nano.a(lib_a-nano-reallocr.o)
                0x0000000008003d54                _realloc_r
 .text._sbrk_r  0x0000000008003da0       0x20 d:/data/cubeide/ide/stm32cubeide_1.0.2/stm32cubeide/plugins/com.st.stm32cube.ide.mcu.externaltools.gnu-tools-for-stm32.7-2018-q2-update.win32_1.0.0.201904181610/tools/bin/../lib/gcc/arm-none-eabi/7.3.1/../../../../arm-none-eabi/lib/thumb/v7-m\libc_nano.a(lib_a-sbrkr.o)
                0x0000000008003da0                _sbrk_r
 .text.__malloc_lock
                0x0000000008003dc0        0x2 d:/data/cubeide/ide/stm32cubeide_1.0.2/stm32cubeide/plugins/com.st.stm32cube.ide.mcu.externaltools.gnu-tools-for-stm32.7-2018-q2-update.win32_1.0.0.201904181610/tools/bin/../lib/gcc/arm-none-eabi/7.3.1/../../../../arm-none-eabi/lib/thumb/v7-m\libc_nano.a(lib_a-mlock.o)
                0x0000000008003dc0                __malloc_lock
 .text.__malloc_unlock
                0x0000000008003dc2        0x2 d:/data/cubeide/ide/stm32cubeide_1.0.2/stm32cubeide/plugins/com.st.stm32cube.ide.mcu.externaltools.gnu-tools-for-stm32.7-2018-q2-update.win32_1.0.0.201904181610/tools/bin/../lib/gcc/arm-none-eabi/7.3.1/../../../../arm-none-eabi/lib/thumb/v7-m\libc_nano.a(lib_a-mlock.o)
                0x0000000008003dc2                __malloc_unlock
 .text._malloc_usable_size_r
                0x0000000008003dc4       0x10 d:/data/cubeide/ide/stm32cubeide_1.0.2/stm32cubeide/plugins/com.st.stm32cube.ide.mcu.externaltools.gnu-tools-for-stm32.7-2018-q2-update.win32_1.0.0.201904181610/tools/bin/../lib/gcc/arm-none-eabi/7.3.1/../../../../arm-none-eabi/lib/thumb/v7-m\libc_nano.a(lib_a-nano-msizer.o)
                0x0000000008003dc4                _malloc_usable_size_r
 *(.glue_7)
 .glue_7        0x0000000008003dd4        0x0 linker stubs
 *(.glue_7t)
 .glue_7t       0x0000000008003dd4        0x0 linker stubs
 *(.eh_frame)
 .eh_frame      0x0000000008003dd4        0x0 d:/data/cubeide/ide/stm32cubeide_1.0.2/stm32cubeide/plugins/com.st.stm32cube.ide.mcu.externaltools.gnu-tools-for-stm32.7-2018-q2-update.win32_1.0.0.201904181610/tools/bin/../lib/gcc/arm-none-eabi/7.3.1/thumb/v7-m/crtbegin.o
 *(.init)
 .init          0x0000000008003dd4        0x4 d:/data/cubeide/ide/stm32cubeide_1.0.2/stm32cubeide/plugins/com.st.stm32cube.ide.mcu.externaltools.gnu-tools-for-stm32.7-2018-q2-update.win32_1.0.0.201904181610/tools/bin/../lib/gcc/arm-none-eabi/7.3.1/thumb/v7-m/crti.o
                0x0000000008003dd4                _init
 .init          0x0000000008003dd8        0x8 d:/data/cubeide/ide/stm32cubeide_1.0.2/stm32cubeide/plugins/com.st.stm32cube.ide.mcu.externaltools.gnu-tools-for-stm32.7-2018-q2-update.win32_1.0.0.201904181610/tools/bin/../lib/gcc/arm-none-eabi/7.3.1/thumb/v7-m/crtn.o
 *(.fini)
 .fini          0x0000000008003de0        0x4 d:/data/cubeide/ide/stm32cubeide_1.0.2/stm32cubeide/plugins/com.st.stm32cube.ide.mcu.externaltools.gnu-tools-for-stm32.7-2018-q2-update.win32_1.0.0.201904181610/tools/bin/../lib/gcc/arm-none-eabi/7.3.1/thumb/v7-m/crti.o
                0x0000000008003de0                _fini
 .fini          0x0000000008003de4        0x8 d:/data/cubeide/ide/stm32cubeide_1.0.2/stm32cubeide/plugins/com.st.stm32cube.ide.mcu.externaltools.gnu-tools-for-stm32.7-2018-q2-update.win32_1.0.0.201904181610/tools/bin/../lib/gcc/arm-none-eabi/7.3.1/thumb/v7-m/crtn.o
                0x0000000008003dec                . = ALIGN (0x4)
                0x0000000008003dec                _etext = .

.vfp11_veneer   0x0000000008003dec        0x0
 .vfp11_veneer  0x0000000008003dec        0x0 linker stubs

.v4_bx          0x0000000008003dec        0x0
 .v4_bx         0x0000000008003dec        0x0 linker stubs

.iplt           0x0000000008003dec        0x0
 .iplt          0x0000000008003dec        0x0 d:/data/cubeide/ide/stm32cubeide_1.0.2/stm32cubeide/plugins/com.st.stm32cube.ide.mcu.externaltools.gnu-tools-for-stm32.7-2018-q2-update.win32_1.0.0.201904181610/tools/bin/../lib/gcc/arm-none-eabi/7.3.1/thumb/v7-m/crtbegin.o

.rodata         0x0000000008003dec       0xbc
                0x0000000008003dec                . = ALIGN (0x4)
 *(.rodata)
 .rodata        0x0000000008003dec       0x12 Drivers/STM32F1xx_HAL_Driver/Src/stm32f1xx_hal_rcc.o
 *fill*         0x0000000008003dfe        0x2 
 .rodata        0x0000000008003e00       0x23 Src/Counterku.o
 *fill*         0x0000000008003e23        0x1 
 .rodata        0x0000000008003e24        0x3 Src/LCDku.o
 *fill*         0x0000000008003e27        0x1 
 .rodata        0x0000000008003e28        0x2 Src/SCHtimeku.o
 *fill*         0x0000000008003e2a        0x2 
 .rodata        0x0000000008003e2c       0x2f Src/Sensorku.o
 *(.rodata*)
 *fill*         0x0000000008003e5b        0x1 
 .rodata.AHBPrescTable
                0x0000000008003e5c       0x10 Src/system_stm32f1xx.o
                0x0000000008003e5c                AHBPrescTable
 .rodata.APBPrescTable
                0x0000000008003e6c        0x8 Src/system_stm32f1xx.o
                0x0000000008003e6c                APBPrescTable
 .rodata._svfprintf_r.str1.1
                0x0000000008003e74       0x11 d:/data/cubeide/ide/stm32cubeide_1.0.2/stm32cubeide/plugins/com.st.stm32cube.ide.mcu.externaltools.gnu-tools-for-stm32.7-2018-q2-update.win32_1.0.0.201904181610/tools/bin/../lib/gcc/arm-none-eabi/7.3.1/../../../../arm-none-eabi/lib/thumb/v7-m\libc_nano.a(lib_a-nano-svfprintf.o)
 .rodata._printf_i.str1.1
                0x0000000008003e85       0x22 d:/data/cubeide/ide/stm32cubeide_1.0.2/stm32cubeide/plugins/com.st.stm32cube.ide.mcu.externaltools.gnu-tools-for-stm32.7-2018-q2-update.win32_1.0.0.201904181610/tools/bin/../lib/gcc/arm-none-eabi/7.3.1/../../../../arm-none-eabi/lib/thumb/v7-m\libc_nano.a(lib_a-nano-vfprintf_i.o)
                0x0000000008003ea8                . = ALIGN (0x4)
 *fill*         0x0000000008003ea7        0x1 

.rel.dyn        0x0000000008003ea8        0x0
 .rel.iplt      0x0000000008003ea8        0x0 d:/data/cubeide/ide/stm32cubeide_1.0.2/stm32cubeide/plugins/com.st.stm32cube.ide.mcu.externaltools.gnu-tools-for-stm32.7-2018-q2-update.win32_1.0.0.201904181610/tools/bin/../lib/gcc/arm-none-eabi/7.3.1/thumb/v7-m/crtbegin.o

.ARM.extab      0x0000000008003ea8        0x0
                0x0000000008003ea8                . = ALIGN (0x4)
 *(.ARM.extab* .gnu.linkonce.armextab.*)
                0x0000000008003ea8                . = ALIGN (0x4)

.ARM            0x0000000008003ea8        0x0
                0x0000000008003ea8                . = ALIGN (0x4)
                0x0000000008003ea8                __exidx_start = .
 *(.ARM.exidx*)
                0x0000000008003ea8                __exidx_end = .
                0x0000000008003ea8                . = ALIGN (0x4)

.preinit_array  0x0000000008003ea8        0x0
                0x0000000008003ea8                . = ALIGN (0x4)
                0x0000000008003ea8                PROVIDE (__preinit_array_start = .)
 *(.preinit_array*)
                0x0000000008003ea8                PROVIDE (__preinit_array_end = .)
                0x0000000008003ea8                . = ALIGN (0x4)

.init_array     0x0000000008003ea8        0x4
                0x0000000008003ea8                . = ALIGN (0x4)
                0x0000000008003ea8                PROVIDE (__init_array_start = .)
 *(SORT_BY_NAME(.init_array.*))
 *(.init_array*)
 .init_array    0x0000000008003ea8        0x4 d:/data/cubeide/ide/stm32cubeide_1.0.2/stm32cubeide/plugins/com.st.stm32cube.ide.mcu.externaltools.gnu-tools-for-stm32.7-2018-q2-update.win32_1.0.0.201904181610/tools/bin/../lib/gcc/arm-none-eabi/7.3.1/thumb/v7-m/crtbegin.o
                0x0000000008003eac                PROVIDE (__init_array_end = .)
                0x0000000008003eac                . = ALIGN (0x4)

.fini_array     0x0000000008003eac        0x4
                0x0000000008003eac                . = ALIGN (0x4)
                [!provide]                        PROVIDE (__fini_array_start = .)
 *(SORT_BY_NAME(.fini_array.*))
 *(.fini_array*)
 .fini_array    0x0000000008003eac        0x4 d:/data/cubeide/ide/stm32cubeide_1.0.2/stm32cubeide/plugins/com.st.stm32cube.ide.mcu.externaltools.gnu-tools-for-stm32.7-2018-q2-update.win32_1.0.0.201904181610/tools/bin/../lib/gcc/arm-none-eabi/7.3.1/thumb/v7-m/crtbegin.o
                [!provide]                        PROVIDE (__fini_array_end = .)
                0x0000000008003eb0                . = ALIGN (0x4)
                0x0000000008003eb0                _sidata = LOADADDR (.data)

.data           0x0000000020000000       0x78 load address 0x0000000008003eb0
                0x0000000020000000                . = ALIGN (0x4)
                0x0000000020000000                _sdata = .
 *(.data)
 *(.data*)
 .data.uwTickPrio
                0x0000000020000000        0x4 Drivers/STM32F1xx_HAL_Driver/Src/stm32f1xx_hal.o
                0x0000000020000000                uwTickPrio
 .data.uwTickFreq
                0x0000000020000004        0x1 Drivers/STM32F1xx_HAL_Driver/Src/stm32f1xx_hal.o
                0x0000000020000004                uwTickFreq
 *fill*         0x0000000020000005        0x3 
 .data.timeout_Value
                0x0000000020000008        0x8 Src/Sensorku.o
                0x0000000020000008                timeout_Value
 .data.SystemCoreClock
                0x0000000020000010        0x4 Src/system_stm32f1xx.o
                0x0000000020000010                SystemCoreClock
 .data._impure_ptr
                0x0000000020000014        0x4 d:/data/cubeide/ide/stm32cubeide_1.0.2/stm32cubeide/plugins/com.st.stm32cube.ide.mcu.externaltools.gnu-tools-for-stm32.7-2018-q2-update.win32_1.0.0.201904181610/tools/bin/../lib/gcc/arm-none-eabi/7.3.1/../../../../arm-none-eabi/lib/thumb/v7-m\libc_nano.a(lib_a-impure.o)
                0x0000000020000014                _impure_ptr
 .data.impure_data
                0x0000000020000018       0x60 d:/data/cubeide/ide/stm32cubeide_1.0.2/stm32cubeide/plugins/com.st.stm32cube.ide.mcu.externaltools.gnu-tools-for-stm32.7-2018-q2-update.win32_1.0.0.201904181610/tools/bin/../lib/gcc/arm-none-eabi/7.3.1/../../../../arm-none-eabi/lib/thumb/v7-m\libc_nano.a(lib_a-impure.o)
                0x0000000020000078                . = ALIGN (0x4)
                0x0000000020000078                _edata = .

.igot.plt       0x0000000020000078        0x0 load address 0x0000000008003f28
 .igot.plt      0x0000000020000078        0x0 d:/data/cubeide/ide/stm32cubeide_1.0.2/stm32cubeide/plugins/com.st.stm32cube.ide.mcu.externaltools.gnu-tools-for-stm32.7-2018-q2-update.win32_1.0.0.201904181610/tools/bin/../lib/gcc/arm-none-eabi/7.3.1/thumb/v7-m/crtbegin.o
                0x0000000020000078                . = ALIGN (0x4)

.bss            0x0000000020000078      0x19c load address 0x0000000008003f28
                0x0000000020000078                _sbss = .
                0x0000000020000078                __bss_start__ = _sbss
 *(.bss)
 .bss           0x0000000020000078       0x1c d:/data/cubeide/ide/stm32cubeide_1.0.2/stm32cubeide/plugins/com.st.stm32cube.ide.mcu.externaltools.gnu-tools-for-stm32.7-2018-q2-update.win32_1.0.0.201904181610/tools/bin/../lib/gcc/arm-none-eabi/7.3.1/thumb/v7-m/crtbegin.o
 *(.bss*)
 .bss.counting_One
                0x0000000020000094        0x1 Src/Counterku.o
                0x0000000020000094                counting_One
 .bss.counting_Two
                0x0000000020000095        0x1 Src/Counterku.o
                0x0000000020000095                counting_Two
 .bss.counting_Three
                0x0000000020000096        0x1 Src/Counterku.o
                0x0000000020000096                counting_Three
 *fill*         0x0000000020000097        0x1 
 .bss.time_sens1_milis
                0x0000000020000098        0x4 Src/Counterku.o
                0x0000000020000098                time_sens1_milis
 .bss.time_sens1_sec
                0x000000002000009c        0x4 Src/Counterku.o
                0x000000002000009c                time_sens1_sec
 .bss.time_sens1_minute
                0x00000000200000a0        0x4 Src/Counterku.o
                0x00000000200000a0                time_sens1_minute
 .bss.time_sens2_milis
                0x00000000200000a4        0x4 Src/Counterku.o
                0x00000000200000a4                time_sens2_milis
 .bss.time_sens2_sec
                0x00000000200000a8        0x4 Src/Counterku.o
                0x00000000200000a8                time_sens2_sec
 .bss.time_sens2_minute
                0x00000000200000ac        0x4 Src/Counterku.o
                0x00000000200000ac                time_sens2_minute
 .bss.time_sens3_milis
                0x00000000200000b0        0x4 Src/Counterku.o
                0x00000000200000b0                time_sens3_milis
 .bss.time_sens3_sec
                0x00000000200000b4        0x4 Src/Counterku.o
                0x00000000200000b4                time_sens3_sec
 .bss.time_sens3_minute
                0x00000000200000b8        0x4 Src/Counterku.o
                0x00000000200000b8                time_sens3_minute
 *fill*         0x00000000200000bc        0x4 
 .bss.start_sens1
                0x00000000200000c0        0x8 Src/Counterku.o
                0x00000000200000c0                start_sens1
 .bss.start_sens2
                0x00000000200000c8        0x8 Src/Counterku.o
                0x00000000200000c8                start_sens2
 .bss.start_sens3
                0x00000000200000d0        0x8 Src/Counterku.o
                0x00000000200000d0                start_sens3
 .bss.finish_sens1
                0x00000000200000d8        0x8 Src/Counterku.o
                0x00000000200000d8                finish_sens1
 .bss.finish_sens2
                0x00000000200000e0        0x8 Src/Counterku.o
                0x00000000200000e0                finish_sens2
 .bss.finish_sens3
                0x00000000200000e8        0x8 Src/Counterku.o
                0x00000000200000e8                finish_sens3
 .bss.timeout_Loop
                0x00000000200000f0        0x8 Src/Sensorku.o
                0x00000000200000f0                timeout_Loop
 .bss.heap_end.5149
                0x00000000200000f8        0x4 Src/sysmem.o
 .bss.__malloc_free_list
                0x00000000200000fc        0x4 d:/data/cubeide/ide/stm32cubeide_1.0.2/stm32cubeide/plugins/com.st.stm32cube.ide.mcu.externaltools.gnu-tools-for-stm32.7-2018-q2-update.win32_1.0.0.201904181610/tools/bin/../lib/gcc/arm-none-eabi/7.3.1/../../../../arm-none-eabi/lib/thumb/v7-m\libc_nano.a(lib_a-nano-mallocr.o)
                0x00000000200000fc                __malloc_free_list
 .bss.__malloc_sbrk_start
                0x0000000020000100        0x4 d:/data/cubeide/ide/stm32cubeide_1.0.2/stm32cubeide/plugins/com.st.stm32cube.ide.mcu.externaltools.gnu-tools-for-stm32.7-2018-q2-update.win32_1.0.0.201904181610/tools/bin/../lib/gcc/arm-none-eabi/7.3.1/../../../../arm-none-eabi/lib/thumb/v7-m\libc_nano.a(lib_a-nano-mallocr.o)
                0x0000000020000100                __malloc_sbrk_start
 *(COMMON)
 COMMON         0x0000000020000104        0x4 Drivers/STM32F1xx_HAL_Driver/Src/stm32f1xx_hal.o
                0x0000000020000104                uwTick
 COMMON         0x0000000020000108      0x108 Src/Counterku.o
                0x0000000020000108                time_milisec
                0x000000002000010c                milisec_sens1
                0x0000000020000110                elapse_time_sens2
                0x0000000020000118                elapse_time_sens1
                0x0000000020000120                milisec_sens3
                0x0000000020000122                milisec
                0x0000000020000124                hadc1
                0x0000000020000154                hdma_adc1
                0x0000000020000198                elapse_time_sens3
                0x00000000200001a0                sec_sens1
                0x00000000200001a2                min
                0x00000000200001a3                sec
                0x00000000200001a8                counter_stop
                0x00000000200001b0                sec_sens3
                0x00000000200001b4                huart2
                0x00000000200001f4                milisec_sens2
                0x00000000200001f8                time_sec
                0x00000000200001fc                sec_sens2
                0x0000000020000200                time_minute
                0x0000000020000204                value
 COMMON         0x0000000020000210        0x4 d:/data/cubeide/ide/stm32cubeide_1.0.2/stm32cubeide/plugins/com.st.stm32cube.ide.mcu.externaltools.gnu-tools-for-stm32.7-2018-q2-update.win32_1.0.0.201904181610/tools/bin/../lib/gcc/arm-none-eabi/7.3.1/../../../../arm-none-eabi/lib/thumb/v7-m\libc_nano.a(lib_a-reent.o)
                0x0000000020000210                errno
                0x0000000020000214                . = ALIGN (0x4)
                0x0000000020000214                _ebss = .
                0x0000000020000214                __bss_end__ = _ebss

._user_heap_stack
                0x0000000020000214      0x604 load address 0x0000000008003f28
                0x0000000020000218                . = ALIGN (0x8)
 *fill*         0x0000000020000214        0x4 
                0x0000000020000218                PROVIDE (end = .)
                [!provide]                        PROVIDE (_end = .)
                0x0000000020000418                . = (. + _Min_Heap_Size)
 *fill*         0x0000000020000218      0x200 
                0x0000000020000818                . = (. + _Min_Stack_Size)
 *fill*         0x0000000020000418      0x400 
                0x0000000020000818                . = ALIGN (0x8)

/DISCARD/
 libc.a(*)
 libm.a(*)
 libgcc.a(*)

.ARM.attributes
                0x0000000000000000       0x29
 *(.ARM.attributes)
 .ARM.attributes
                0x0000000000000000       0x1d d:/data/cubeide/ide/stm32cubeide_1.0.2/stm32cubeide/plugins/com.st.stm32cube.ide.mcu.externaltools.gnu-tools-for-stm32.7-2018-q2-update.win32_1.0.0.201904181610/tools/bin/../lib/gcc/arm-none-eabi/7.3.1/thumb/v7-m/crti.o
 .ARM.attributes
                0x000000000000001d       0x2d d:/data/cubeide/ide/stm32cubeide_1.0.2/stm32cubeide/plugins/com.st.stm32cube.ide.mcu.externaltools.gnu-tools-for-stm32.7-2018-q2-update.win32_1.0.0.201904181610/tools/bin/../lib/gcc/arm-none-eabi/7.3.1/thumb/v7-m/crtbegin.o
 .ARM.attributes
                0x000000000000004a       0x33 Drivers/STM32F1xx_HAL_Driver/Src/stm32f1xx_hal.o
 .ARM.attributes
                0x000000000000007d       0x33 Drivers/STM32F1xx_HAL_Driver/Src/stm32f1xx_hal_adc.o
 .ARM.attributes
                0x00000000000000b0       0x33 Drivers/STM32F1xx_HAL_Driver/Src/stm32f1xx_hal_adc_ex.o
 .ARM.attributes
                0x00000000000000e3       0x33 Drivers/STM32F1xx_HAL_Driver/Src/stm32f1xx_hal_cortex.o
 .ARM.attributes
                0x0000000000000116       0x33 Drivers/STM32F1xx_HAL_Driver/Src/stm32f1xx_hal_dma.o
 .ARM.attributes
                0x0000000000000149       0x33 Drivers/STM32F1xx_HAL_Driver/Src/stm32f1xx_hal_gpio.o
 .ARM.attributes
                0x000000000000017c       0x33 Drivers/STM32F1xx_HAL_Driver/Src/stm32f1xx_hal_rcc.o
 .ARM.attributes
                0x00000000000001af       0x33 Drivers/STM32F1xx_HAL_Driver/Src/stm32f1xx_hal_rcc_ex.o
 .ARM.attributes
                0x00000000000001e2       0x33 Drivers/STM32F1xx_HAL_Driver/Src/stm32f1xx_hal_uart.o
 .ARM.attributes
                0x0000000000000215       0x33 Src/Counterku.o
 .ARM.attributes
                0x0000000000000248       0x33 Src/HardwareInitku.o
 .ARM.attributes
                0x000000000000027b       0x33 Src/LCDku.o
 .ARM.attributes
                0x00000000000002ae       0x33 Src/SCHtimeku.o
 .ARM.attributes
                0x00000000000002e1       0x33 Src/Sensorku.o
 .ARM.attributes
                0x0000000000000314       0x33 Src/main.o
 .ARM.attributes
                0x0000000000000347       0x33 Src/stm32f1xx_hal_msp.o
 .ARM.attributes
                0x000000000000037a       0x33 Src/stm32f1xx_it.o
 .ARM.attributes
                0x00000000000003ad       0x33 Src/sysmem.o
 .ARM.attributes
                0x00000000000003e0       0x33 Src/system_stm32f1xx.o
 .ARM.attributes
                0x0000000000000413       0x21 Startup/startup_stm32f103c8tx.o
 .ARM.attributes
                0x0000000000000434       0x2d d:/data/cubeide/ide/stm32cubeide_1.0.2/stm32cubeide/plugins/com.st.stm32cube.ide.mcu.externaltools.gnu-tools-for-stm32.7-2018-q2-update.win32_1.0.0.201904181610/tools/bin/../lib/gcc/arm-none-eabi/7.3.1/../../../../arm-none-eabi/lib/thumb/v7-m\libc_nano.a(lib_a-errno.o)
 .ARM.attributes
                0x0000000000000461       0x2d d:/data/cubeide/ide/stm32cubeide_1.0.2/stm32cubeide/plugins/com.st.stm32cube.ide.mcu.externaltools.gnu-tools-for-stm32.7-2018-q2-update.win32_1.0.0.201904181610/tools/bin/../lib/gcc/arm-none-eabi/7.3.1/../../../../arm-none-eabi/lib/thumb/v7-m\libc_nano.a(lib_a-impure.o)
 .ARM.attributes
                0x000000000000048e       0x2d d:/data/cubeide/ide/stm32cubeide_1.0.2/stm32cubeide/plugins/com.st.stm32cube.ide.mcu.externaltools.gnu-tools-for-stm32.7-2018-q2-update.win32_1.0.0.201904181610/tools/bin/../lib/gcc/arm-none-eabi/7.3.1/../../../../arm-none-eabi/lib/thumb/v7-m\libc_nano.a(lib_a-init.o)
 .ARM.attributes
                0x00000000000004bb       0x2d d:/data/cubeide/ide/stm32cubeide_1.0.2/stm32cubeide/plugins/com.st.stm32cube.ide.mcu.externaltools.gnu-tools-for-stm32.7-2018-q2-update.win32_1.0.0.201904181610/tools/bin/../lib/gcc/arm-none-eabi/7.3.1/../../../../arm-none-eabi/lib/thumb/v7-m\libc_nano.a(lib_a-memset.o)
 .ARM.attributes
                0x00000000000004e8       0x2d d:/data/cubeide/ide/stm32cubeide_1.0.2/stm32cubeide/plugins/com.st.stm32cube.ide.mcu.externaltools.gnu-tools-for-stm32.7-2018-q2-update.win32_1.0.0.201904181610/tools/bin/../lib/gcc/arm-none-eabi/7.3.1/../../../../arm-none-eabi/lib/thumb/v7-m\libc_nano.a(lib_a-sprintf.o)
 .ARM.attributes
                0x0000000000000515       0x2d d:/data/cubeide/ide/stm32cubeide_1.0.2/stm32cubeide/plugins/com.st.stm32cube.ide.mcu.externaltools.gnu-tools-for-stm32.7-2018-q2-update.win32_1.0.0.201904181610/tools/bin/../lib/gcc/arm-none-eabi/7.3.1/../../../../arm-none-eabi/lib/thumb/v7-m\libc_nano.a(lib_a-nano-svfprintf.o)
 .ARM.attributes
                0x0000000000000542       0x2d d:/data/cubeide/ide/stm32cubeide_1.0.2/stm32cubeide/plugins/com.st.stm32cube.ide.mcu.externaltools.gnu-tools-for-stm32.7-2018-q2-update.win32_1.0.0.201904181610/tools/bin/../lib/gcc/arm-none-eabi/7.3.1/../../../../arm-none-eabi/lib/thumb/v7-m\libc_nano.a(lib_a-nano-vfprintf_i.o)
 .ARM.attributes
                0x000000000000056f       0x2d d:/data/cubeide/ide/stm32cubeide_1.0.2/stm32cubeide/plugins/com.st.stm32cube.ide.mcu.externaltools.gnu-tools-for-stm32.7-2018-q2-update.win32_1.0.0.201904181610/tools/bin/../lib/gcc/arm-none-eabi/7.3.1/../../../../arm-none-eabi/lib/thumb/v7-m\libc_nano.a(lib_a-memchr-stub.o)
 .ARM.attributes
                0x000000000000059c       0x2d d:/data/cubeide/ide/stm32cubeide_1.0.2/stm32cubeide/plugins/com.st.stm32cube.ide.mcu.externaltools.gnu-tools-for-stm32.7-2018-q2-update.win32_1.0.0.201904181610/tools/bin/../lib/gcc/arm-none-eabi/7.3.1/../../../../arm-none-eabi/lib/thumb/v7-m\libc_nano.a(lib_a-memcpy-stub.o)
 .ARM.attributes
                0x00000000000005c9       0x2d d:/data/cubeide/ide/stm32cubeide_1.0.2/stm32cubeide/plugins/com.st.stm32cube.ide.mcu.externaltools.gnu-tools-for-stm32.7-2018-q2-update.win32_1.0.0.201904181610/tools/bin/../lib/gcc/arm-none-eabi/7.3.1/../../../../arm-none-eabi/lib/thumb/v7-m\libc_nano.a(lib_a-memmove.o)
 .ARM.attributes
                0x00000000000005f6       0x2d d:/data/cubeide/ide/stm32cubeide_1.0.2/stm32cubeide/plugins/com.st.stm32cube.ide.mcu.externaltools.gnu-tools-for-stm32.7-2018-q2-update.win32_1.0.0.201904181610/tools/bin/../lib/gcc/arm-none-eabi/7.3.1/../../../../arm-none-eabi/lib/thumb/v7-m\libc_nano.a(lib_a-nano-freer.o)
 .ARM.attributes
                0x0000000000000623       0x2d d:/data/cubeide/ide/stm32cubeide_1.0.2/stm32cubeide/plugins/com.st.stm32cube.ide.mcu.externaltools.gnu-tools-for-stm32.7-2018-q2-update.win32_1.0.0.201904181610/tools/bin/../lib/gcc/arm-none-eabi/7.3.1/../../../../arm-none-eabi/lib/thumb/v7-m\libc_nano.a(lib_a-nano-mallocr.o)
 .ARM.attributes
                0x0000000000000650       0x2d d:/data/cubeide/ide/stm32cubeide_1.0.2/stm32cubeide/plugins/com.st.stm32cube.ide.mcu.externaltools.gnu-tools-for-stm32.7-2018-q2-update.win32_1.0.0.201904181610/tools/bin/../lib/gcc/arm-none-eabi/7.3.1/../../../../arm-none-eabi/lib/thumb/v7-m\libc_nano.a(lib_a-nano-reallocr.o)
 .ARM.attributes
                0x000000000000067d       0x2d d:/data/cubeide/ide/stm32cubeide_1.0.2/stm32cubeide/plugins/com.st.stm32cube.ide.mcu.externaltools.gnu-tools-for-stm32.7-2018-q2-update.win32_1.0.0.201904181610/tools/bin/../lib/gcc/arm-none-eabi/7.3.1/../../../../arm-none-eabi/lib/thumb/v7-m\libc_nano.a(lib_a-sbrkr.o)
 .ARM.attributes
                0x00000000000006aa       0x2d d:/data/cubeide/ide/stm32cubeide_1.0.2/stm32cubeide/plugins/com.st.stm32cube.ide.mcu.externaltools.gnu-tools-for-stm32.7-2018-q2-update.win32_1.0.0.201904181610/tools/bin/../lib/gcc/arm-none-eabi/7.3.1/../../../../arm-none-eabi/lib/thumb/v7-m\libc_nano.a(lib_a-mlock.o)
 .ARM.attributes
                0x00000000000006d7       0x2d d:/data/cubeide/ide/stm32cubeide_1.0.2/stm32cubeide/plugins/com.st.stm32cube.ide.mcu.externaltools.gnu-tools-for-stm32.7-2018-q2-update.win32_1.0.0.201904181610/tools/bin/../lib/gcc/arm-none-eabi/7.3.1/../../../../arm-none-eabi/lib/thumb/v7-m\libc_nano.a(lib_a-nano-msizer.o)
 .ARM.attributes
                0x0000000000000704       0x2d d:/data/cubeide/ide/stm32cubeide_1.0.2/stm32cubeide/plugins/com.st.stm32cube.ide.mcu.externaltools.gnu-tools-for-stm32.7-2018-q2-update.win32_1.0.0.201904181610/tools/bin/../lib/gcc/arm-none-eabi/7.3.1/../../../../arm-none-eabi/lib/thumb/v7-m\libc_nano.a(lib_a-reent.o)
 .ARM.attributes
                0x0000000000000731       0x1d d:/data/cubeide/ide/stm32cubeide_1.0.2/stm32cubeide/plugins/com.st.stm32cube.ide.mcu.externaltools.gnu-tools-for-stm32.7-2018-q2-update.win32_1.0.0.201904181610/tools/bin/../lib/gcc/arm-none-eabi/7.3.1/thumb/v7-m/crtn.o
OUTPUT(UTS_TamiyaCounter.elf elf32-littlearm)

.debug_info     0x0000000000000000     0xc9f4
 .debug_info    0x0000000000000000      0x6fe Drivers/STM32F1xx_HAL_Driver/Src/stm32f1xx_hal.o
 .debug_info    0x00000000000006fe      0xc61 Drivers/STM32F1xx_HAL_Driver/Src/stm32f1xx_hal_adc.o
 .debug_info    0x000000000000135f      0x9fb Drivers/STM32F1xx_HAL_Driver/Src/stm32f1xx_hal_adc_ex.o
 .debug_info    0x0000000000001d5a      0xb46 Drivers/STM32F1xx_HAL_Driver/Src/stm32f1xx_hal_cortex.o
 .debug_info    0x00000000000028a0      0x7a6 Drivers/STM32F1xx_HAL_Driver/Src/stm32f1xx_hal_dma.o
 .debug_info    0x0000000000003046      0x681 Drivers/STM32F1xx_HAL_Driver/Src/stm32f1xx_hal_gpio.o
 .debug_info    0x00000000000036c7      0x804 Drivers/STM32F1xx_HAL_Driver/Src/stm32f1xx_hal_rcc.o
 .debug_info    0x0000000000003ecb      0x439 Drivers/STM32F1xx_HAL_Driver/Src/stm32f1xx_hal_rcc_ex.o
 .debug_info    0x0000000000004304     0x11e3 Drivers/STM32F1xx_HAL_Driver/Src/stm32f1xx_hal_uart.o
 .debug_info    0x00000000000054e7      0xa84 Src/Counterku.o
 .debug_info    0x0000000000005f6b      0xd0c Src/HardwareInitku.o
 .debug_info    0x0000000000006c77     0x114f Src/LCDku.o
 .debug_info    0x0000000000007dc6      0xf26 Src/SCHtimeku.o
 .debug_info    0x0000000000008cec      0x973 Src/Sensorku.o
 .debug_info    0x000000000000965f     0x1114 Src/main.o
 .debug_info    0x000000000000a773      0xc23 Src/stm32f1xx_hal_msp.o
 .debug_info    0x000000000000b396      0x8ed Src/stm32f1xx_it.o
 .debug_info    0x000000000000bc83      0x91c Src/sysmem.o
 .debug_info    0x000000000000c59f      0x433 Src/system_stm32f1xx.o
 .debug_info    0x000000000000c9d2       0x22 Startup/startup_stm32f103c8tx.o

.debug_abbrev   0x0000000000000000     0x22e2
 .debug_abbrev  0x0000000000000000      0x1d8 Drivers/STM32F1xx_HAL_Driver/Src/stm32f1xx_hal.o
 .debug_abbrev  0x00000000000001d8      0x1d5 Drivers/STM32F1xx_HAL_Driver/Src/stm32f1xx_hal_adc.o
 .debug_abbrev  0x00000000000003ad      0x1f5 Drivers/STM32F1xx_HAL_Driver/Src/stm32f1xx_hal_adc_ex.o
 .debug_abbrev  0x00000000000005a2      0x2d5 Drivers/STM32F1xx_HAL_Driver/Src/stm32f1xx_hal_cortex.o
 .debug_abbrev  0x0000000000000877      0x1fe Drivers/STM32F1xx_HAL_Driver/Src/stm32f1xx_hal_dma.o
 .debug_abbrev  0x0000000000000a75      0x1c0 Drivers/STM32F1xx_HAL_Driver/Src/stm32f1xx_hal_gpio.o
 .debug_abbrev  0x0000000000000c35      0x243 Drivers/STM32F1xx_HAL_Driver/Src/stm32f1xx_hal_rcc.o
 .debug_abbrev  0x0000000000000e78      0x175 Drivers/STM32F1xx_HAL_Driver/Src/stm32f1xx_hal_rcc_ex.o
 .debug_abbrev  0x0000000000000fed      0x242 Drivers/STM32F1xx_HAL_Driver/Src/stm32f1xx_hal_uart.o
 .debug_abbrev  0x000000000000122f      0x17a Src/Counterku.o
 .debug_abbrev  0x00000000000013a9      0x1af Src/HardwareInitku.o
 .debug_abbrev  0x0000000000001558      0x212 Src/LCDku.o
 .debug_abbrev  0x000000000000176a      0x20e Src/SCHtimeku.o
 .debug_abbrev  0x0000000000001978      0x17c Src/Sensorku.o
 .debug_abbrev  0x0000000000001af4      0x1de Src/main.o
 .debug_abbrev  0x0000000000001cd2      0x195 Src/stm32f1xx_hal_msp.o
 .debug_abbrev  0x0000000000001e67      0x17a Src/stm32f1xx_it.o
 .debug_abbrev  0x0000000000001fe1      0x1bb Src/sysmem.o
 .debug_abbrev  0x000000000000219c      0x134 Src/system_stm32f1xx.o
 .debug_abbrev  0x00000000000022d0       0x12 Startup/startup_stm32f103c8tx.o

.debug_aranges  0x0000000000000000      0x980
 .debug_aranges
                0x0000000000000000       0xe0 Drivers/STM32F1xx_HAL_Driver/Src/stm32f1xx_hal.o
 .debug_aranges
                0x00000000000000e0       0xf0 Drivers/STM32F1xx_HAL_Driver/Src/stm32f1xx_hal_adc.o
 .debug_aranges
                0x00000000000001d0       0x80 Drivers/STM32F1xx_HAL_Driver/Src/stm32f1xx_hal_adc_ex.o
 .debug_aranges
                0x0000000000000250      0x100 Drivers/STM32F1xx_HAL_Driver/Src/stm32f1xx_hal_cortex.o
 .debug_aranges
                0x0000000000000350       0x80 Drivers/STM32F1xx_HAL_Driver/Src/stm32f1xx_hal_dma.o
 .debug_aranges
                0x00000000000003d0       0x58 Drivers/STM32F1xx_HAL_Driver/Src/stm32f1xx_hal_gpio.o
 .debug_aranges
                0x0000000000000428       0x90 Drivers/STM32F1xx_HAL_Driver/Src/stm32f1xx_hal_rcc.o
 .debug_aranges
                0x00000000000004b8       0x30 Drivers/STM32F1xx_HAL_Driver/Src/stm32f1xx_hal_rcc_ex.o
 .debug_aranges
                0x00000000000004e8      0x1d0 Drivers/STM32F1xx_HAL_Driver/Src/stm32f1xx_hal_uart.o
 .debug_aranges
                0x00000000000006b8       0x48 Src/Counterku.o
 .debug_aranges
                0x0000000000000700       0x40 Src/HardwareInitku.o
 .debug_aranges
                0x0000000000000740       0x50 Src/LCDku.o
 .debug_aranges
                0x0000000000000790       0x58 Src/SCHtimeku.o
 .debug_aranges
                0x00000000000007e8       0x50 Src/Sensorku.o
 .debug_aranges
                0x0000000000000838       0x28 Src/main.o
 .debug_aranges
                0x0000000000000860       0x40 Src/stm32f1xx_hal_msp.o
 .debug_aranges
                0x00000000000008a0       0x70 Src/stm32f1xx_it.o
 .debug_aranges
                0x0000000000000910       0x20 Src/sysmem.o
 .debug_aranges
                0x0000000000000930       0x28 Src/system_stm32f1xx.o
 .debug_aranges
                0x0000000000000958       0x28 Startup/startup_stm32f103c8tx.o

.debug_ranges   0x0000000000000000      0x848
 .debug_ranges  0x0000000000000000       0xd0 Drivers/STM32F1xx_HAL_Driver/Src/stm32f1xx_hal.o
 .debug_ranges  0x00000000000000d0       0xe0 Drivers/STM32F1xx_HAL_Driver/Src/stm32f1xx_hal_adc.o
 .debug_ranges  0x00000000000001b0       0x70 Drivers/STM32F1xx_HAL_Driver/Src/stm32f1xx_hal_adc_ex.o
 .debug_ranges  0x0000000000000220       0xf0 Drivers/STM32F1xx_HAL_Driver/Src/stm32f1xx_hal_cortex.o
 .debug_ranges  0x0000000000000310       0x70 Drivers/STM32F1xx_HAL_Driver/Src/stm32f1xx_hal_dma.o
 .debug_ranges  0x0000000000000380       0x48 Drivers/STM32F1xx_HAL_Driver/Src/stm32f1xx_hal_gpio.o
 .debug_ranges  0x00000000000003c8       0x80 Drivers/STM32F1xx_HAL_Driver/Src/stm32f1xx_hal_rcc.o
 .debug_ranges  0x0000000000000448       0x20 Drivers/STM32F1xx_HAL_Driver/Src/stm32f1xx_hal_rcc_ex.o
 .debug_ranges  0x0000000000000468      0x1c0 Drivers/STM32F1xx_HAL_Driver/Src/stm32f1xx_hal_uart.o
 .debug_ranges  0x0000000000000628       0x38 Src/Counterku.o
 .debug_ranges  0x0000000000000660       0x30 Src/HardwareInitku.o
 .debug_ranges  0x0000000000000690       0x40 Src/LCDku.o
 .debug_ranges  0x00000000000006d0       0x48 Src/SCHtimeku.o
 .debug_ranges  0x0000000000000718       0x40 Src/Sensorku.o
 .debug_ranges  0x0000000000000758       0x18 Src/main.o
 .debug_ranges  0x0000000000000770       0x30 Src/stm32f1xx_hal_msp.o
 .debug_ranges  0x00000000000007a0       0x60 Src/stm32f1xx_it.o
 .debug_ranges  0x0000000000000800       0x10 Src/sysmem.o
 .debug_ranges  0x0000000000000810       0x18 Src/system_stm32f1xx.o
 .debug_ranges  0x0000000000000828       0x20 Startup/startup_stm32f103c8tx.o

.debug_macro    0x0000000000000000    0x15053
 .debug_macro   0x0000000000000000      0x1bd Drivers/STM32F1xx_HAL_Driver/Src/stm32f1xx_hal.o
 .debug_macro   0x00000000000001bd      0xa5a Drivers/STM32F1xx_HAL_Driver/Src/stm32f1xx_hal.o
 .debug_macro   0x0000000000000c17      0x221 Drivers/STM32F1xx_HAL_Driver/Src/stm32f1xx_hal.o
 .debug_macro   0x0000000000000e38       0x2e Drivers/STM32F1xx_HAL_Driver/Src/stm32f1xx_hal.o
 .debug_macro   0x0000000000000e66       0x22 Drivers/STM32F1xx_HAL_Driver/Src/stm32f1xx_hal.o
 .debug_macro   0x0000000000000e88       0x22 Drivers/STM32F1xx_HAL_Driver/Src/stm32f1xx_hal.o
 .debug_macro   0x0000000000000eaa       0x8e Drivers/STM32F1xx_HAL_Driver/Src/stm32f1xx_hal.o
 .debug_macro   0x0000000000000f38       0x51 Drivers/STM32F1xx_HAL_Driver/Src/stm32f1xx_hal.o
 .debug_macro   0x0000000000000f89       0xef Drivers/STM32F1xx_HAL_Driver/Src/stm32f1xx_hal.o
 .debug_macro   0x0000000000001078       0x6a Drivers/STM32F1xx_HAL_Driver/Src/stm32f1xx_hal.o
 .debug_macro   0x00000000000010e2      0x1df Drivers/STM32F1xx_HAL_Driver/Src/stm32f1xx_hal.o
 .debug_macro   0x00000000000012c1       0x1c Drivers/STM32F1xx_HAL_Driver/Src/stm32f1xx_hal.o
 .debug_macro   0x00000000000012dd       0x22 Drivers/STM32F1xx_HAL_Driver/Src/stm32f1xx_hal.o
 .debug_macro   0x00000000000012ff       0xc3 Drivers/STM32F1xx_HAL_Driver/Src/stm32f1xx_hal.o
 .debug_macro   0x00000000000013c2      0xd23 Drivers/STM32F1xx_HAL_Driver/Src/stm32f1xx_hal.o
 .debug_macro   0x00000000000020e5     0xe09e Drivers/STM32F1xx_HAL_Driver/Src/stm32f1xx_hal.o
 .debug_macro   0x0000000000010183       0x43 Drivers/STM32F1xx_HAL_Driver/Src/stm32f1xx_hal.o
 .debug_macro   0x00000000000101c6      0x174 Drivers/STM32F1xx_HAL_Driver/Src/stm32f1xx_hal.o
 .debug_macro   0x000000000001033a       0x5a Drivers/STM32F1xx_HAL_Driver/Src/stm32f1xx_hal.o
 .debug_macro   0x0000000000010394      0x5be Drivers/STM32F1xx_HAL_Driver/Src/stm32f1xx_hal.o
 .debug_macro   0x0000000000010952      0x289 Drivers/STM32F1xx_HAL_Driver/Src/stm32f1xx_hal.o
 .debug_macro   0x0000000000010bdb      0x1cb Drivers/STM32F1xx_HAL_Driver/Src/stm32f1xx_hal.o
 .debug_macro   0x0000000000010da6      0x114 Drivers/STM32F1xx_HAL_Driver/Src/stm32f1xx_hal.o
 .debug_macro   0x0000000000010eba      0x1b2 Drivers/STM32F1xx_HAL_Driver/Src/stm32f1xx_hal.o
 .debug_macro   0x000000000001106c       0x27 Drivers/STM32F1xx_HAL_Driver/Src/stm32f1xx_hal.o
 .debug_macro   0x0000000000011093      0x136 Drivers/STM32F1xx_HAL_Driver/Src/stm32f1xx_hal.o
 .debug_macro   0x00000000000111c9      0x1bc Drivers/STM32F1xx_HAL_Driver/Src/stm32f1xx_hal.o
 .debug_macro   0x0000000000011385       0x34 Drivers/STM32F1xx_HAL_Driver/Src/stm32f1xx_hal.o
 .debug_macro   0x00000000000113b9       0x3c Drivers/STM32F1xx_HAL_Driver/Src/stm32f1xx_hal.o
 .debug_macro   0x00000000000113f5       0x57 Drivers/STM32F1xx_HAL_Driver/Src/stm32f1xx_hal.o
 .debug_macro   0x000000000001144c      0x46a Drivers/STM32F1xx_HAL_Driver/Src/stm32f1xx_hal.o
 .debug_macro   0x00000000000118b6      0x1b5 Drivers/STM32F1xx_HAL_Driver/Src/stm32f1xx_hal.o
 .debug_macro   0x0000000000011a6b       0x88 Drivers/STM32F1xx_HAL_Driver/Src/stm32f1xx_hal.o
 .debug_macro   0x0000000000011af3      0x241 Drivers/STM32F1xx_HAL_Driver/Src/stm32f1xx_hal.o
 .debug_macro   0x0000000000011d34      0x141 Drivers/STM32F1xx_HAL_Driver/Src/stm32f1xx_hal.o
 .debug_macro   0x0000000000011e75      0x26b Drivers/STM32F1xx_HAL_Driver/Src/stm32f1xx_hal.o
 .debug_macro   0x00000000000120e0       0x83 Drivers/STM32F1xx_HAL_Driver/Src/stm32f1xx_hal.o
 .debug_macro   0x0000000000012163      0x1b6 Drivers/STM32F1xx_HAL_Driver/Src/stm32f1xx_hal_adc.o
 .debug_macro   0x0000000000012319      0x1ab Drivers/STM32F1xx_HAL_Driver/Src/stm32f1xx_hal_adc_ex.o
 .debug_macro   0x00000000000124c4      0x199 Drivers/STM32F1xx_HAL_Driver/Src/stm32f1xx_hal_cortex.o
 .debug_macro   0x000000000001265d      0x199 Drivers/STM32F1xx_HAL_Driver/Src/stm32f1xx_hal_dma.o
 .debug_macro   0x00000000000127f6      0x204 Drivers/STM32F1xx_HAL_Driver/Src/stm32f1xx_hal_gpio.o
 .debug_macro   0x00000000000129fa      0x1ab Drivers/STM32F1xx_HAL_Driver/Src/stm32f1xx_hal_rcc.o
 .debug_macro   0x0000000000012ba5      0x199 Drivers/STM32F1xx_HAL_Driver/Src/stm32f1xx_hal_rcc_ex.o
 .debug_macro   0x0000000000012d3e      0x19a Drivers/STM32F1xx_HAL_Driver/Src/stm32f1xx_hal_uart.o
 .debug_macro   0x0000000000012ed8      0x1cf Src/Counterku.o
 .debug_macro   0x00000000000130a7       0xb8 Src/Counterku.o
 .debug_macro   0x000000000001315f       0x28 Src/Counterku.o
 .debug_macro   0x0000000000013187      0x1b2 Src/HardwareInitku.o
 .debug_macro   0x0000000000013339      0x311 Src/LCDku.o
 .debug_macro   0x000000000001364a       0x46 Src/LCDku.o
 .debug_macro   0x0000000000013690       0x18 Src/LCDku.o
 .debug_macro   0x00000000000136a8       0x3c Src/LCDku.o
 .debug_macro   0x00000000000136e4       0x34 Src/LCDku.o
 .debug_macro   0x0000000000013718       0x16 Src/LCDku.o
 .debug_macro   0x000000000001372e       0x35 Src/LCDku.o
 .debug_macro   0x0000000000013763      0x32a Src/LCDku.o
 .debug_macro   0x0000000000013a8d       0x10 Src/LCDku.o
 .debug_macro   0x0000000000013a9d       0x52 Src/LCDku.o
 .debug_macro   0x0000000000013aef       0x1f Src/LCDku.o
 .debug_macro   0x0000000000013b0e       0x43 Src/LCDku.o
 .debug_macro   0x0000000000013b51       0x20 Src/LCDku.o
 .debug_macro   0x0000000000013b71      0x1a3 Src/LCDku.o
 .debug_macro   0x0000000000013d14       0x10 Src/LCDku.o
 .debug_macro   0x0000000000013d24       0x1c Src/LCDku.o
 .debug_macro   0x0000000000013d40       0x52 Src/LCDku.o
 .debug_macro   0x0000000000013d92       0x40 Src/LCDku.o
 .debug_macro   0x0000000000013dd2       0x10 Src/LCDku.o
 .debug_macro   0x0000000000013de2       0x40 Src/LCDku.o
 .debug_macro   0x0000000000013e22       0xd7 Src/LCDku.o
 .debug_macro   0x0000000000013ef9       0x1c Src/LCDku.o
 .debug_macro   0x0000000000013f15       0x3d Src/LCDku.o
 .debug_macro   0x0000000000013f52       0x16 Src/LCDku.o
 .debug_macro   0x0000000000013f68      0x145 Src/LCDku.o
 .debug_macro   0x00000000000140ad      0x1c5 Src/SCHtimeku.o
 .debug_macro   0x0000000000014272      0x1bc Src/Sensorku.o
 .debug_macro   0x000000000001442e      0x32f Src/main.o
 .debug_macro   0x000000000001475d      0x1a8 Src/stm32f1xx_hal_msp.o
 .debug_macro   0x0000000000014905      0x1c6 Src/stm32f1xx_it.o
 .debug_macro   0x0000000000014acb      0x1ae Src/sysmem.o
 .debug_macro   0x0000000000014c79      0x23b Src/sysmem.o
 .debug_macro   0x0000000000014eb4      0x19f Src/system_stm32f1xx.o

.debug_line     0x0000000000000000     0xa82b
 .debug_line    0x0000000000000000      0x871 Drivers/STM32F1xx_HAL_Driver/Src/stm32f1xx_hal.o
 .debug_line    0x0000000000000871      0xbc3 Drivers/STM32F1xx_HAL_Driver/Src/stm32f1xx_hal_adc.o
 .debug_line    0x0000000000001434      0xa07 Drivers/STM32F1xx_HAL_Driver/Src/stm32f1xx_hal_adc_ex.o
 .debug_line    0x0000000000001e3b      0x94a Drivers/STM32F1xx_HAL_Driver/Src/stm32f1xx_hal_cortex.o
 .debug_line    0x0000000000002785      0xad8 Drivers/STM32F1xx_HAL_Driver/Src/stm32f1xx_hal_dma.o
 .debug_line    0x000000000000325d      0x871 Drivers/STM32F1xx_HAL_Driver/Src/stm32f1xx_hal_gpio.o
 .debug_line    0x0000000000003ace      0x933 Drivers/STM32F1xx_HAL_Driver/Src/stm32f1xx_hal_rcc.o
 .debug_line    0x0000000000004401      0x751 Drivers/STM32F1xx_HAL_Driver/Src/stm32f1xx_hal_rcc_ex.o
 .debug_line    0x0000000000004b52      0xf7c Drivers/STM32F1xx_HAL_Driver/Src/stm32f1xx_hal_uart.o
 .debug_line    0x0000000000005ace      0x78e Src/Counterku.o
 .debug_line    0x000000000000625c      0x739 Src/HardwareInitku.o
 .debug_line    0x0000000000006995      0x9cc Src/LCDku.o
 .debug_line    0x0000000000007361      0x75d Src/SCHtimeku.o
 .debug_line    0x0000000000007abe      0x77b Src/Sensorku.o
 .debug_line    0x0000000000008239      0x99d Src/main.o
 .debug_line    0x0000000000008bd6      0x700 Src/stm32f1xx_hal_msp.o
 .debug_line    0x00000000000092d6      0x77f Src/stm32f1xx_it.o
 .debug_line    0x0000000000009a55      0x693 Src/sysmem.o
 .debug_line    0x000000000000a0e8      0x6c4 Src/system_stm32f1xx.o
 .debug_line    0x000000000000a7ac       0x7f Startup/startup_stm32f103c8tx.o

.debug_str      0x0000000000000000    0x7033d
 .debug_str     0x0000000000000000    0x69571 Drivers/STM32F1xx_HAL_Driver/Src/stm32f1xx_hal.o
                                      0x698ab (size before relaxing)
 .debug_str     0x0000000000069571      0x634 Drivers/STM32F1xx_HAL_Driver/Src/stm32f1xx_hal_adc.o
                                      0x698b0 (size before relaxing)
 .debug_str     0x0000000000069ba5      0x2fb Drivers/STM32F1xx_HAL_Driver/Src/stm32f1xx_hal_adc_ex.o
                                      0x69865 (size before relaxing)
 .debug_str     0x0000000000069ea0      0x326 Drivers/STM32F1xx_HAL_Driver/Src/stm32f1xx_hal_cortex.o
                                      0x698b9 (size before relaxing)
 .debug_str     0x000000000006a1c6      0x23f Drivers/STM32F1xx_HAL_Driver/Src/stm32f1xx_hal_dma.o
                                      0x695fb (size before relaxing)
 .debug_str     0x000000000006a405      0x3a4 Drivers/STM32F1xx_HAL_Driver/Src/stm32f1xx_hal_gpio.o
                                      0x695e4 (size before relaxing)
 .debug_str     0x000000000006a7a9      0x373 Drivers/STM32F1xx_HAL_Driver/Src/stm32f1xx_hal_rcc.o
                                      0x6961d (size before relaxing)
 .debug_str     0x000000000006ab1c      0x12b Drivers/STM32F1xx_HAL_Driver/Src/stm32f1xx_hal_rcc_ex.o
                                      0x693aa (size before relaxing)
 .debug_str     0x000000000006ac47      0x6e3 Drivers/STM32F1xx_HAL_Driver/Src/stm32f1xx_hal_uart.o
                                      0x69b0c (size before relaxing)
 .debug_str     0x000000000006b32a      0x702 Src/Counterku.o
                                      0x69d88 (size before relaxing)
 .debug_str     0x000000000006ba2c       0x75 Src/HardwareInitku.o
                                      0x69f07 (size before relaxing)
 .debug_str     0x000000000006baa1     0x40dd Src/LCDku.o
                                      0x6dca9 (size before relaxing)
 .debug_str     0x000000000006fb7e       0x8f Src/SCHtimeku.o
                                      0x6a04d (size before relaxing)
 .debug_str     0x000000000006fc0d       0xab Src/Sensorku.o
                                      0x69a50 (size before relaxing)
 .debug_str     0x000000000006fcb8       0x33 Src/main.o
                                      0x6dccc (size before relaxing)
 .debug_str     0x000000000006fceb       0x1b Src/stm32f1xx_hal_msp.o
                                      0x69d4d (size before relaxing)
 .debug_str     0x000000000006fd06       0xd1 Src/stm32f1xx_it.o
                                      0x69a87 (size before relaxing)
 .debug_str     0x000000000006fdd7      0x4cc Src/sysmem.o
                                       0x7ac8 (size before relaxing)
 .debug_str     0x00000000000702a3       0x69 Src/system_stm32f1xx.o
                                      0x69295 (size before relaxing)
 .debug_str     0x000000000007030c       0x31 Startup/startup_stm32f103c8tx.o
                                         0x6d (size before relaxing)

.comment        0x0000000000000000       0x7b
 .comment       0x0000000000000000       0x7b Drivers/STM32F1xx_HAL_Driver/Src/stm32f1xx_hal.o
                                         0x7c (size before relaxing)
 .comment       0x000000000000007b       0x7c Drivers/STM32F1xx_HAL_Driver/Src/stm32f1xx_hal_adc.o
 .comment       0x000000000000007b       0x7c Drivers/STM32F1xx_HAL_Driver/Src/stm32f1xx_hal_adc_ex.o
 .comment       0x000000000000007b       0x7c Drivers/STM32F1xx_HAL_Driver/Src/stm32f1xx_hal_cortex.o
 .comment       0x000000000000007b       0x7c Drivers/STM32F1xx_HAL_Driver/Src/stm32f1xx_hal_dma.o
 .comment       0x000000000000007b       0x7c Drivers/STM32F1xx_HAL_Driver/Src/stm32f1xx_hal_gpio.o
 .comment       0x000000000000007b       0x7c Drivers/STM32F1xx_HAL_Driver/Src/stm32f1xx_hal_rcc.o
 .comment       0x000000000000007b       0x7c Drivers/STM32F1xx_HAL_Driver/Src/stm32f1xx_hal_rcc_ex.o
 .comment       0x000000000000007b       0x7c Drivers/STM32F1xx_HAL_Driver/Src/stm32f1xx_hal_uart.o
 .comment       0x000000000000007b       0x7c Src/Counterku.o
 .comment       0x000000000000007b       0x7c Src/HardwareInitku.o
 .comment       0x000000000000007b       0x7c Src/LCDku.o
 .comment       0x000000000000007b       0x7c Src/SCHtimeku.o
 .comment       0x000000000000007b       0x7c Src/Sensorku.o
 .comment       0x000000000000007b       0x7c Src/main.o
 .comment       0x000000000000007b       0x7c Src/stm32f1xx_hal_msp.o
 .comment       0x000000000000007b       0x7c Src/stm32f1xx_it.o
 .comment       0x000000000000007b       0x7c Src/sysmem.o
 .comment       0x000000000000007b       0x7c Src/system_stm32f1xx.o

.debug_frame    0x0000000000000000     0x26f4
 .debug_frame   0x0000000000000000      0x334 Drivers/STM32F1xx_HAL_Driver/Src/stm32f1xx_hal.o
 .debug_frame   0x0000000000000334      0x40c Drivers/STM32F1xx_HAL_Driver/Src/stm32f1xx_hal_adc.o
 .debug_frame   0x0000000000000740      0x204 Drivers/STM32F1xx_HAL_Driver/Src/stm32f1xx_hal_adc_ex.o
 .debug_frame   0x0000000000000944      0x428 Drivers/STM32F1xx_HAL_Driver/Src/stm32f1xx_hal_cortex.o
 .debug_frame   0x0000000000000d6c      0x208 Drivers/STM32F1xx_HAL_Driver/Src/stm32f1xx_hal_dma.o
 .debug_frame   0x0000000000000f74      0x14c Drivers/STM32F1xx_HAL_Driver/Src/stm32f1xx_hal_gpio.o
 .debug_frame   0x00000000000010c0      0x21c Drivers/STM32F1xx_HAL_Driver/Src/stm32f1xx_hal_rcc.o
 .debug_frame   0x00000000000012dc       0x84 Drivers/STM32F1xx_HAL_Driver/Src/stm32f1xx_hal_rcc_ex.o
 .debug_frame   0x0000000000001360      0x834 Drivers/STM32F1xx_HAL_Driver/Src/stm32f1xx_hal_uart.o
 .debug_frame   0x0000000000001b94       0xe0 Src/Counterku.o
 .debug_frame   0x0000000000001c74       0xbc Src/HardwareInitku.o
 .debug_frame   0x0000000000001d30       0xfc Src/LCDku.o
 .debug_frame   0x0000000000001e2c      0x124 Src/SCHtimeku.o
 .debug_frame   0x0000000000001f50      0x108 Src/Sensorku.o
 .debug_frame   0x0000000000002058       0x4c Src/main.o
 .debug_frame   0x00000000000020a4       0xc8 Src/stm32f1xx_hal_msp.o
 .debug_frame   0x000000000000216c      0x144 Src/stm32f1xx_it.o
 .debug_frame   0x00000000000022b0       0x34 Src/sysmem.o
 .debug_frame   0x00000000000022e4       0x58 Src/system_stm32f1xx.o
 .debug_frame   0x000000000000233c       0x20 d:/data/cubeide/ide/stm32cubeide_1.0.2/stm32cubeide/plugins/com.st.stm32cube.ide.mcu.externaltools.gnu-tools-for-stm32.7-2018-q2-update.win32_1.0.0.201904181610/tools/bin/../lib/gcc/arm-none-eabi/7.3.1/../../../../arm-none-eabi/lib/thumb/v7-m\libc_nano.a(lib_a-errno.o)
 .debug_frame   0x000000000000235c       0x2c d:/data/cubeide/ide/stm32cubeide_1.0.2/stm32cubeide/plugins/com.st.stm32cube.ide.mcu.externaltools.gnu-tools-for-stm32.7-2018-q2-update.win32_1.0.0.201904181610/tools/bin/../lib/gcc/arm-none-eabi/7.3.1/../../../../arm-none-eabi/lib/thumb/v7-m\libc_nano.a(lib_a-init.o)
 .debug_frame   0x0000000000002388       0x20 d:/data/cubeide/ide/stm32cubeide_1.0.2/stm32cubeide/plugins/com.st.stm32cube.ide.mcu.externaltools.gnu-tools-for-stm32.7-2018-q2-update.win32_1.0.0.201904181610/tools/bin/../lib/gcc/arm-none-eabi/7.3.1/../../../../arm-none-eabi/lib/thumb/v7-m\libc_nano.a(lib_a-memset.o)
 .debug_frame   0x00000000000023a8       0x6c d:/data/cubeide/ide/stm32cubeide_1.0.2/stm32cubeide/plugins/com.st.stm32cube.ide.mcu.externaltools.gnu-tools-for-stm32.7-2018-q2-update.win32_1.0.0.201904181610/tools/bin/../lib/gcc/arm-none-eabi/7.3.1/../../../../arm-none-eabi/lib/thumb/v7-m\libc_nano.a(lib_a-sprintf.o)
 .debug_frame   0x0000000000002414       0x90 d:/data/cubeide/ide/stm32cubeide_1.0.2/stm32cubeide/plugins/com.st.stm32cube.ide.mcu.externaltools.gnu-tools-for-stm32.7-2018-q2-update.win32_1.0.0.201904181610/tools/bin/../lib/gcc/arm-none-eabi/7.3.1/../../../../arm-none-eabi/lib/thumb/v7-m\libc_nano.a(lib_a-nano-svfprintf.o)
 .debug_frame   0x00000000000024a4       0x60 d:/data/cubeide/ide/stm32cubeide_1.0.2/stm32cubeide/plugins/com.st.stm32cube.ide.mcu.externaltools.gnu-tools-for-stm32.7-2018-q2-update.win32_1.0.0.201904181610/tools/bin/../lib/gcc/arm-none-eabi/7.3.1/../../../../arm-none-eabi/lib/thumb/v7-m\libc_nano.a(lib_a-nano-vfprintf_i.o)
 .debug_frame   0x0000000000002504       0x28 d:/data/cubeide/ide/stm32cubeide_1.0.2/stm32cubeide/plugins/com.st.stm32cube.ide.mcu.externaltools.gnu-tools-for-stm32.7-2018-q2-update.win32_1.0.0.201904181610/tools/bin/../lib/gcc/arm-none-eabi/7.3.1/../../../../arm-none-eabi/lib/thumb/v7-m\libc_nano.a(lib_a-memchr-stub.o)
 .debug_frame   0x000000000000252c       0x28 d:/data/cubeide/ide/stm32cubeide_1.0.2/stm32cubeide/plugins/com.st.stm32cube.ide.mcu.externaltools.gnu-tools-for-stm32.7-2018-q2-update.win32_1.0.0.201904181610/tools/bin/../lib/gcc/arm-none-eabi/7.3.1/../../../../arm-none-eabi/lib/thumb/v7-m\libc_nano.a(lib_a-memcpy-stub.o)
 .debug_frame   0x0000000000002554       0x28 d:/data/cubeide/ide/stm32cubeide_1.0.2/stm32cubeide/plugins/com.st.stm32cube.ide.mcu.externaltools.gnu-tools-for-stm32.7-2018-q2-update.win32_1.0.0.201904181610/tools/bin/../lib/gcc/arm-none-eabi/7.3.1/../../../../arm-none-eabi/lib/thumb/v7-m\libc_nano.a(lib_a-memmove.o)
 .debug_frame   0x000000000000257c       0x38 d:/data/cubeide/ide/stm32cubeide_1.0.2/stm32cubeide/plugins/com.st.stm32cube.ide.mcu.externaltools.gnu-tools-for-stm32.7-2018-q2-update.win32_1.0.0.201904181610/tools/bin/../lib/gcc/arm-none-eabi/7.3.1/../../../../arm-none-eabi/lib/thumb/v7-m\libc_nano.a(lib_a-nano-freer.o)
 .debug_frame   0x00000000000025b4       0x2c d:/data/cubeide/ide/stm32cubeide_1.0.2/stm32cubeide/plugins/com.st.stm32cube.ide.mcu.externaltools.gnu-tools-for-stm32.7-2018-q2-update.win32_1.0.0.201904181610/tools/bin/../lib/gcc/arm-none-eabi/7.3.1/../../../../arm-none-eabi/lib/thumb/v7-m\libc_nano.a(lib_a-nano-mallocr.o)
 .debug_frame   0x00000000000025e0       0x3c d:/data/cubeide/ide/stm32cubeide_1.0.2/stm32cubeide/plugins/com.st.stm32cube.ide.mcu.externaltools.gnu-tools-for-stm32.7-2018-q2-update.win32_1.0.0.201904181610/tools/bin/../lib/gcc/arm-none-eabi/7.3.1/../../../../arm-none-eabi/lib/thumb/v7-m\libc_nano.a(lib_a-nano-reallocr.o)
 .debug_frame   0x000000000000261c       0x2c d:/data/cubeide/ide/stm32cubeide_1.0.2/stm32cubeide/plugins/com.st.stm32cube.ide.mcu.externaltools.gnu-tools-for-stm32.7-2018-q2-update.win32_1.0.0.201904181610/tools/bin/../lib/gcc/arm-none-eabi/7.3.1/../../../../arm-none-eabi/lib/thumb/v7-m\libc_nano.a(lib_a-sbrkr.o)
 .debug_frame   0x0000000000002648       0x30 d:/data/cubeide/ide/stm32cubeide_1.0.2/stm32cubeide/plugins/com.st.stm32cube.ide.mcu.externaltools.gnu-tools-for-stm32.7-2018-q2-update.win32_1.0.0.201904181610/tools/bin/../lib/gcc/arm-none-eabi/7.3.1/../../../../arm-none-eabi/lib/thumb/v7-m\libc_nano.a(lib_a-mlock.o)
 .debug_frame   0x0000000000002678       0x20 d:/data/cubeide/ide/stm32cubeide_1.0.2/stm32cubeide/plugins/com.st.stm32cube.ide.mcu.externaltools.gnu-tools-for-stm32.7-2018-q2-update.win32_1.0.0.201904181610/tools/bin/../lib/gcc/arm-none-eabi/7.3.1/../../../../arm-none-eabi/lib/thumb/v7-m\libc_nano.a(lib_a-nano-msizer.o)
 .debug_frame   0x0000000000002698       0x5c d:/data/cubeide/ide/stm32cubeide_1.0.2/stm32cubeide/plugins/com.st.stm32cube.ide.mcu.externaltools.gnu-tools-for-stm32.7-2018-q2-update.win32_1.0.0.201904181610/tools/bin/../lib/gcc/arm-none-eabi/7.3.1/../../../../arm-none-eabi/lib/thumb/v7-m\libc_nano.a(lib_a-reent.o)
