Archive member included to satisfy reference by file (symbol)

d:/data/cubeide/ide/stm32cubeide_1.0.2/stm32cubeide/plugins/com.st.stm32cube.ide.mcu.externaltools.gnu-tools-for-stm32.7-2018-q2-update.win32_1.0.0.201904181610/tools/bin/../lib/gcc/arm-none-eabi/7.3.1/../../../../arm-none-eabi/lib/thumb/v7-m\libc_nano.a(lib_a-errno.o)
                              Src/syscalls.o (__errno)
d:/data/cubeide/ide/stm32cubeide_1.0.2/stm32cubeide/plugins/com.st.stm32cube.ide.mcu.externaltools.gnu-tools-for-stm32.7-2018-q2-update.win32_1.0.0.201904181610/tools/bin/../lib/gcc/arm-none-eabi/7.3.1/../../../../arm-none-eabi/lib/thumb/v7-m\libc_nano.a(lib_a-exit.o)
                              d:/data/cubeide/ide/stm32cubeide_1.0.2/stm32cubeide/plugins/com.st.stm32cube.ide.mcu.externaltools.gnu-tools-for-stm32.7-2018-q2-update.win32_1.0.0.201904181610/tools/bin/../lib/gcc/arm-none-eabi/7.3.1/../../../../arm-none-eabi/lib/thumb/v7-m/crt0.o (exit)
d:/data/cubeide/ide/stm32cubeide_1.0.2/stm32cubeide/plugins/com.st.stm32cube.ide.mcu.externaltools.gnu-tools-for-stm32.7-2018-q2-update.win32_1.0.0.201904181610/tools/bin/../lib/gcc/arm-none-eabi/7.3.1/../../../../arm-none-eabi/lib/thumb/v7-m\libc_nano.a(lib_a-impure.o)
                              d:/data/cubeide/ide/stm32cubeide_1.0.2/stm32cubeide/plugins/com.st.stm32cube.ide.mcu.externaltools.gnu-tools-for-stm32.7-2018-q2-update.win32_1.0.0.201904181610/tools/bin/../lib/gcc/arm-none-eabi/7.3.1/../../../../arm-none-eabi/lib/thumb/v7-m\libc_nano.a(lib_a-exit.o) (_global_impure_ptr)
d:/data/cubeide/ide/stm32cubeide_1.0.2/stm32cubeide/plugins/com.st.stm32cube.ide.mcu.externaltools.gnu-tools-for-stm32.7-2018-q2-update.win32_1.0.0.201904181610/tools/bin/../lib/gcc/arm-none-eabi/7.3.1/../../../../arm-none-eabi/lib/thumb/v7-m\libc_nano.a(lib_a-init.o)
                              d:/data/cubeide/ide/stm32cubeide_1.0.2/stm32cubeide/plugins/com.st.stm32cube.ide.mcu.externaltools.gnu-tools-for-stm32.7-2018-q2-update.win32_1.0.0.201904181610/tools/bin/../lib/gcc/arm-none-eabi/7.3.1/../../../../arm-none-eabi/lib/thumb/v7-m/crt0.o (__libc_init_array)
d:/data/cubeide/ide/stm32cubeide_1.0.2/stm32cubeide/plugins/com.st.stm32cube.ide.mcu.externaltools.gnu-tools-for-stm32.7-2018-q2-update.win32_1.0.0.201904181610/tools/bin/../lib/gcc/arm-none-eabi/7.3.1/../../../../arm-none-eabi/lib/thumb/v7-m\libc_nano.a(lib_a-memset.o)
                              d:/data/cubeide/ide/stm32cubeide_1.0.2/stm32cubeide/plugins/com.st.stm32cube.ide.mcu.externaltools.gnu-tools-for-stm32.7-2018-q2-update.win32_1.0.0.201904181610/tools/bin/../lib/gcc/arm-none-eabi/7.3.1/../../../../arm-none-eabi/lib/thumb/v7-m/crt0.o (memset)
d:/data/cubeide/ide/stm32cubeide_1.0.2/stm32cubeide/plugins/com.st.stm32cube.ide.mcu.externaltools.gnu-tools-for-stm32.7-2018-q2-update.win32_1.0.0.201904181610/tools/bin/../lib/gcc/arm-none-eabi/7.3.1/../../../../arm-none-eabi/lib/thumb/v7-m\libc_nano.a(lib_a-sprintf.o)
                              Src/LCDku.o (sprintf)
d:/data/cubeide/ide/stm32cubeide_1.0.2/stm32cubeide/plugins/com.st.stm32cube.ide.mcu.externaltools.gnu-tools-for-stm32.7-2018-q2-update.win32_1.0.0.201904181610/tools/bin/../lib/gcc/arm-none-eabi/7.3.1/../../../../arm-none-eabi/lib/thumb/v7-m\libc_nano.a(lib_a-strlen.o)
                              Src/UARTku.o (strlen)
d:/data/cubeide/ide/stm32cubeide_1.0.2/stm32cubeide/plugins/com.st.stm32cube.ide.mcu.externaltools.gnu-tools-for-stm32.7-2018-q2-update.win32_1.0.0.201904181610/tools/bin/../lib/gcc/arm-none-eabi/7.3.1/../../../../arm-none-eabi/lib/thumb/v7-m\libc_nano.a(lib_a-nano-svfprintf.o)
                              d:/data/cubeide/ide/stm32cubeide_1.0.2/stm32cubeide/plugins/com.st.stm32cube.ide.mcu.externaltools.gnu-tools-for-stm32.7-2018-q2-update.win32_1.0.0.201904181610/tools/bin/../lib/gcc/arm-none-eabi/7.3.1/../../../../arm-none-eabi/lib/thumb/v7-m\libc_nano.a(lib_a-sprintf.o) (_svfprintf_r)
d:/data/cubeide/ide/stm32cubeide_1.0.2/stm32cubeide/plugins/com.st.stm32cube.ide.mcu.externaltools.gnu-tools-for-stm32.7-2018-q2-update.win32_1.0.0.201904181610/tools/bin/../lib/gcc/arm-none-eabi/7.3.1/../../../../arm-none-eabi/lib/thumb/v7-m\libc_nano.a(lib_a-nano-vfprintf_i.o)
                              d:/data/cubeide/ide/stm32cubeide_1.0.2/stm32cubeide/plugins/com.st.stm32cube.ide.mcu.externaltools.gnu-tools-for-stm32.7-2018-q2-update.win32_1.0.0.201904181610/tools/bin/../lib/gcc/arm-none-eabi/7.3.1/../../../../arm-none-eabi/lib/thumb/v7-m\libc_nano.a(lib_a-nano-svfprintf.o) (_printf_i)
d:/data/cubeide/ide/stm32cubeide_1.0.2/stm32cubeide/plugins/com.st.stm32cube.ide.mcu.externaltools.gnu-tools-for-stm32.7-2018-q2-update.win32_1.0.0.201904181610/tools/bin/../lib/gcc/arm-none-eabi/7.3.1/../../../../arm-none-eabi/lib/thumb/v7-m\libc_nano.a(lib_a-memchr-stub.o)
[...]
Memory Configuration

Name             Origin             Length             Attributes
RAM              0x0000000020000000 0x0000000000005000 xrw
FLASH            0x0000000008000000 0x0000000000010000 xr
*default*        0x0000000000000000 0xffffffffffffffff

Linker script and memory map

LOAD d:/data/cubeide/ide/stm32cubeide_1.0.2/stm32cubeide/plugins/com.st.stm32cube.ide.mcu.externaltools.gnu-tools-for-stm32.7-2018-q2-update.win32_1.0.0.201904181610/tools/bin/../lib/gcc/arm-none-eabi/7.3.1/thumb/v7-m/crti.o
LOAD d:/data/cubeide/ide/stm32cubeide_1.0.2/stm32cubeide/plugins/com.st.stm32cube.ide.mcu.externaltools.gnu-tools-for-stm32.7-2018-q2-update.win32_1.0.0.201904181610/tools/bin/../lib/gcc/arm-none-eabi/7.3.1/thumb/v7-m/crtbegin.o
LOAD d:/data/cubeide/ide/stm32cubeide_1.0.2/stm32cubeide/plugins/com.st.stm32cube.ide.mcu.externaltools.gnu-tools-for-stm32.7-2018-q2-update.win32_1.0.0.201904181610/tools/bin/../lib/gcc/arm-none-eabi/7.3.1/../../../../arm-none-eabi/lib/thumb/v7-m/crt0.o
LOAD Drivers/STM32F1xx_HAL_Driver/Src/stm32f1xx_hal.o
LOAD Drivers/STM32F1xx_HAL_Driver/Src/stm32f1xx_hal_adc.o
LOAD Drivers/STM32F1xx_HAL_Driver/Src/stm32f1xx_hal_adc_ex.o
LOAD Drivers/STM32F1xx_HAL_Driver/Src/stm32f1xx_hal_cortex.o
LOAD Drivers/STM32F1xx_HAL_Driver/Src/stm32f1xx_hal_dma.o
LOAD Drivers/STM32F1xx_HAL_Driver/Src/stm32f1xx_hal_exti.o
LOAD Drivers/STM32F1xx_HAL_Driver/Src/stm32f1xx_hal_flash.o
LOAD Drivers/STM32F1xx_HAL_Driver/Src/stm32f1xx_hal_flash_ex.o
LOAD Drivers/STM32F1xx_HAL_Driver/Src/stm32f1xx_hal_gpio.o
LOAD Drivers/STM32F1xx_HAL_Driver/Src/stm32f1xx_hal_gpio_ex.o
LOAD Drivers/STM32F1xx_HAL_Driver/Src/stm32f1xx_hal_pwr.o
LOAD Drivers/STM32F1xx_HAL_Driver/Src/stm32f1xx_hal_rcc.o
LOAD Drivers/STM32F1xx_HAL_Driver/Src/stm32f1xx_hal_rcc_ex.o
LOAD Drivers/STM32F1xx_HAL_Driver/Src/stm32f1xx_hal_tim.o
LOAD Drivers/STM32F1xx_HAL_Driver/Src/stm32f1xx_hal_tim_ex.o
LOAD Drivers/STM32F1xx_HAL_Driver/Src/stm32f1xx_hal_uart.o
LOAD Src/Counterku.o
LOAD Src/HardwareInitku.o
LOAD Src/LCDku.o
LOAD Src/SCHtimeku.o
LOAD Src/SCHtimeku2.o
LOAD Src/Sensorku.o
LOAD Src/Taskku.o
LOAD Src/UARTku.o
LOAD Src/main.o
LOAD Src/stm32f1xx_hal_msp.o
LOAD Src/stm32f1xx_it.o
LOAD Src/syscalls.o
LOAD Src/sysmem.o
LOAD Src/system_stm32f1xx.o
LOAD Startup/startup_stm32f103c8tx.o
START GROUP
LOAD d:/data/cubeide/ide/stm32cubeide_1.0.2/stm32cubeide/plugins/com.st.stm32cube.ide.mcu.externaltools.gnu-tools-for-stm32.7-2018-q2-update.win32_1.0.0.201904181610/tools/bin/../lib/gcc/arm-none-eabi/7.3.1/../../../../arm-none-eabi/lib/thumb/v7-m\libc_nano.a
LOAD d:/data/cubeide/ide/stm32cubeide_1.0.2/stm32cubeide/plugins/com.st.stm32cube.ide.mcu.externaltools.gnu-tools-for-stm32.7-2018-q2-update.win32_1.0.0.201904181610/tools/bin/../lib/gcc/arm-none-eabi/7.3.1/../../../../arm-none-eabi/lib/thumb/v7-m\libm.a
END GROUP
START GROUP
LOAD d:/data/cubeide/ide/stm32cubeide_1.0.2/stm32cubeide/plugins/com.st.stm32cube.ide.mcu.externaltools.gnu-tools-for-stm32.7-2018-q2-update.win32_1.0.0.201904181610/tools/bin/../lib/gcc/arm-none-eabi/7.3.1/thumb/v7-m\libgcc.a
LOAD d:/data/cubeide/ide/stm32cubeide_1.0.2/stm32cubeide/plugins/com.st.stm32cube.ide.mcu.externaltools.gnu-tools-for-stm32.7-2018-q2-update.win32_1.0.0.201904181610/tools/bin/../lib/gcc/arm-none-eabi/7.3.1/../../../../arm-none-eabi/lib/thumb/v7-m\libc_nano.a
END GROUP
START GROUP
LOAD d:/data/cubeide/ide/stm32cubeide_1.0.2/stm32cubeide/plugins/com.st.stm32cube.ide.mcu.externaltools.gnu-tools-for-stm32.7-2018-q2-update.win32_1.0.0.201904181610/tools/bin/../lib/gcc/arm-none-eabi/7.3.1/thumb/v7-m\libgcc.a
LOAD d:/data/cubeide/ide/stm32cubeide_1.0.2/stm32cubeide/plugins/com.st.stm32cube.ide.mcu.externaltools.gnu-tools-for-stm32.7-2018-q2-update.win32_1.0.0.201904181610/tools/bin/../lib/gcc/arm-none-eabi/7.3.1/../../../../arm-none-eabi/lib/thumb/v7-m\libc_nano.a
LOAD d:/data/cubeide/ide/stm32cubeide_1.0.2/stm32cubeide/plugins/com.st.stm32cube.ide.mcu.externaltools.gnu-tools-for-stm32.7-2018-q2-update.win32_1.0.0.201904181610/tools/bin/../lib/gcc/arm-none-eabi/7.3.1/../../../../arm-none-eabi/lib/thumb/v7-m\libnosys.a
END GROUP
START GROUP
LOAD d:/data/cubeide/ide/stm32cubeide_1.0.2/stm32cubeide/plugins/com.st.stm32cube.ide.mcu.externaltools.gnu-tools-for-stm32.7-2018-q2-update.win32_1.0.0.201904181610/tools/bin/../lib/gcc/arm-none-eabi/7.3.1/thumb/v7-m\libgcc.a
LOAD d:/data/cubeide/ide/stm32cubeide_1.0.2/stm32cubeide/plugins/com.st.stm32cube.ide.mcu.externaltools.gnu-tools-for-stm32.7-2018-q2-update.win32_1.0.0.201904181610/tools/bin/../lib/gcc/arm-none-eabi/7.3.1/../../../../arm-none-eabi/lib/thumb/v7-m\libc_nano.a
LOAD d:/data/cubeide/ide/stm32cubeide_1.0.2/stm32cubeide/plugins/com.st.stm32cube.ide.mcu.externaltools.gnu-tools-for-stm32.7-2018-q2-update.win32_1.0.0.201904181610/tools/bin/../lib/gcc/arm-none-eabi/7.3.1/../../../../arm-none-eabi/lib/thumb/v7-m\libnosys.a
END GROUP
LOAD d:/data/cubeide/ide/stm32cubeide_1.0.2/stm32cubeide/plugins/com.st.stm32cube.ide.mcu.externaltools.gnu-tools-for-stm32.7-2018-q2-update.win32_1.0.0.201904181610/tools/bin/../lib/gcc/arm-none-eabi/7.3.1/thumb/v7-m/crtend.o
LOAD d:/data/cubeide/ide/stm32cubeide_1.0.2/stm32cubeide/plugins/com.st.stm32cube.ide.mcu.externaltools.gnu-tools-for-stm32.7-2018-q2-update.win32_1.0.0.201904181610/tools/bin/../lib/gcc/arm-none-eabi/7.3.1/thumb/v7-m/crtn.o
                0x0000000020005000                _estack = 0x20005000
                0x0000000000000200                _Min_Heap_Size = 0x200
                0x0000000000000400                _Min_Stack_Size = 0x400

.isr_vector     0x0000000008000000      0x10c
                0x0000000008000000                . = ALIGN (0x4)
 *(.isr_vector)
 .isr_vector    0x0000000008000000      0x10c Startup/startup_stm32f103c8tx.o
                0x0000000008000000                g_pfnVectors
                0x000000000800010c                . = ALIGN (0x4)

.text           0x000000000800010c     0x38c8
                0x000000000800010c                . = ALIGN (0x4)
 *(.text)
 .text          0x000000000800010c       0x40 d:/data/cubeide/ide/stm32cubeide_1.0.2/stm32cubeide/plugins/com.st.stm32cube.ide.mcu.externaltools.gnu-tools-for-stm32.7-2018-q2-update.win32_1.0.0.201904181610/tools/bin/../lib/gcc/arm-none-eabi/7.3.1/thumb/v7-m/crtbegin.o
 .text          0x000000000800014c       0x10 d:/data/cubeide/ide/stm32cubeide_1.0.2/stm32cubeide/plugins/com.st.stm32cube.ide.mcu.externaltools.gnu-tools-for-stm32.7-2018-q2-update.win32_1.0.0.201904181610/tools/bin/../lib/gcc/arm-none-eabi/7.3.1/../../../../arm-none-eabi/lib/thumb/v7-m\libc_nano.a(lib_a-strlen.o)
                0x000000000800014c                strlen
 *(.text*)
 .text.HAL_Init
                0x000000000800015c       0x2c Drivers/STM32F1xx_HAL_Driver/Src/stm32f1xx_hal.o
                0x000000000800015c                HAL_Init
 .text.HAL_InitTick
                0x0000000008000188       0x60 Drivers/STM32F1xx_HAL_Driver/Src/stm32f1xx_hal.o
                0x0000000008000188                HAL_InitTick
 .text.HAL_IncTick
                0x00000000080001e8       0x24 Drivers/STM32F1xx_HAL_Driver/Src/stm32f1xx_hal.o
                0x00000000080001e8                HAL_IncTick
 .text.HAL_GetTick
                0x000000000800020c       0x14 Drivers/STM32F1xx_HAL_Driver/Src/stm32f1xx_hal.o
                0x000000000800020c                HAL_GetTick
 .text.HAL_ADC_Init
                0x0000000008000220      0x1b0 Drivers/STM32F1xx_HAL_Driver/Src/stm32f1xx_hal_adc.o
                0x0000000008000220                HAL_ADC_Init
 .text.HAL_ADC_Start_DMA
                0x00000000080003d0      0x1bc Drivers/STM32F1xx_HAL_Driver/Src/stm32f1xx_hal_adc.o
                0x00000000080003d0                HAL_ADC_Start_DMA
 .text.HAL_ADC_IRQHandler
                0x000000000800058c      0x186 Drivers/STM32F1xx_HAL_Driver/Src/stm32f1xx_hal_adc.o
                0x000000000800058c                HAL_ADC_IRQHandler
 .text.HAL_ADC_ConvCpltCallback
                0x0000000008000712       0x12 Drivers/STM32F1xx_HAL_Driver/Src/stm32f1xx_hal_adc.o
                0x0000000008000712                HAL_ADC_ConvCpltCallback
 .text.HAL_ADC_ConvHalfCpltCallback
                0x0000000008000724       0x12 Drivers/STM32F1xx_HAL_Driver/Src/stm32f1xx_hal_adc.o
                0x0000000008000724                HAL_ADC_ConvHalfCpltCallback
 .text.HAL_ADC_LevelOutOfWindowCallback
                0x0000000008000736       0x12 Drivers/STM32F1xx_HAL_Driver/Src/stm32f1xx_hal_adc.o
                0x0000000008000736                HAL_ADC_LevelOutOfWindowCallback
 .text.HAL_ADC_ErrorCallback
                0x0000000008000748       0x12 Drivers/STM32F1xx_HAL_Driver/Src/stm32f1xx_hal_adc.o
                0x0000000008000748                HAL_ADC_ErrorCallback
 *fill*         0x000000000800075a        0x2 
 .text.HAL_ADC_ConfigChannel
                0x000000000800075c      0x1f0 Drivers/STM32F1xx_HAL_Driver/Src/stm32f1xx_hal_adc.o
                0x000000000800075c                HAL_ADC_ConfigChannel
 .text.ADC_Enable
                0x000000000800094c       0xa4 Drivers/STM32F1xx_HAL_Driver/Src/stm32f1xx_hal_adc.o
                0x000000000800094c                ADC_Enable
 .text.ADC_ConversionStop_Disable
                0x00000000080009f0       0x74 Drivers/STM32F1xx_HAL_Driver/Src/stm32f1xx_hal_adc.o
                0x00000000080009f0                ADC_ConversionStop_Disable
 .text.ADC_DMAConvCplt
                0x0000000008000a64       0x7c Drivers/STM32F1xx_HAL_Driver/Src/stm32f1xx_hal_adc.o
                0x0000000008000a64                ADC_DMAConvCplt
 .text.ADC_DMAHalfConvCplt
                0x0000000008000ae0       0x1c Drivers/STM32F1xx_HAL_Driver/Src/stm32f1xx_hal_adc.o
                0x0000000008000ae0                ADC_DMAHalfConvCplt
 .text.ADC_DMAError
                0x0000000008000afc       0x34 Drivers/STM32F1xx_HAL_Driver/Src/stm32f1xx_hal_adc.o
                0x0000000008000afc                ADC_DMAError
 .text.HAL_ADCEx_InjectedConvCpltCallback
                0x0000000008000b30       0x12 Drivers/STM32F1xx_HAL_Driver/Src/stm32f1xx_hal_adc_ex.o
                0x0000000008000b30                HAL_ADCEx_InjectedConvCpltCallback
 *fill*         0x0000000008000b42        0x2 
 .text.__NVIC_SetPriorityGrouping
                0x0000000008000b44       0x48 Drivers/STM32F1xx_HAL_Driver/Src/stm32f1xx_hal_cortex.o
 .text.__NVIC_GetPriorityGrouping
                0x0000000008000b8c       0x1c Drivers/STM32F1xx_HAL_Driver/Src/stm32f1xx_hal_cortex.o
 .text.__NVIC_EnableIRQ
                0x0000000008000ba8       0x38 Drivers/STM32F1xx_HAL_Driver/Src/stm32f1xx_hal_cortex.o
 .text.__NVIC_SetPriority
                0x0000000008000be0       0x54 Drivers/STM32F1xx_HAL_Driver/Src/stm32f1xx_hal_cortex.o
 .text.NVIC_EncodePriority
                0x0000000008000c34       0x64 Drivers/STM32F1xx_HAL_Driver/Src/stm32f1xx_hal_cortex.o
 .text.SysTick_Config
                0x0000000008000c98       0x44 Drivers/STM32F1xx_HAL_Driver/Src/stm32f1xx_hal_cortex.o
 .text.HAL_NVIC_SetPriorityGrouping
                0x0000000008000cdc       0x16 Drivers/STM32F1xx_HAL_Driver/Src/stm32f1xx_hal_cortex.o
                0x0000000008000cdc                HAL_NVIC_SetPriorityGrouping
 .text.HAL_NVIC_SetPriority
                0x0000000008000cf2       0x38 Drivers/STM32F1xx_HAL_Driver/Src/stm32f1xx_hal_cortex.o
                0x0000000008000cf2                HAL_NVIC_SetPriority
 .text.HAL_NVIC_EnableIRQ
                0x0000000008000d2a       0x1c Drivers/STM32F1xx_HAL_Driver/Src/stm32f1xx_hal_cortex.o
                0x0000000008000d2a                HAL_NVIC_EnableIRQ
 .text.HAL_SYSTICK_Config
                0x0000000008000d46       0x18 Drivers/STM32F1xx_HAL_Driver/Src/stm32f1xx_hal_cortex.o
                0x0000000008000d46                HAL_SYSTICK_Config
 *fill*         0x0000000008000d5e        0x2 
 .text.HAL_DMA_Init
                0x0000000008000d60       0xb4 Drivers/STM32F1xx_HAL_Driver/Src/stm32f1xx_hal_dma.o
                0x0000000008000d60                HAL_DMA_Init
 .text.HAL_DMA_Start_IT
                0x0000000008000e14       0xbe Drivers/STM32F1xx_HAL_Driver/Src/stm32f1xx_hal_dma.o
                0x0000000008000e14                HAL_DMA_Start_IT
 *fill*         0x0000000008000ed2        0x2 
 .text.HAL_DMA_IRQHandler
                0x0000000008000ed4      0x20c Drivers/STM32F1xx_HAL_Driver/Src/stm32f1xx_hal_dma.o
                0x0000000008000ed4                HAL_DMA_IRQHandler
 .text.DMA_SetConfig
                0x00000000080010e0       0x5a Drivers/STM32F1xx_HAL_Driver/Src/stm32f1xx_hal_dma.o
 *fill*         0x000000000800113a        0x2 
 .text.HAL_GPIO_Init
                0x000000000800113c      0x2b4 Drivers/STM32F1xx_HAL_Driver/Src/stm32f1xx_hal_gpio.o
                0x000000000800113c                HAL_GPIO_Init
 .text.HAL_GPIO_ReadPin
                0x00000000080013f0       0x2e Drivers/STM32F1xx_HAL_Driver/Src/stm32f1xx_hal_gpio.o
                0x00000000080013f0                HAL_GPIO_ReadPin
 .text.HAL_GPIO_WritePin
                0x000000000800141e       0x30 Drivers/STM32F1xx_HAL_Driver/Src/stm32f1xx_hal_gpio.o
                0x000000000800141e                HAL_GPIO_WritePin
 *fill*         0x000000000800144e        0x2 
 .text.HAL_RCC_OscConfig
                0x0000000008001450      0x500 Drivers/STM32F1xx_HAL_Driver/Src/stm32f1xx_hal_rcc.o
                0x0000000008001450                HAL_RCC_OscConfig
 .text.HAL_RCC_ClockConfig
                0x0000000008001950      0x1d4 Drivers/STM32F1xx_HAL_Driver/Src/stm32f1xx_hal_rcc.o
                0x0000000008001950                HAL_RCC_ClockConfig
 .text.HAL_RCC_GetSysClockFreq
                0x0000000008001b24       0xc4 Drivers/STM32F1xx_HAL_Driver/Src/stm32f1xx_hal_rcc.o
                0x0000000008001b24                HAL_RCC_GetSysClockFreq
 .text.HAL_RCC_GetHCLKFreq
                0x0000000008001be8       0x14 Drivers/STM32F1xx_HAL_Driver/Src/stm32f1xx_hal_rcc.o
                0x0000000008001be8                HAL_RCC_GetHCLKFreq
 .text.HAL_RCC_GetPCLK1Freq
                0x0000000008001bfc       0x28 Drivers/STM32F1xx_HAL_Driver/Src/stm32f1xx_hal_rcc.o
                0x0000000008001bfc                HAL_RCC_GetPCLK1Freq
 .text.HAL_RCC_GetPCLK2Freq
                0x0000000008001c24       0x28 Drivers/STM32F1xx_HAL_Driver/Src/stm32f1xx_hal_rcc.o
                0x0000000008001c24                HAL_RCC_GetPCLK2Freq
 .text.RCC_Delay
                0x0000000008001c4c       0x3c Drivers/STM32F1xx_HAL_Driver/Src/stm32f1xx_hal_rcc.o
 .text.HAL_RCCEx_PeriphCLKConfig
                0x0000000008001c88      0x16c Drivers/STM32F1xx_HAL_Driver/Src/stm32f1xx_hal_rcc_ex.o
                0x0000000008001c88                HAL_RCCEx_PeriphCLKConfig
 .text.HAL_UART_Init
                0x0000000008001df4       0x9a Drivers/STM32F1xx_HAL_Driver/Src/stm32f1xx_hal_uart.o
                0x0000000008001df4                HAL_UART_Init
 .text.HAL_UART_Transmit
                0x0000000008001e8e      0x132 Drivers/STM32F1xx_HAL_Driver/Src/stm32f1xx_hal_uart.o
                0x0000000008001e8e                HAL_UART_Transmit
 .text.UART_WaitOnFlagUntilTimeout
                0x0000000008001fc0       0x94 Drivers/STM32F1xx_HAL_Driver/Src/stm32f1xx_hal_uart.o
 .text.UART_SetConfig
                0x0000000008002054      0x1b4 Drivers/STM32F1xx_HAL_Driver/Src/stm32f1xx_hal_uart.o
 .text.SystemClock_Config
                0x0000000008002208       0xb6 Src/HardwareInitku.o
                0x0000000008002208                SystemClock_Config
 *fill*         0x00000000080022be        0x2 
 .text.MX_ADC1_Init
                0x00000000080022c0       0xd4 Src/HardwareInitku.o
                0x00000000080022c0                MX_ADC1_Init
 .text.MX_USART2_UART_Init
                0x0000000008002394       0x54 Src/HardwareInitku.o
                0x0000000008002394                MX_USART2_UART_Init
 .text.MX_DMA_Init
                0x00000000080023e8       0x3c Src/HardwareInitku.o
                0x00000000080023e8                MX_DMA_Init
 .text.MX_GPIO_Init
                0x0000000008002424       0xdc Src/HardwareInitku.o
                0x0000000008002424                MX_GPIO_Init
 .text.LCD_Write4Bit
                0x0000000008002500       0x6c Src/LCDku.o
                0x0000000008002500                LCD_Write4Bit
 .text.LCD_Send
                0x000000000800256c       0xdc Src/LCDku.o
                0x000000000800256c                LCD_Send
 .text.LCD_Init
                0x0000000008002648       0x40 Src/LCDku.o
                0x0000000008002648                LCD_Init
 .text.LCD_Print
                0x0000000008002688       0x2a Src/LCDku.o
                0x0000000008002688                LCD_Print
 *fill*         0x00000000080026b2        0x2 
 .text.LCD_PrintNum
                0x00000000080026b4       0x30 Src/LCDku.o
                0x00000000080026b4                LCD_PrintNum
 .text.LCD_SetCursor
                0x00000000080026e4       0x68 Src/LCDku.o
                0x00000000080026e4                LCD_SetCursor
 .text.LCD_Clear
                0x000000000800274c       0x10 Src/LCDku.o
                0x000000000800274c                LCD_Clear
 .text.__NVIC_EnableIRQ
                0x000000000800275c       0x38 Src/SCHtimeku.o
 .text.TIM4_IRQHandler
                0x0000000008002794        0xc Src/SCHtimeku.o
                0x0000000008002794                TIM4_IRQHandler
 .text.SCH_Init
                0x00000000080027a0       0x54 Src/SCHtimeku.o
                0x00000000080027a0                SCH_Init
 .text.__NVIC_EnableIRQ
                0x00000000080027f4       0x38 Src/SCHtimeku2.o
 .text.TIM3_IRQHandler
                0x000000000800282c        0xc Src/SCHtimeku2.o
                0x000000000800282c                TIM3_IRQHandler
 .text.SCH_Init2
                0x0000000008002838       0x54 Src/SCHtimeku2.o
                0x0000000008002838                SCH_Init2
 .text.Open_ADC_Init
                0x000000000800288c       0x1c Src/Sensorku.o
                0x000000000800288c                Open_ADC_Init
 .text.Task_Init
                0x00000000080028a8       0x2c Src/Taskku.o
                0x00000000080028a8                Task_Init
 .text.Task_Calibrate
                0x00000000080028d4       0xb0 Src/Taskku.o
                0x00000000080028d4                Task_Calibrate
 .text.Task_Run_Main
                0x0000000008002984      0x260 Src/Taskku.o
                0x0000000008002984                Task_Run_Main
 .text.Task_Run_Stopwatch
                0x0000000008002be4       0xd0 Src/Taskku.o
                0x0000000008002be4                Task_Run_Stopwatch
 .text.Task_Display
                0x0000000008002cb4       0x74 Src/Taskku.o
                0x0000000008002cb4                Task_Display
 .text.UART_Println
                0x0000000008002d28       0x3c Src/UARTku.o
                0x0000000008002d28                UART_Println
 .text.main     0x0000000008002d64       0x64 Src/main.o
                0x0000000008002d64                main
 .text.Error_Handler
                0x0000000008002dc8        0xc Src/main.o
                0x0000000008002dc8                Error_Handler
 .text.HAL_MspInit
                0x0000000008002dd4       0x64 Src/stm32f1xx_hal_msp.o
                0x0000000008002dd4                HAL_MspInit
 .text.HAL_ADC_MspInit
                0x0000000008002e38       0xe0 Src/stm32f1xx_hal_msp.o
                0x0000000008002e38                HAL_ADC_MspInit
 .text.HAL_UART_MspInit
                0x0000000008002f18       0x94 Src/stm32f1xx_hal_msp.o
                0x0000000008002f18                HAL_UART_MspInit
 .text.NMI_Handler
                0x0000000008002fac        0xc Src/stm32f1xx_it.o
                0x0000000008002fac                NMI_Handler
 .text.HardFault_Handler
                0x0000000008002fb8        0x6 Src/stm32f1xx_it.o
                0x0000000008002fb8                HardFault_Handler
 .text.MemManage_Handler
                0x0000000008002fbe        0x6 Src/stm32f1xx_it.o
                0x0000000008002fbe                MemManage_Handler
 .text.BusFault_Handler
                0x0000000008002fc4        0x6 Src/stm32f1xx_it.o
                0x0000000008002fc4                BusFault_Handler
 .text.UsageFault_Handler
                0x0000000008002fca        0x6 Src/stm32f1xx_it.o
                0x0000000008002fca                UsageFault_Handler
 .text.SVC_Handler
                0x0000000008002fd0        0xc Src/stm32f1xx_it.o
                0x0000000008002fd0                SVC_Handler
 .text.DebugMon_Handler
                0x0000000008002fdc        0xc Src/stm32f1xx_it.o
                0x0000000008002fdc                DebugMon_Handler
 .text.PendSV_Handler
                0x0000000008002fe8        0xc Src/stm32f1xx_it.o
                0x0000000008002fe8                PendSV_Handler
 .text.SysTick_Handler
                0x0000000008002ff4        0xc Src/stm32f1xx_it.o
                0x0000000008002ff4                SysTick_Handler
 .text.DMA1_Channel1_IRQHandler
                0x0000000008003000       0x14 Src/stm32f1xx_it.o
                0x0000000008003000                DMA1_Channel1_IRQHandler
 .text.ADC1_2_IRQHandler
                0x0000000008003014       0x14 Src/stm32f1xx_it.o
                0x0000000008003014                ADC1_2_IRQHandler
 .text._sbrk    0x0000000008003028       0x58 Src/sysmem.o
                0x0000000008003028                _sbrk
 .text.SystemInit
                0x0000000008003080       0x68 Src/system_stm32f1xx.o
                0x0000000008003080                SystemInit
 .text.Reset_Handler
                0x00000000080030e8       0x48 Startup/startup_stm32f103c8tx.o
                0x00000000080030e8                Reset_Handler
 .text.Default_Handler
                0x0000000008003130        0x2 Startup/startup_stm32f103c8tx.o
                0x0000000008003130                RTC_Alarm_IRQHandler
                0x0000000008003130                EXTI2_IRQHandler
                0x0000000008003130                TIM1_CC_IRQHandler
                0x0000000008003130                PVD_IRQHandler
                0x0000000008003130                EXTI3_IRQHandler
                0x0000000008003130                EXTI0_IRQHandler
                0x0000000008003130                I2C2_EV_IRQHandler
                0x0000000008003130                SPI1_IRQHandler
                0x0000000008003130                TAMPER_IRQHandler
                0x0000000008003130                DMA1_Channel4_IRQHandler
                0x0000000008003130                USART3_IRQHandler
                0x0000000008003130                RTC_IRQHandler
                0x0000000008003130                DMA1_Channel7_IRQHandler
                0x0000000008003130                CAN1_RX1_IRQHandler
                0x0000000008003130                I2C1_EV_IRQHandler
                0x0000000008003130                DMA1_Channel6_IRQHandler
                0x0000000008003130                RCC_IRQHandler
                0x0000000008003130                TIM1_TRG_COM_IRQHandler
                0x0000000008003130                Default_Handler
                0x0000000008003130                EXTI15_10_IRQHandler
                0x0000000008003130                EXTI9_5_IRQHandler
                0x0000000008003130                SPI2_IRQHandler
                0x0000000008003130                DMA1_Channel5_IRQHandler
                0x0000000008003130                EXTI4_IRQHandler
                0x0000000008003130                USB_LP_CAN1_RX0_IRQHandler
                0x0000000008003130                USB_HP_CAN1_TX_IRQHandler
                0x0000000008003130                DMA1_Channel3_IRQHandler
                0x0000000008003130                TIM1_UP_IRQHandler
                0x0000000008003130                WWDG_IRQHandler
                0x0000000008003130                TIM2_IRQHandler
                0x0000000008003130                TIM1_BRK_IRQHandler
                0x0000000008003130                EXTI1_IRQHandler
                0x0000000008003130                USART2_IRQHandler
                0x0000000008003130                I2C2_ER_IRQHandler
                0x0000000008003130                DMA1_Channel2_IRQHandler
                0x0000000008003130                CAN1_SCE_IRQHandler
                0x0000000008003130                FLASH_IRQHandler
                0x0000000008003130                USART1_IRQHandler
                0x0000000008003130                I2C1_ER_IRQHandler
                0x0000000008003130                USBWakeUp_IRQHandler
 *fill*         0x0000000008003132        0x2 
 .text.__errno  0x0000000008003134        0xc d:/data/cubeide/ide/stm32cubeide_1.0.2/stm32cubeide/plugins/com.st.stm32cube.ide.mcu.externaltools.gnu-tools-for-stm32.7-2018-q2-update.win32_1.0.0.201904181610/tools/bin/../lib/gcc/arm-none-eabi/7.3.1/../../../../arm-none-eabi/lib/thumb/v7-m\libc_nano.a(lib_a-errno.o)
                0x0000000008003134                __errno
 .text.__libc_init_array
                0x0000000008003140       0x48 d:/data/cubeide/ide/stm32cubeide_1.0.2/stm32cubeide/plugins/com.st.stm32cube.ide.mcu.externaltools.gnu-tools-for-stm32.7-2018-q2-update.win32_1.0.0.201904181610/tools/bin/../lib/gcc/arm-none-eabi/7.3.1/../../../../arm-none-eabi/lib/thumb/v7-m\libc_nano.a(lib_a-init.o)
                0x0000000008003140                __libc_init_array
 .text.memset   0x0000000008003188       0x10 d:/data/cubeide/ide/stm32cubeide_1.0.2/stm32cubeide/plugins/com.st.stm32cube.ide.mcu.externaltools.gnu-tools-for-stm32.7-2018-q2-update.win32_1.0.0.201904181610/tools/bin/../lib/gcc/arm-none-eabi/7.3.1/../../../../arm-none-eabi/lib/thumb/v7-m\libc_nano.a(lib_a-memset.o)
                0x0000000008003188                memset
 .text.sprintf  0x0000000008003198       0x40 d:/data/cubeide/ide/stm32cubeide_1.0.2/stm32cubeide/plugins/com.st.stm32cube.ide.mcu.externaltools.gnu-tools-for-stm32.7-2018-q2-update.win32_1.0.0.201904181610/tools/bin/../lib/gcc/arm-none-eabi/7.3.1/../../../../arm-none-eabi/lib/thumb/v7-m\libc_nano.a(lib_a-sprintf.o)
                0x0000000008003198                siprintf
                0x0000000008003198                sprintf
 .text.__ssputs_r
                0x00000000080031d8       0xb4 d:/data/cubeide/ide/stm32cubeide_1.0.2/stm32cubeide/plugins/com.st.stm32cube.ide.mcu.externaltools.gnu-tools-for-stm32.7-2018-q2-update.win32_1.0.0.201904181610/tools/bin/../lib/gcc/arm-none-eabi/7.3.1/../../../../arm-none-eabi/lib/thumb/v7-m\libc_nano.a(lib_a-nano-svfprintf.o)
                0x00000000080031d8                __ssputs_r
 .text._svfprintf_r
                0x000000000800328c      0x1f0 d:/data/cubeide/ide/stm32cubeide_1.0.2/stm32cubeide/plugins/com.st.stm32cube.ide.mcu.externaltools.gnu-tools-for-stm32.7-2018-q2-update.win32_1.0.0.201904181610/tools/bin/../lib/gcc/arm-none-eabi/7.3.1/../../../../arm-none-eabi/lib/thumb/v7-m\libc_nano.a(lib_a-nano-svfprintf.o)
                0x000000000800328c                _svfiprintf_r
                0x000000000800328c                _svfprintf_r
 .text._printf_common
                0x000000000800347c       0xec d:/data/cubeide/ide/stm32cubeide_1.0.2/stm32cubeide/plugins/com.st.stm32cube.ide.mcu.externaltools.gnu-tools-for-stm32.7-2018-q2-update.win32_1.0.0.201904181610/tools/bin/../lib/gcc/arm-none-eabi/7.3.1/../../../../arm-none-eabi/lib/thumb/v7-m\libc_nano.a(lib_a-nano-vfprintf_i.o)
                0x000000000800347c                _printf_common
 .text._printf_i
                0x0000000008003568      0x224 d:/data/cubeide/ide/stm32cubeide_1.0.2/stm32cubeide/plugins/com.st.stm32cube.ide.mcu.externaltools.gnu-tools-for-stm32.7-2018-q2-update.win32_1.0.0.201904181610/tools/bin/../lib/gcc/arm-none-eabi/7.3.1/../../../../arm-none-eabi/lib/thumb/v7-m\libc_nano.a(lib_a-nano-vfprintf_i.o)
                0x0000000008003568                _printf_i
 .text.memchr   0x000000000800378c       0x1c d:/data/cubeide/ide/stm32cubeide_1.0.2/stm32cubeide/plugins/com.st.stm32cube.ide.mcu.externaltools.gnu-tools-for-stm32.7-2018-q2-update.win32_1.0.0.201904181610/tools/bin/../lib/gcc/arm-none-eabi/7.3.1/../../../../arm-none-eabi/lib/thumb/v7-m\libc_nano.a(lib_a-memchr-stub.o)
                0x000000000800378c                memchr
 .text.memcpy   0x00000000080037a8       0x16 d:/data/cubeide/ide/stm32cubeide_1.0.2/stm32cubeide/plugins/com.st.stm32cube.ide.mcu.externaltools.gnu-tools-for-stm32.7-2018-q2-update.win32_1.0.0.201904181610/tools/bin/../lib/gcc/arm-none-eabi/7.3.1/../../../../arm-none-eabi/lib/thumb/v7-m\libc_nano.a(lib_a-memcpy-stub.o)
                0x00000000080037a8                memcpy
 .text.memmove  0x00000000080037be       0x32 d:/data/cubeide/ide/stm32cubeide_1.0.2/stm32cubeide/plugins/com.st.stm32cube.ide.mcu.externaltools.gnu-tools-for-stm32.7-2018-q2-update.win32_1.0.0.201904181610/tools/bin/../lib/gcc/arm-none-eabi/7.3.1/../../../../arm-none-eabi/lib/thumb/v7-m\libc_nano.a(lib_a-memmove.o)
                0x00000000080037be                memmove
 .text._free_r  0x00000000080037f0       0x98 d:/data/cubeide/ide/stm32cubeide_1.0.2/stm32cubeide/plugins/com.st.stm32cube.ide.mcu.externaltools.gnu-tools-for-stm32.7-2018-q2-update.win32_1.0.0.201904181610/tools/bin/../lib/gcc/arm-none-eabi/7.3.1/../../../../arm-none-eabi/lib/thumb/v7-m\libc_nano.a(lib_a-nano-freer.o)
                0x00000000080037f0                _free_r
 .text._malloc_r
                0x0000000008003888       0xb4 d:/data/cubeide/ide/stm32cubeide_1.0.2/stm32cubeide/plugins/com.st.stm32cube.ide.mcu.externaltools.gnu-tools-for-stm32.7-2018-q2-update.win32_1.0.0.201904181610/tools/bin/../lib/gcc/arm-none-eabi/7.3.1/../../../../arm-none-eabi/lib/thumb/v7-m\libc_nano.a(lib_a-nano-mallocr.o)
                0x0000000008003888                _malloc_r
 .text._realloc_r
                0x000000000800393c       0x4c d:/data/cubeide/ide/stm32cubeide_1.0.2/stm32cubeide/plugins/com.st.stm32cube.ide.mcu.externaltools.gnu-tools-for-stm32.7-2018-q2-update.win32_1.0.0.201904181610/tools/bin/../lib/gcc/arm-none-eabi/7.3.1/../../../../arm-none-eabi/lib/thumb/v7-m\libc_nano.a(lib_a-nano-reallocr.o)
                0x000000000800393c                _realloc_r
 .text._sbrk_r  0x0000000008003988       0x20 d:/data/cubeide/ide/stm32cubeide_1.0.2/stm32cubeide/plugins/com.st.stm32cube.ide.mcu.externaltools.gnu-tools-for-stm32.7-2018-q2-update.win32_1.0.0.201904181610/tools/bin/../lib/gcc/arm-none-eabi/7.3.1/../../../../arm-none-eabi/lib/thumb/v7-m\libc_nano.a(lib_a-sbrkr.o)
                0x0000000008003988                _sbrk_r
 .text.__malloc_lock
                0x00000000080039a8        0x2 d:/data/cubeide/ide/stm32cubeide_1.0.2/stm32cubeide/plugins/com.st.stm32cube.ide.mcu.externaltools.gnu-tools-for-stm32.7-2018-q2-update.win32_1.0.0.201904181610/tools/bin/../lib/gcc/arm-none-eabi/7.3.1/../../../../arm-none-eabi/lib/thumb/v7-m\libc_nano.a(lib_a-mlock.o)
                0x00000000080039a8                __malloc_lock
 .text.__malloc_unlock
                0x00000000080039aa        0x2 d:/data/cubeide/ide/stm32cubeide_1.0.2/stm32cubeide/plugins/com.st.stm32cube.ide.mcu.externaltools.gnu-tools-for-stm32.7-2018-q2-update.win32_1.0.0.201904181610/tools/bin/../lib/gcc/arm-none-eabi/7.3.1/../../../../arm-none-eabi/lib/thumb/v7-m\libc_nano.a(lib_a-mlock.o)
                0x00000000080039aa                __malloc_unlock
 .text._malloc_usable_size_r
                0x00000000080039ac       0x10 d:/data/cubeide/ide/stm32cubeide_1.0.2/stm32cubeide/plugins/com.st.stm32cube.ide.mcu.externaltools.gnu-tools-for-stm32.7-2018-q2-update.win32_1.0.0.201904181610/tools/bin/../lib/gcc/arm-none-eabi/7.3.1/../../../../arm-none-eabi/lib/thumb/v7-m\libc_nano.a(lib_a-nano-msizer.o)
                0x00000000080039ac                _malloc_usable_size_r
 *(.glue_7)
 .glue_7        0x00000000080039bc        0x0 linker stubs
 *(.glue_7t)
 .glue_7t       0x00000000080039bc        0x0 linker stubs
 *(.eh_frame)
 .eh_frame      0x00000000080039bc        0x0 d:/data/cubeide/ide/stm32cubeide_1.0.2/stm32cubeide/plugins/com.st.stm32cube.ide.mcu.externaltools.gnu-tools-for-stm32.7-2018-q2-update.win32_1.0.0.201904181610/tools/bin/../lib/gcc/arm-none-eabi/7.3.1/thumb/v7-m/crtbegin.o
 *(.init)
 .init          0x00000000080039bc        0x4 d:/data/cubeide/ide/stm32cubeide_1.0.2/stm32cubeide/plugins/com.st.stm32cube.ide.mcu.externaltools.gnu-tools-for-stm32.7-2018-q2-update.win32_1.0.0.201904181610/tools/bin/../lib/gcc/arm-none-eabi/7.3.1/thumb/v7-m/crti.o
                0x00000000080039bc                _init
 .init          0x00000000080039c0        0x8 d:/data/cubeide/ide/stm32cubeide_1.0.2/stm32cubeide/plugins/com.st.stm32cube.ide.mcu.externaltools.gnu-tools-for-stm32.7-2018-q2-update.win32_1.0.0.201904181610/tools/bin/../lib/gcc/arm-none-eabi/7.3.1/thumb/v7-m/crtn.o
 *(.fini)
 .fini          0x00000000080039c8        0x4 d:/data/cubeide/ide/stm32cubeide_1.0.2/stm32cubeide/plugins/com.st.stm32cube.ide.mcu.externaltools.gnu-tools-for-stm32.7-2018-q2-update.win32_1.0.0.201904181610/tools/bin/../lib/gcc/arm-none-eabi/7.3.1/thumb/v7-m/crti.o
                0x00000000080039c8                _fini
 .fini          0x00000000080039cc        0x8 d:/data/cubeide/ide/stm32cubeide_1.0.2/stm32cubeide/plugins/com.st.stm32cube.ide.mcu.externaltools.gnu-tools-for-stm32.7-2018-q2-update.win32_1.0.0.201904181610/tools/bin/../lib/gcc/arm-none-eabi/7.3.1/thumb/v7-m/crtn.o
                0x00000000080039d4                . = ALIGN (0x4)
                0x00000000080039d4                _etext = .

.vfp11_veneer   0x00000000080039d4        0x0
 .vfp11_veneer  0x00000000080039d4        0x0 linker stubs

.v4_bx          0x00000000080039d4        0x0
 .v4_bx         0x00000000080039d4        0x0 linker stubs

.iplt           0x00000000080039d4        0x0
 .iplt          0x00000000080039d4        0x0 d:/data/cubeide/ide/stm32cubeide_1.0.2/stm32cubeide/plugins/com.st.stm32cube.ide.mcu.externaltools.gnu-tools-for-stm32.7-2018-q2-update.win32_1.0.0.201904181610/tools/bin/../lib/gcc/arm-none-eabi/7.3.1/thumb/v7-m/crtbegin.o

.rodata         0x00000000080039d4       0xa0
                0x00000000080039d4                . = ALIGN (0x4)
 *(.rodata)
 .rodata        0x00000000080039d4       0x12 Drivers/STM32F1xx_HAL_Driver/Src/stm32f1xx_hal_rcc.o
 *fill*         0x00000000080039e6        0x2 
 .rodata        0x00000000080039e8        0x3 Src/LCDku.o
 *fill*         0x00000000080039eb        0x1 
 .rodata        0x00000000080039ec       0x3a Src/Taskku.o
 *(.rodata*)
 *fill*         0x0000000008003a26        0x2 
 .rodata.AHBPrescTable
                0x0000000008003a28       0x10 Src/system_stm32f1xx.o
                0x0000000008003a28                AHBPrescTable
 .rodata.APBPrescTable
                0x0000000008003a38        0x8 Src/system_stm32f1xx.o
                0x0000000008003a38                APBPrescTable
 .rodata._svfprintf_r.str1.1
                0x0000000008003a40       0x11 d:/data/cubeide/ide/stm32cubeide_1.0.2/stm32cubeide/plugins/com.st.stm32cube.ide.mcu.externaltools.gnu-tools-for-stm32.7-2018-q2-update.win32_1.0.0.201904181610/tools/bin/../lib/gcc/arm-none-eabi/7.3.1/../../../../arm-none-eabi/lib/thumb/v7-m\libc_nano.a(lib_a-nano-svfprintf.o)
 .rodata._printf_i.str1.1
                0x0000000008003a51       0x22 d:/data/cubeide/ide/stm32cubeide_1.0.2/stm32cubeide/plugins/com.st.stm32cube.ide.mcu.externaltools.gnu-tools-for-stm32.7-2018-q2-update.win32_1.0.0.201904181610/tools/bin/../lib/gcc/arm-none-eabi/7.3.1/../../../../arm-none-eabi/lib/thumb/v7-m\libc_nano.a(lib_a-nano-vfprintf_i.o)
                0x0000000008003a74                . = ALIGN (0x4)
 *fill*         0x0000000008003a73        0x1 

.rel.dyn        0x0000000008003a74        0x0
 .rel.iplt      0x0000000008003a74        0x0 d:/data/cubeide/ide/stm32cubeide_1.0.2/stm32cubeide/plugins/com.st.stm32cube.ide.mcu.externaltools.gnu-tools-for-stm32.7-2018-q2-update.win32_1.0.0.201904181610/tools/bin/../lib/gcc/arm-none-eabi/7.3.1/thumb/v7-m/crtbegin.o

.ARM.extab      0x0000000008003a74        0x0
                0x0000000008003a74                . = ALIGN (0x4)
 *(.ARM.extab* .gnu.linkonce.armextab.*)
                0x0000000008003a74                . = ALIGN (0x4)

.ARM            0x0000000008003a74        0x0
                0x0000000008003a74                . = ALIGN (0x4)
                0x0000000008003a74                __exidx_start = .
 *(.ARM.exidx*)
                0x0000000008003a74                __exidx_end = .
                0x0000000008003a74                . = ALIGN (0x4)

.preinit_array  0x0000000008003a74        0x0
                0x0000000008003a74                . = ALIGN (0x4)
                0x0000000008003a74                PROVIDE (__preinit_array_start = .)
 *(.preinit_array*)
                0x0000000008003a74                PROVIDE (__preinit_array_end = .)
                0x0000000008003a74                . = ALIGN (0x4)

.init_array     0x0000000008003a74        0x4
                0x0000000008003a74                . = ALIGN (0x4)
                0x0000000008003a74                PROVIDE (__init_array_start = .)
 *(SORT_BY_NAME(.init_array.*))
 *(.init_array*)
 .init_array    0x0000000008003a74        0x4 d:/data/cubeide/ide/stm32cubeide_1.0.2/stm32cubeide/plugins/com.st.stm32cube.ide.mcu.externaltools.gnu-tools-for-stm32.7-2018-q2-update.win32_1.0.0.201904181610/tools/bin/../lib/gcc/arm-none-eabi/7.3.1/thumb/v7-m/crtbegin.o
                0x0000000008003a78                PROVIDE (__init_array_end = .)
                0x0000000008003a78                . = ALIGN (0x4)

.fini_array     0x0000000008003a78        0x4
                0x0000000008003a78                . = ALIGN (0x4)
                [!provide]                        PROVIDE (__fini_array_start = .)
 *(SORT_BY_NAME(.fini_array.*))
 *(.fini_array*)
 .fini_array    0x0000000008003a78        0x4 d:/data/cubeide/ide/stm32cubeide_1.0.2/stm32cubeide/plugins/com.st.stm32cube.ide.mcu.externaltools.gnu-tools-for-stm32.7-2018-q2-update.win32_1.0.0.201904181610/tools/bin/../lib/gcc/arm-none-eabi/7.3.1/thumb/v7-m/crtbegin.o
                [!provide]                        PROVIDE (__fini_array_end = .)
                0x0000000008003a7c                . = ALIGN (0x4)
                0x0000000008003a7c                _sidata = LOADADDR (.data)

.data           0x0000000020000000       0x7c load address 0x0000000008003a7c
                0x0000000020000000                . = ALIGN (0x4)
                0x0000000020000000                _sdata = .
 *(.data)
 *(.data*)
 .data.uwTickPrio
                0x0000000020000000        0x4 Drivers/STM32F1xx_HAL_Driver/Src/stm32f1xx_hal.o
                0x0000000020000000                uwTickPrio
 .data.uwTickFreq
                0x0000000020000004        0x1 Drivers/STM32F1xx_HAL_Driver/Src/stm32f1xx_hal.o
                0x0000000020000004                uwTickFreq
 *fill*         0x0000000020000005        0x3 
 .data.Light    0x0000000020000008        0x6 Src/Taskku.o
                0x0000000020000008                Light
 .data.timeOutVal
                0x000000002000000e        0x2 Src/Taskku.o
                0x000000002000000e                timeOutVal
 .data.bouncing1
                0x0000000020000010        0x1 Src/Taskku.o
                0x0000000020000010                bouncing1
 .data.bouncing2
                0x0000000020000011        0x1 Src/Taskku.o
                0x0000000020000011                bouncing2
 .data.bouncing3
                0x0000000020000012        0x1 Src/Taskku.o
                0x0000000020000012                bouncing3
 *fill*         0x0000000020000013        0x1 
 .data.SystemCoreClock
                0x0000000020000014        0x4 Src/system_stm32f1xx.o
                0x0000000020000014                SystemCoreClock
 .data._impure_ptr
                0x0000000020000018        0x4 d:/data/cubeide/ide/stm32cubeide_1.0.2/stm32cubeide/plugins/com.st.stm32cube.ide.mcu.externaltools.gnu-tools-for-stm32.7-2018-q2-update.win32_1.0.0.201904181610/tools/bin/../lib/gcc/arm-none-eabi/7.3.1/../../../../arm-none-eabi/lib/thumb/v7-m\libc_nano.a(lib_a-impure.o)
                0x0000000020000018                _impure_ptr
 .data.impure_data
                0x000000002000001c       0x60 d:/data/cubeide/ide/stm32cubeide_1.0.2/stm32cubeide/plugins/com.st.stm32cube.ide.mcu.externaltools.gnu-tools-for-stm32.7-2018-q2-update.win32_1.0.0.201904181610/tools/bin/../lib/gcc/arm-none-eabi/7.3.1/../../../../arm-none-eabi/lib/thumb/v7-m\libc_nano.a(lib_a-impure.o)
                0x000000002000007c                . = ALIGN (0x4)
                0x000000002000007c                _edata = .

.igot.plt       0x000000002000007c        0x0 load address 0x0000000008003af8
 .igot.plt      0x000000002000007c        0x0 d:/data/cubeide/ide/stm32cubeide_1.0.2/stm32cubeide/plugins/com.st.stm32cube.ide.mcu.externaltools.gnu-tools-for-stm32.7-2018-q2-update.win32_1.0.0.201904181610/tools/bin/../lib/gcc/arm-none-eabi/7.3.1/thumb/v7-m/crtbegin.o
                0x000000002000007c                . = ALIGN (0x4)

.bss            0x0000000020000080      0x17c load address 0x0000000008003af8
                0x0000000020000080                _sbss = .
                0x0000000020000080                __bss_start__ = _sbss
 *(.bss)
 .bss           0x0000000020000080       0x1c d:/data/cubeide/ide/stm32cubeide_1.0.2/stm32cubeide/plugins/com.st.stm32cube.ide.mcu.externaltools.gnu-tools-for-stm32.7-2018-q2-update.win32_1.0.0.201904181610/tools/bin/../lib/gcc/arm-none-eabi/7.3.1/thumb/v7-m/crtbegin.o
 *(.bss*)
 *fill*         0x000000002000009c        0x4 
 .bss.counter_gap
                0x00000000200000a0        0x8 Src/Taskku.o
                0x00000000200000a0                counter_gap
 .bss.heap_end.5149
                0x00000000200000a8        0x4 Src/sysmem.o
 .bss.__malloc_free_list
                0x00000000200000ac        0x4 d:/data/cubeide/ide/stm32cubeide_1.0.2/stm32cubeide/plugins/com.st.stm32cube.ide.mcu.externaltools.gnu-tools-for-stm32.7-2018-q2-update.win32_1.0.0.201904181610/tools/bin/../lib/gcc/arm-none-eabi/7.3.1/../../../../arm-none-eabi/lib/thumb/v7-m\libc_nano.a(lib_a-nano-mallocr.o)
                0x00000000200000ac                __malloc_free_list
 .bss.__malloc_sbrk_start
                0x00000000200000b0        0x4 d:/data/cubeide/ide/stm32cubeide_1.0.2/stm32cubeide/plugins/com.st.stm32cube.ide.mcu.externaltools.gnu-tools-for-stm32.7-2018-q2-update.win32_1.0.0.201904181610/tools/bin/../lib/gcc/arm-none-eabi/7.3.1/../../../../arm-none-eabi/lib/thumb/v7-m\libc_nano.a(lib_a-nano-mallocr.o)
                0x00000000200000b0                __malloc_sbrk_start
 *(COMMON)
 COMMON         0x00000000200000b4        0x4 Drivers/STM32F1xx_HAL_Driver/Src/stm32f1xx_hal.o
                0x00000000200000b4                uwTick
 COMMON         0x00000000200000b8      0x108 Src/Counterku.o
                0x00000000200000b8                time_milisec
                0x00000000200000bc                milisec_sens1
                0x00000000200000c0                elapse_time_sens2
                0x00000000200000c8                elapse_time_sens1
                0x00000000200000d0                milisec_sens3
                0x00000000200000d2                milisec
                0x00000000200000d4                hadc1
                0x0000000020000104                hdma_adc1
                0x0000000020000148                elapse_time_sens3
                0x0000000020000150                sec_sens1
                0x0000000020000152                min
                0x0000000020000153                sec
                0x0000000020000158                counter_stop
                0x0000000020000160                sec_sens3
                0x0000000020000164                huart2
                0x00000000200001a4                milisec_sens2
                0x00000000200001a8                time_sec
                0x00000000200001ac                sec_sens2
                0x00000000200001b0                time_minute
                0x00000000200001b4                value
 COMMON         0x00000000200001c0       0x38 Src/Taskku.o
                0x00000000200001c0                lapB_milis
                0x00000000200001c2                lapA_minute
                0x00000000200001c4                timeOut2
                0x00000000200001c6                timeOut4
                0x00000000200001c8                lapB_Sec
                0x00000000200001ca                LAP_B
                0x00000000200001cc                lapA_milis
                0x00000000200001d0                Thrs
                0x00000000200001d6                second
                0x00000000200001d8                lapC_Sec
                0x00000000200001da                minute
                0x00000000200001dc                lapC_minute
                0x00000000200001de                refreshDisplay
                0x00000000200001e0                timeOut3
                0x00000000200001e2                timeOut5
                0x00000000200001e4                Dark
                0x00000000200001ea                LAP_A
                0x00000000200001eb                error
                0x00000000200001ec                stopwatchEnable
                0x00000000200001ee                timeOut1
                0x00000000200001f0                milisecond
                0x00000000200001f2                lapA_Sec
                0x00000000200001f4                LAP_C
                0x00000000200001f6                lapC_milis
 COMMON         0x00000000200001f8        0x4 d:/data/cubeide/ide/stm32cubeide_1.0.2/stm32cubeide/plugins/com.st.stm32cube.ide.mcu.externaltools.gnu-tools-for-stm32.7-2018-q2-update.win32_1.0.0.201904181610/tools/bin/../lib/gcc/arm-none-eabi/7.3.1/../../../../arm-none-eabi/lib/thumb/v7-m\libc_nano.a(lib_a-reent.o)
                0x00000000200001f8                errno
                0x00000000200001fc                . = ALIGN (0x4)
                0x00000000200001fc                _ebss = .
                0x00000000200001fc                __bss_end__ = _ebss

._user_heap_stack
                0x00000000200001fc      0x604 load address 0x0000000008003af8
                0x0000000020000200                . = ALIGN (0x8)
 *fill*         0x00000000200001fc        0x4 
                0x0000000020000200                PROVIDE (end = .)
                [!provide]                        PROVIDE (_end = .)
                0x0000000020000400                . = (. + _Min_Heap_Size)
 *fill*         0x0000000020000200      0x200 
                0x0000000020000800                . = (. + _Min_Stack_Size)
 *fill*         0x0000000020000400      0x400 
                0x0000000020000800                . = ALIGN (0x8)

/DISCARD/
 libc.a(*)
 libm.a(*)
 libgcc.a(*)

.ARM.attributes
                0x0000000000000000       0x29
 *(.ARM.attributes)
 .ARM.attributes
                0x0000000000000000       0x1d d:/data/cubeide/ide/stm32cubeide_1.0.2/stm32cubeide/plugins/com.st.stm32cube.ide.mcu.externaltools.gnu-tools-for-stm32.7-2018-q2-update.win32_1.0.0.201904181610/tools/bin/../lib/gcc/arm-none-eabi/7.3.1/thumb/v7-m/crti.o
 .ARM.attributes
                0x000000000000001d       0x2d d:/data/cubeide/ide/stm32cubeide_1.0.2/stm32cubeide/plugins/com.st.stm32cube.ide.mcu.externaltools.gnu-tools-for-stm32.7-2018-q2-update.win32_1.0.0.201904181610/tools/bin/../lib/gcc/arm-none-eabi/7.3.1/thumb/v7-m/crtbegin.o
 .ARM.attributes
                0x000000000000004a       0x33 Drivers/STM32F1xx_HAL_Driver/Src/stm32f1xx_hal.o
 .ARM.attributes
                0x000000000000007d       0x33 Drivers/STM32F1xx_HAL_Driver/Src/stm32f1xx_hal_adc.o
 .ARM.attributes
                0x00000000000000b0       0x33 Drivers/STM32F1xx_HAL_Driver/Src/stm32f1xx_hal_adc_ex.o
 .ARM.attributes
                0x00000000000000e3       0x33 Drivers/STM32F1xx_HAL_Driver/Src/stm32f1xx_hal_cortex.o
 .ARM.attributes
                0x0000000000000116       0x33 Drivers/STM32F1xx_HAL_Driver/Src/stm32f1xx_hal_dma.o
 .ARM.attributes
                0x0000000000000149       0x33 Drivers/STM32F1xx_HAL_Driver/Src/stm32f1xx_hal_gpio.o
 .ARM.attributes
                0x000000000000017c       0x33 Drivers/STM32F1xx_HAL_Driver/Src/stm32f1xx_hal_rcc.o
 .ARM.attributes
                0x00000000000001af       0x33 Drivers/STM32F1xx_HAL_Driver/Src/stm32f1xx_hal_rcc_ex.o
 .ARM.attributes
                0x00000000000001e2       0x33 Drivers/STM32F1xx_HAL_Driver/Src/stm32f1xx_hal_uart.o
 .ARM.attributes
                0x0000000000000215       0x33 Src/Counterku.o
 .ARM.attributes
                0x0000000000000248       0x33 Src/HardwareInitku.o
 .ARM.attributes
                0x000000000000027b       0x33 Src/LCDku.o
 .ARM.attributes
                0x00000000000002ae       0x33 Src/SCHtimeku.o
 .ARM.attributes
                0x00000000000002e1       0x33 Src/SCHtimeku2.o
 .ARM.attributes
                0x0000000000000314       0x33 Src/Sensorku.o
 .ARM.attributes
                0x0000000000000347       0x33 Src/Taskku.o
 .ARM.attributes
                0x000000000000037a       0x33 Src/UARTku.o
 .ARM.attributes
                0x00000000000003ad       0x33 Src/main.o
 .ARM.attributes
                0x00000000000003e0       0x33 Src/stm32f1xx_hal_msp.o
 .ARM.attributes
                0x0000000000000413       0x33 Src/stm32f1xx_it.o
 .ARM.attributes
                0x0000000000000446       0x33 Src/sysmem.o
 .ARM.attributes
                0x0000000000000479       0x33 Src/system_stm32f1xx.o
 .ARM.attributes
                0x00000000000004ac       0x21 Startup/startup_stm32f103c8tx.o
 .ARM.attributes
                0x00000000000004cd       0x2d d:/data/cubeide/ide/stm32cubeide_1.0.2/stm32cubeide/plugins/com.st.stm32cube.ide.mcu.externaltools.gnu-tools-for-stm32.7-2018-q2-update.win32_1.0.0.201904181610/tools/bin/../lib/gcc/arm-none-eabi/7.3.1/../../../../arm-none-eabi/lib/thumb/v7-m\libc_nano.a(lib_a-errno.o)
 .ARM.attributes
                0x00000000000004fa       0x2d d:/data/cubeide/ide/stm32cubeide_1.0.2/stm32cubeide/plugins/com.st.stm32cube.ide.mcu.externaltools.gnu-tools-for-stm32.7-2018-q2-update.win32_1.0.0.201904181610/tools/bin/../lib/gcc/arm-none-eabi/7.3.1/../../../../arm-none-eabi/lib/thumb/v7-m\libc_nano.a(lib_a-impure.o)
 .ARM.attributes
                0x0000000000000527       0x2d d:/data/cubeide/ide/stm32cubeide_1.0.2/stm32cubeide/plugins/com.st.stm32cube.ide.mcu.externaltools.gnu-tools-for-stm32.7-2018-q2-update.win32_1.0.0.201904181610/tools/bin/../lib/gcc/arm-none-eabi/7.3.1/../../../../arm-none-eabi/lib/thumb/v7-m\libc_nano.a(lib_a-init.o)
 .ARM.attributes
                0x0000000000000554       0x2d d:/data/cubeide/ide/stm32cubeide_1.0.2/stm32cubeide/plugins/com.st.stm32cube.ide.mcu.externaltools.gnu-tools-for-stm32.7-2018-q2-update.win32_1.0.0.201904181610/tools/bin/../lib/gcc/arm-none-eabi/7.3.1/../../../../arm-none-eabi/lib/thumb/v7-m\libc_nano.a(lib_a-memset.o)
 .ARM.attributes
                0x0000000000000581       0x2d d:/data/cubeide/ide/stm32cubeide_1.0.2/stm32cubeide/plugins/com.st.stm32cube.ide.mcu.externaltools.gnu-tools-for-stm32.7-2018-q2-update.win32_1.0.0.201904181610/tools/bin/../lib/gcc/arm-none-eabi/7.3.1/../../../../arm-none-eabi/lib/thumb/v7-m\libc_nano.a(lib_a-sprintf.o)
 .ARM.attributes
                0x00000000000005ae       0x17 d:/data/cubeide/ide/stm32cubeide_1.0.2/stm32cubeide/plugins/com.st.stm32cube.ide.mcu.externaltools.gnu-tools-for-stm32.7-2018-q2-update.win32_1.0.0.201904181610/tools/bin/../lib/gcc/arm-none-eabi/7.3.1/../../../../arm-none-eabi/lib/thumb/v7-m\libc_nano.a(lib_a-strlen.o)
 .ARM.attributes
                0x00000000000005c5       0x2d d:/data/cubeide/ide/stm32cubeide_1.0.2/stm32cubeide/plugins/com.st.stm32cube.ide.mcu.externaltools.gnu-tools-for-stm32.7-2018-q2-update.win32_1.0.0.201904181610/tools/bin/../lib/gcc/arm-none-eabi/7.3.1/../../../../arm-none-eabi/lib/thumb/v7-m\libc_nano.a(lib_a-nano-svfprintf.o)
 .ARM.attributes
                0x00000000000005f2       0x2d d:/data/cubeide/ide/stm32cubeide_1.0.2/stm32cubeide/plugins/com.st.stm32cube.ide.mcu.externaltools.gnu-tools-for-stm32.7-2018-q2-update.win32_1.0.0.201904181610/tools/bin/../lib/gcc/arm-none-eabi/7.3.1/../../../../arm-none-eabi/lib/thumb/v7-m\libc_nano.a(lib_a-nano-vfprintf_i.o)
 .ARM.attributes
                0x000000000000061f       0x2d d:/data/cubeide/ide/stm32cubeide_1.0.2/stm32cubeide/plugins/com.st.stm32cube.ide.mcu.externaltools.gnu-tools-for-stm32.7-2018-q2-update.win32_1.0.0.201904181610/tools/bin/../lib/gcc/arm-none-eabi/7.3.1/../../../../arm-none-eabi/lib/thumb/v7-m\libc_nano.a(lib_a-memchr-stub.o)
 .ARM.attributes
                0x000000000000064c       0x2d d:/data/cubeide/ide/stm32cubeide_1.0.2/stm32cubeide/plugins/com.st.stm32cube.ide.mcu.externaltools.gnu-tools-for-stm32.7-2018-q2-update.win32_1.0.0.201904181610/tools/bin/../lib/gcc/arm-none-eabi/7.3.1/../../../../arm-none-eabi/lib/thumb/v7-m\libc_nano.a(lib_a-memcpy-stub.o)
 .ARM.attributes
                0x0000000000000679       0x2d d:/data/cubeide/ide/stm32cubeide_1.0.2/stm32cubeide/plugins/com.st.stm32cube.ide.mcu.externaltools.gnu-tools-for-stm32.7-2018-q2-update.win32_1.0.0.201904181610/tools/bin/../lib/gcc/arm-none-eabi/7.3.1/../../../../arm-none-eabi/lib/thumb/v7-m\libc_nano.a(lib_a-memmove.o)
 .ARM.attributes
                0x00000000000006a6       0x2d d:/data/cubeide/ide/stm32cubeide_1.0.2/stm32cubeide/plugins/com.st.stm32cube.ide.mcu.externaltools.gnu-tools-for-stm32.7-2018-q2-update.win32_1.0.0.201904181610/tools/bin/../lib/gcc/arm-none-eabi/7.3.1/../../../../arm-none-eabi/lib/thumb/v7-m\libc_nano.a(lib_a-nano-freer.o)
 .ARM.attributes
                0x00000000000006d3       0x2d d:/data/cubeide/ide/stm32cubeide_1.0.2/stm32cubeide/plugins/com.st.stm32cube.ide.mcu.externaltools.gnu-tools-for-stm32.7-2018-q2-update.win32_1.0.0.201904181610/tools/bin/../lib/gcc/arm-none-eabi/7.3.1/../../../../arm-none-eabi/lib/thumb/v7-m\libc_nano.a(lib_a-nano-mallocr.o)
 .ARM.attributes
                0x0000000000000700       0x2d d:/data/cubeide/ide/stm32cubeide_1.0.2/stm32cubeide/plugins/com.st.stm32cube.ide.mcu.externaltools.gnu-tools-for-stm32.7-2018-q2-update.win32_1.0.0.201904181610/tools/bin/../lib/gcc/arm-none-eabi/7.3.1/../../../../arm-none-eabi/lib/thumb/v7-m\libc_nano.a(lib_a-nano-reallocr.o)
 .ARM.attributes
                0x000000000000072d       0x2d d:/data/cubeide/ide/stm32cubeide_1.0.2/stm32cubeide/plugins/com.st.stm32cube.ide.mcu.externaltools.gnu-tools-for-stm32.7-2018-q2-update.win32_1.0.0.201904181610/tools/bin/../lib/gcc/arm-none-eabi/7.3.1/../../../../arm-none-eabi/lib/thumb/v7-m\libc_nano.a(lib_a-sbrkr.o)
 .ARM.attributes
                0x000000000000075a       0x2d d:/data/cubeide/ide/stm32cubeide_1.0.2/stm32cubeide/plugins/com.st.stm32cube.ide.mcu.externaltools.gnu-tools-for-stm32.7-2018-q2-update.win32_1.0.0.201904181610/tools/bin/../lib/gcc/arm-none-eabi/7.3.1/../../../../arm-none-eabi/lib/thumb/v7-m\libc_nano.a(lib_a-mlock.o)
 .ARM.attributes
                0x0000000000000787       0x2d d:/data/cubeide/ide/stm32cubeide_1.0.2/stm32cubeide/plugins/com.st.stm32cube.ide.mcu.externaltools.gnu-tools-for-stm32.7-2018-q2-update.win32_1.0.0.201904181610/tools/bin/../lib/gcc/arm-none-eabi/7.3.1/../../../../arm-none-eabi/lib/thumb/v7-m\libc_nano.a(lib_a-nano-msizer.o)
 .ARM.attributes
                0x00000000000007b4       0x2d d:/data/cubeide/ide/stm32cubeide_1.0.2/stm32cubeide/plugins/com.st.stm32cube.ide.mcu.externaltools.gnu-tools-for-stm32.7-2018-q2-update.win32_1.0.0.201904181610/tools/bin/../lib/gcc/arm-none-eabi/7.3.1/../../../../arm-none-eabi/lib/thumb/v7-m\libc_nano.a(lib_a-reent.o)
 .ARM.attributes
                0x00000000000007e1       0x1d d:/data/cubeide/ide/stm32cubeide_1.0.2/stm32cubeide/plugins/com.st.stm32cube.ide.mcu.externaltools.gnu-tools-for-stm32.7-2018-q2-update.win32_1.0.0.201904181610/tools/bin/../lib/gcc/arm-none-eabi/7.3.1/thumb/v7-m/crtn.o
OUTPUT(UTS_TamiyaCounter.elf elf32-littlearm)

.debug_info     0x0000000000000000    0x11008
 .debug_info    0x0000000000000000      0x6fe Drivers/STM32F1xx_HAL_Driver/Src/stm32f1xx_hal.o
 .debug_info    0x00000000000006fe      0xc61 Drivers/STM32F1xx_HAL_Driver/Src/stm32f1xx_hal_adc.o
 .debug_info    0x000000000000135f      0x9fb Drivers/STM32F1xx_HAL_Driver/Src/stm32f1xx_hal_adc_ex.o
 .debug_info    0x0000000000001d5a      0xb46 Drivers/STM32F1xx_HAL_Driver/Src/stm32f1xx_hal_cortex.o
 .debug_info    0x00000000000028a0      0x7a6 Drivers/STM32F1xx_HAL_Driver/Src/stm32f1xx_hal_dma.o
 .debug_info    0x0000000000003046      0x681 Drivers/STM32F1xx_HAL_Driver/Src/stm32f1xx_hal_gpio.o
 .debug_info    0x00000000000036c7      0x804 Drivers/STM32F1xx_HAL_Driver/Src/stm32f1xx_hal_rcc.o
 .debug_info    0x0000000000003ecb      0x439 Drivers/STM32F1xx_HAL_Driver/Src/stm32f1xx_hal_rcc_ex.o
 .debug_info    0x0000000000004304     0x11e3 Drivers/STM32F1xx_HAL_Driver/Src/stm32f1xx_hal_uart.o
 .debug_info    0x00000000000054e7      0xa84 Src/Counterku.o
 .debug_info    0x0000000000005f6b      0xd0c Src/HardwareInitku.o
 .debug_info    0x0000000000006c77     0x11b3 Src/LCDku.o
 .debug_info    0x0000000000007e2a     0x14bb Src/SCHtimeku.o
 .debug_info    0x00000000000092e5     0x142e Src/SCHtimeku2.o
 .debug_info    0x000000000000a713      0x7d7 Src/Sensorku.o
 .debug_info    0x000000000000aeea     0x13f9 Src/Taskku.o
 .debug_info    0x000000000000c2e3     0x105b Src/UARTku.o
 .debug_info    0x000000000000d33e     0x1239 Src/main.o
 .debug_info    0x000000000000e577      0xc23 Src/stm32f1xx_hal_msp.o
 .debug_info    0x000000000000f19a     0x10fd Src/stm32f1xx_it.o
 .debug_info    0x0000000000010297      0x91c Src/sysmem.o
 .debug_info    0x0000000000010bb3      0x433 Src/system_stm32f1xx.o
 .debug_info    0x0000000000010fe6       0x22 Startup/startup_stm32f103c8tx.o

.debug_abbrev   0x0000000000000000     0x298b
 .debug_abbrev  0x0000000000000000      0x1d8 Drivers/STM32F1xx_HAL_Driver/Src/stm32f1xx_hal.o
 .debug_abbrev  0x00000000000001d8      0x1d5 Drivers/STM32F1xx_HAL_Driver/Src/stm32f1xx_hal_adc.o
 .debug_abbrev  0x00000000000003ad      0x1f5 Drivers/STM32F1xx_HAL_Driver/Src/stm32f1xx_hal_adc_ex.o
 .debug_abbrev  0x00000000000005a2      0x2d5 Drivers/STM32F1xx_HAL_Driver/Src/stm32f1xx_hal_cortex.o
 .debug_abbrev  0x0000000000000877      0x1fe Drivers/STM32F1xx_HAL_Driver/Src/stm32f1xx_hal_dma.o
 .debug_abbrev  0x0000000000000a75      0x1c0 Drivers/STM32F1xx_HAL_Driver/Src/stm32f1xx_hal_gpio.o
 .debug_abbrev  0x0000000000000c35      0x243 Drivers/STM32F1xx_HAL_Driver/Src/stm32f1xx_hal_rcc.o
 .debug_abbrev  0x0000000000000e78      0x175 Drivers/STM32F1xx_HAL_Driver/Src/stm32f1xx_hal_rcc_ex.o
 .debug_abbrev  0x0000000000000fed      0x242 Drivers/STM32F1xx_HAL_Driver/Src/stm32f1xx_hal_uart.o
 .debug_abbrev  0x000000000000122f      0x17a Src/Counterku.o
 .debug_abbrev  0x00000000000013a9      0x1af Src/HardwareInitku.o
 .debug_abbrev  0x0000000000001558      0x235 Src/LCDku.o
 .debug_abbrev  0x000000000000178d      0x226 Src/SCHtimeku.o
 .debug_abbrev  0x00000000000019b3      0x215 Src/SCHtimeku2.o
 .debug_abbrev  0x0000000000001bc8      0x151 Src/Sensorku.o
 .debug_abbrev  0x0000000000001d19      0x237 Src/Taskku.o
 .debug_abbrev  0x0000000000001f50      0x1eb Src/UARTku.o
 .debug_abbrev  0x000000000000213b      0x1de Src/main.o
 .debug_abbrev  0x0000000000002319      0x195 Src/stm32f1xx_hal_msp.o
 .debug_abbrev  0x00000000000024ae      0x1dc Src/stm32f1xx_it.o
 .debug_abbrev  0x000000000000268a      0x1bb Src/sysmem.o
 .debug_abbrev  0x0000000000002845      0x134 Src/system_stm32f1xx.o
 .debug_abbrev  0x0000000000002979       0x12 Startup/startup_stm32f103c8tx.o

.debug_aranges  0x0000000000000000      0x9d8
 .debug_aranges
                0x0000000000000000       0xe0 Drivers/STM32F1xx_HAL_Driver/Src/stm32f1xx_hal.o
 .debug_aranges
                0x00000000000000e0       0xf0 Drivers/STM32F1xx_HAL_Driver/Src/stm32f1xx_hal_adc.o
 .debug_aranges
                0x00000000000001d0       0x80 Drivers/STM32F1xx_HAL_Driver/Src/stm32f1xx_hal_adc_ex.o
 .debug_aranges
                0x0000000000000250      0x100 Drivers/STM32F1xx_HAL_Driver/Src/stm32f1xx_hal_cortex.o
 .debug_aranges
                0x0000000000000350       0x80 Drivers/STM32F1xx_HAL_Driver/Src/stm32f1xx_hal_dma.o
 .debug_aranges
                0x00000000000003d0       0x58 Drivers/STM32F1xx_HAL_Driver/Src/stm32f1xx_hal_gpio.o
 .debug_aranges
                0x0000000000000428       0x90 Drivers/STM32F1xx_HAL_Driver/Src/stm32f1xx_hal_rcc.o
 .debug_aranges
                0x00000000000004b8       0x30 Drivers/STM32F1xx_HAL_Driver/Src/stm32f1xx_hal_rcc_ex.o
 .debug_aranges
                0x00000000000004e8      0x1d0 Drivers/STM32F1xx_HAL_Driver/Src/stm32f1xx_hal_uart.o
 .debug_aranges
                0x00000000000006b8       0x48 Src/Counterku.o
 .debug_aranges
                0x0000000000000700       0x40 Src/HardwareInitku.o
 .debug_aranges
                0x0000000000000740       0x50 Src/LCDku.o
 .debug_aranges
                0x0000000000000790       0x30 Src/SCHtimeku.o
 .debug_aranges
                0x00000000000007c0       0x30 Src/SCHtimeku2.o
 .debug_aranges
                0x00000000000007f0       0x20 Src/Sensorku.o
 .debug_aranges
                0x0000000000000810       0x50 Src/Taskku.o
 .debug_aranges
                0x0000000000000860       0x30 Src/UARTku.o
 .debug_aranges
                0x0000000000000890       0x28 Src/main.o
 .debug_aranges
                0x00000000000008b8       0x40 Src/stm32f1xx_hal_msp.o
 .debug_aranges
                0x00000000000008f8       0x70 Src/stm32f1xx_it.o
 .debug_aranges
                0x0000000000000968       0x20 Src/sysmem.o
 .debug_aranges
                0x0000000000000988       0x28 Src/system_stm32f1xx.o
 .debug_aranges
                0x00000000000009b0       0x28 Startup/startup_stm32f103c8tx.o

.debug_ranges   0x0000000000000000      0x870
 .debug_ranges  0x0000000000000000       0xd0 Drivers/STM32F1xx_HAL_Driver/Src/stm32f1xx_hal.o
 .debug_ranges  0x00000000000000d0       0xe0 Drivers/STM32F1xx_HAL_Driver/Src/stm32f1xx_hal_adc.o
 .debug_ranges  0x00000000000001b0       0x70 Drivers/STM32F1xx_HAL_Driver/Src/stm32f1xx_hal_adc_ex.o
 .debug_ranges  0x0000000000000220       0xf0 Drivers/STM32F1xx_HAL_Driver/Src/stm32f1xx_hal_cortex.o
 .debug_ranges  0x0000000000000310       0x70 Drivers/STM32F1xx_HAL_Driver/Src/stm32f1xx_hal_dma.o
 .debug_ranges  0x0000000000000380       0x48 Drivers/STM32F1xx_HAL_Driver/Src/stm32f1xx_hal_gpio.o
 .debug_ranges  0x00000000000003c8       0x80 Drivers/STM32F1xx_HAL_Driver/Src/stm32f1xx_hal_rcc.o
 .debug_ranges  0x0000000000000448       0x20 Drivers/STM32F1xx_HAL_Driver/Src/stm32f1xx_hal_rcc_ex.o
 .debug_ranges  0x0000000000000468      0x1c0 Drivers/STM32F1xx_HAL_Driver/Src/stm32f1xx_hal_uart.o
 .debug_ranges  0x0000000000000628       0x38 Src/Counterku.o
 .debug_ranges  0x0000000000000660       0x30 Src/HardwareInitku.o
 .debug_ranges  0x0000000000000690       0x40 Src/LCDku.o
 .debug_ranges  0x00000000000006d0       0x20 Src/SCHtimeku.o
 .debug_ranges  0x00000000000006f0       0x20 Src/SCHtimeku2.o
 .debug_ranges  0x0000000000000710       0x10 Src/Sensorku.o
 .debug_ranges  0x0000000000000720       0x40 Src/Taskku.o
 .debug_ranges  0x0000000000000760       0x20 Src/UARTku.o
 .debug_ranges  0x0000000000000780       0x18 Src/main.o
 .debug_ranges  0x0000000000000798       0x30 Src/stm32f1xx_hal_msp.o
 .debug_ranges  0x00000000000007c8       0x60 Src/stm32f1xx_it.o
 .debug_ranges  0x0000000000000828       0x10 Src/sysmem.o
 .debug_ranges  0x0000000000000838       0x18 Src/system_stm32f1xx.o
 .debug_ranges  0x0000000000000850       0x20 Startup/startup_stm32f103c8tx.o

.debug_macro    0x0000000000000000    0x15e14
 .debug_macro   0x0000000000000000      0x1bd Drivers/STM32F1xx_HAL_Driver/Src/stm32f1xx_hal.o
 .debug_macro   0x00000000000001bd      0xa5a Drivers/STM32F1xx_HAL_Driver/Src/stm32f1xx_hal.o
 .debug_macro   0x0000000000000c17      0x221 Drivers/STM32F1xx_HAL_Driver/Src/stm32f1xx_hal.o
 .debug_macro   0x0000000000000e38       0x2e Drivers/STM32F1xx_HAL_Driver/Src/stm32f1xx_hal.o
 .debug_macro   0x0000000000000e66       0x22 Drivers/STM32F1xx_HAL_Driver/Src/stm32f1xx_hal.o
 .debug_macro   0x0000000000000e88       0x22 Drivers/STM32F1xx_HAL_Driver/Src/stm32f1xx_hal.o
 .debug_macro   0x0000000000000eaa       0x8e Drivers/STM32F1xx_HAL_Driver/Src/stm32f1xx_hal.o
 .debug_macro   0x0000000000000f38       0x51 Drivers/STM32F1xx_HAL_Driver/Src/stm32f1xx_hal.o
 .debug_macro   0x0000000000000f89       0xef Drivers/STM32F1xx_HAL_Driver/Src/stm32f1xx_hal.o
 .debug_macro   0x0000000000001078       0x6a Drivers/STM32F1xx_HAL_Driver/Src/stm32f1xx_hal.o
 .debug_macro   0x00000000000010e2      0x1df Drivers/STM32F1xx_HAL_Driver/Src/stm32f1xx_hal.o
 .debug_macro   0x00000000000012c1       0x1c Drivers/STM32F1xx_HAL_Driver/Src/stm32f1xx_hal.o
 .debug_macro   0x00000000000012dd       0x22 Drivers/STM32F1xx_HAL_Driver/Src/stm32f1xx_hal.o
 .debug_macro   0x00000000000012ff       0xc3 Drivers/STM32F1xx_HAL_Driver/Src/stm32f1xx_hal.o
 .debug_macro   0x00000000000013c2      0xd23 Drivers/STM32F1xx_HAL_Driver/Src/stm32f1xx_hal.o
 .debug_macro   0x00000000000020e5     0xe09e Drivers/STM32F1xx_HAL_Driver/Src/stm32f1xx_hal.o
 .debug_macro   0x0000000000010183       0x43 Drivers/STM32F1xx_HAL_Driver/Src/stm32f1xx_hal.o
 .debug_macro   0x00000000000101c6      0x174 Drivers/STM32F1xx_HAL_Driver/Src/stm32f1xx_hal.o
 .debug_macro   0x000000000001033a       0x5a Drivers/STM32F1xx_HAL_Driver/Src/stm32f1xx_hal.o
 .debug_macro   0x0000000000010394      0x5be Drivers/STM32F1xx_HAL_Driver/Src/stm32f1xx_hal.o
 .debug_macro   0x0000000000010952      0x289 Drivers/STM32F1xx_HAL_Driver/Src/stm32f1xx_hal.o
 .debug_macro   0x0000000000010bdb      0x1cb Drivers/STM32F1xx_HAL_Driver/Src/stm32f1xx_hal.o
 .debug_macro   0x0000000000010da6      0x114 Drivers/STM32F1xx_HAL_Driver/Src/stm32f1xx_hal.o
 .debug_macro   0x0000000000010eba      0x1b2 Drivers/STM32F1xx_HAL_Driver/Src/stm32f1xx_hal.o
 .debug_macro   0x000000000001106c       0x27 Drivers/STM32F1xx_HAL_Driver/Src/stm32f1xx_hal.o
 .debug_macro   0x0000000000011093      0x136 Drivers/STM32F1xx_HAL_Driver/Src/stm32f1xx_hal.o
 .debug_macro   0x00000000000111c9      0x1bc Drivers/STM32F1xx_HAL_Driver/Src/stm32f1xx_hal.o
 .debug_macro   0x0000000000011385       0x34 Drivers/STM32F1xx_HAL_Driver/Src/stm32f1xx_hal.o
 .debug_macro   0x00000000000113b9       0x3c Drivers/STM32F1xx_HAL_Driver/Src/stm32f1xx_hal.o
 .debug_macro   0x00000000000113f5       0x57 Drivers/STM32F1xx_HAL_Driver/Src/stm32f1xx_hal.o
 .debug_macro   0x000000000001144c      0x46a Drivers/STM32F1xx_HAL_Driver/Src/stm32f1xx_hal.o
 .debug_macro   0x00000000000118b6      0x1b5 Drivers/STM32F1xx_HAL_Driver/Src/stm32f1xx_hal.o
 .debug_macro   0x0000000000011a6b       0x88 Drivers/STM32F1xx_HAL_Driver/Src/stm32f1xx_hal.o
 .debug_macro   0x0000000000011af3      0x241 Drivers/STM32F1xx_HAL_Driver/Src/stm32f1xx_hal.o
 .debug_macro   0x0000000000011d34      0x141 Drivers/STM32F1xx_HAL_Driver/Src/stm32f1xx_hal.o
 .debug_macro   0x0000000000011e75      0x26b Drivers/STM32F1xx_HAL_Driver/Src/stm32f1xx_hal.o
 .debug_macro   0x00000000000120e0       0x83 Drivers/STM32F1xx_HAL_Driver/Src/stm32f1xx_hal.o
 .debug_macro   0x0000000000012163      0x1b6 Drivers/STM32F1xx_HAL_Driver/Src/stm32f1xx_hal_adc.o
 .debug_macro   0x0000000000012319      0x1ab Drivers/STM32F1xx_HAL_Driver/Src/stm32f1xx_hal_adc_ex.o
 .debug_macro   0x00000000000124c4      0x199 Drivers/STM32F1xx_HAL_Driver/Src/stm32f1xx_hal_cortex.o
 .debug_macro   0x000000000001265d      0x199 Drivers/STM32F1xx_HAL_Driver/Src/stm32f1xx_hal_dma.o
 .debug_macro   0x00000000000127f6      0x204 Drivers/STM32F1xx_HAL_Driver/Src/stm32f1xx_hal_gpio.o
 .debug_macro   0x00000000000129fa      0x1ab Drivers/STM32F1xx_HAL_Driver/Src/stm32f1xx_hal_rcc.o
 .debug_macro   0x0000000000012ba5      0x199 Drivers/STM32F1xx_HAL_Driver/Src/stm32f1xx_hal_rcc_ex.o
 .debug_macro   0x0000000000012d3e      0x19a Drivers/STM32F1xx_HAL_Driver/Src/stm32f1xx_hal_uart.o
 .debug_macro   0x0000000000012ed8      0x1ce Src/Counterku.o
 .debug_macro   0x00000000000130a6       0xb8 Src/Counterku.o
 .debug_macro   0x000000000001315e       0x16 Src/Counterku.o
 .debug_macro   0x0000000000013174       0x28 Src/Counterku.o
 .debug_macro   0x000000000001319c      0x1b1 Src/HardwareInitku.o
 .debug_macro   0x000000000001334d      0x310 Src/LCDku.o
 .debug_macro   0x000000000001365d       0x46 Src/LCDku.o
 .debug_macro   0x00000000000136a3       0x18 Src/LCDku.o
 .debug_macro   0x00000000000136bb       0x3c Src/LCDku.o
 .debug_macro   0x00000000000136f7       0x34 Src/LCDku.o
 .debug_macro   0x000000000001372b       0x16 Src/LCDku.o
 .debug_macro   0x0000000000013741       0x35 Src/LCDku.o
 .debug_macro   0x0000000000013776      0x32a Src/LCDku.o
 .debug_macro   0x0000000000013aa0       0x10 Src/LCDku.o
 .debug_macro   0x0000000000013ab0       0x52 Src/LCDku.o
 .debug_macro   0x0000000000013b02       0x1f Src/LCDku.o
 .debug_macro   0x0000000000013b21       0x43 Src/LCDku.o
 .debug_macro   0x0000000000013b64       0x20 Src/LCDku.o
 .debug_macro   0x0000000000013b84      0x1a3 Src/LCDku.o
 .debug_macro   0x0000000000013d27       0x10 Src/LCDku.o
 .debug_macro   0x0000000000013d37       0x1c Src/LCDku.o
 .debug_macro   0x0000000000013d53       0x52 Src/LCDku.o
 .debug_macro   0x0000000000013da5       0x40 Src/LCDku.o
 .debug_macro   0x0000000000013de5       0x10 Src/LCDku.o
 .debug_macro   0x0000000000013df5       0x40 Src/LCDku.o
 .debug_macro   0x0000000000013e35       0xd7 Src/LCDku.o
 .debug_macro   0x0000000000013f0c       0x1c Src/LCDku.o
 .debug_macro   0x0000000000013f28       0x3d Src/LCDku.o
 .debug_macro   0x0000000000013f65       0x16 Src/LCDku.o
 .debug_macro   0x0000000000013f7b      0x145 Src/LCDku.o
 .debug_macro   0x00000000000140c0      0x366 Src/SCHtimeku.o
 .debug_macro   0x0000000000014426       0x10 Src/SCHtimeku.o
 .debug_macro   0x0000000000014436       0x20 Src/SCHtimeku.o
 .debug_macro   0x0000000000014456       0x1c Src/SCHtimeku.o
 .debug_macro   0x0000000000014472      0x34b Src/SCHtimeku2.o
 .debug_macro   0x00000000000147bd      0x1bb Src/Sensorku.o
 .debug_macro   0x0000000000014978      0x36c Src/Taskku.o
 .debug_macro   0x0000000000014ce4      0x337 Src/UARTku.o
 .debug_macro   0x000000000001501b      0x370 Src/main.o
 .debug_macro   0x000000000001538b      0x1a8 Src/stm32f1xx_hal_msp.o
 .debug_macro   0x0000000000015533      0x359 Src/stm32f1xx_it.o
 .debug_macro   0x000000000001588c      0x1ae Src/sysmem.o
 .debug_macro   0x0000000000015a3a      0x23b Src/sysmem.o
 .debug_macro   0x0000000000015c75      0x19f Src/system_stm32f1xx.o

.debug_line     0x0000000000000000     0xcb02
 .debug_line    0x0000000000000000      0x871 Drivers/STM32F1xx_HAL_Driver/Src/stm32f1xx_hal.o
 .debug_line    0x0000000000000871      0xbc3 Drivers/STM32F1xx_HAL_Driver/Src/stm32f1xx_hal_adc.o
 .debug_line    0x0000000000001434      0xa07 Drivers/STM32F1xx_HAL_Driver/Src/stm32f1xx_hal_adc_ex.o
 .debug_line    0x0000000000001e3b      0x94a Drivers/STM32F1xx_HAL_Driver/Src/stm32f1xx_hal_cortex.o
 .debug_line    0x0000000000002785      0xad8 Drivers/STM32F1xx_HAL_Driver/Src/stm32f1xx_hal_dma.o
 .debug_line    0x000000000000325d      0x871 Drivers/STM32F1xx_HAL_Driver/Src/stm32f1xx_hal_gpio.o
 .debug_line    0x0000000000003ace      0x933 Drivers/STM32F1xx_HAL_Driver/Src/stm32f1xx_hal_rcc.o
 .debug_line    0x0000000000004401      0x751 Drivers/STM32F1xx_HAL_Driver/Src/stm32f1xx_hal_rcc_ex.o
 .debug_line    0x0000000000004b52      0xf7c Drivers/STM32F1xx_HAL_Driver/Src/stm32f1xx_hal_uart.o
 .debug_line    0x0000000000005ace      0x78e Src/Counterku.o
 .debug_line    0x000000000000625c      0x739 Src/HardwareInitku.o
 .debug_line    0x0000000000006995      0xa02 Src/LCDku.o
 .debug_line    0x0000000000007397      0x9db Src/SCHtimeku.o
 .debug_line    0x0000000000007d72      0x9c2 Src/SCHtimeku2.o
 .debug_line    0x0000000000008734      0x6aa Src/Sensorku.o
 .debug_line    0x0000000000008dde      0xa7a Src/Taskku.o
 .debug_line    0x0000000000009858      0x999 Src/UARTku.o
 .debug_line    0x000000000000a1f1      0x9d7 Src/main.o
 .debug_line    0x000000000000abc8      0x700 Src/stm32f1xx_hal_msp.o
 .debug_line    0x000000000000b2c8      0xa64 Src/stm32f1xx_it.o
 .debug_line    0x000000000000bd2c      0x693 Src/sysmem.o
 .debug_line    0x000000000000c3bf      0x6c4 Src/system_stm32f1xx.o
 .debug_line    0x000000000000ca83       0x7f Startup/startup_stm32f103c8tx.o

.debug_str      0x0000000000000000    0x705cc
 .debug_str     0x0000000000000000    0x69571 Drivers/STM32F1xx_HAL_Driver/Src/stm32f1xx_hal.o
                                      0x698ab (size before relaxing)
 .debug_str     0x0000000000069571      0x634 Drivers/STM32F1xx_HAL_Driver/Src/stm32f1xx_hal_adc.o
                                      0x698b0 (size before relaxing)
 .debug_str     0x0000000000069ba5      0x2fb Drivers/STM32F1xx_HAL_Driver/Src/stm32f1xx_hal_adc_ex.o
                                      0x69865 (size before relaxing)
 .debug_str     0x0000000000069ea0      0x326 Drivers/STM32F1xx_HAL_Driver/Src/stm32f1xx_hal_cortex.o
                                      0x698b9 (size before relaxing)
 .debug_str     0x000000000006a1c6      0x23f Drivers/STM32F1xx_HAL_Driver/Src/stm32f1xx_hal_dma.o
                                      0x695fb (size before relaxing)
 .debug_str     0x000000000006a405      0x395 Drivers/STM32F1xx_HAL_Driver/Src/stm32f1xx_hal_gpio.o
                                      0x695e4 (size before relaxing)
 .debug_str     0x000000000006a79a      0x373 Drivers/STM32F1xx_HAL_Driver/Src/stm32f1xx_hal_rcc.o
                                      0x6961d (size before relaxing)
 .debug_str     0x000000000006ab0d      0x12b Drivers/STM32F1xx_HAL_Driver/Src/stm32f1xx_hal_rcc_ex.o
                                      0x693aa (size before relaxing)
 .debug_str     0x000000000006ac38      0x6e3 Drivers/STM32F1xx_HAL_Driver/Src/stm32f1xx_hal_uart.o
                                      0x69b0c (size before relaxing)
 .debug_str     0x000000000006b31b      0x7b8 Src/Counterku.o
                                      0x69e3e (size before relaxing)
 .debug_str     0x000000000006bad3       0x75 Src/HardwareInitku.o
                                      0x69f99 (size before relaxing)
 .debug_str     0x000000000006bb48     0x40dd Src/LCDku.o
                                      0x6dd5f (size before relaxing)
 .debug_str     0x000000000006fc25      0x108 Src/SCHtimeku.o
                                      0x6e1a4 (size before relaxing)
 .debug_str     0x000000000006fd2d       0x2e Src/SCHtimeku2.o
                                      0x6df44 (size before relaxing)
 .debug_str     0x000000000006fd5b       0x20 Src/Sensorku.o
                                      0x69a10 (size before relaxing)
 .debug_str     0x000000000006fd7b      0x1a2 Src/Taskku.o
                                      0x6df95 (size before relaxing)
 .debug_str     0x000000000006ff1d       0x4a Src/UARTku.o
                                      0x6db68 (size before relaxing)
 .debug_str     0x000000000006ff67       0x13 Src/main.o
                                      0x6de4c (size before relaxing)
 .debug_str     0x000000000006ff7a       0x1b Src/stm32f1xx_hal_msp.o
                                      0x69d4d (size before relaxing)
 .debug_str     0x000000000006ff95       0xd1 Src/stm32f1xx_it.o
                                      0x6dc67 (size before relaxing)
 .debug_str     0x0000000000070066      0x4cc Src/sysmem.o
                                       0x7ac8 (size before relaxing)
 .debug_str     0x0000000000070532       0x69 Src/system_stm32f1xx.o
                                      0x69295 (size before relaxing)
 .debug_str     0x000000000007059b       0x31 Startup/startup_stm32f103c8tx.o
                                         0x6d (size before relaxing)

.comment        0x0000000000000000       0x7b
 .comment       0x0000000000000000       0x7b Drivers/STM32F1xx_HAL_Driver/Src/stm32f1xx_hal.o
                                         0x7c (size before relaxing)
 .comment       0x000000000000007b       0x7c Drivers/STM32F1xx_HAL_Driver/Src/stm32f1xx_hal_adc.o
 .comment       0x000000000000007b       0x7c Drivers/STM32F1xx_HAL_Driver/Src/stm32f1xx_hal_adc_ex.o
 .comment       0x000000000000007b       0x7c Drivers/STM32F1xx_HAL_Driver/Src/stm32f1xx_hal_cortex.o
 .comment       0x000000000000007b       0x7c Drivers/STM32F1xx_HAL_Driver/Src/stm32f1xx_hal_dma.o
 .comment       0x000000000000007b       0x7c Drivers/STM32F1xx_HAL_Driver/Src/stm32f1xx_hal_gpio.o
 .comment       0x000000000000007b       0x7c Drivers/STM32F1xx_HAL_Driver/Src/stm32f1xx_hal_rcc.o
 .comment       0x000000000000007b       0x7c Drivers/STM32F1xx_HAL_Driver/Src/stm32f1xx_hal_rcc_ex.o
 .comment       0x000000000000007b       0x7c Drivers/STM32F1xx_HAL_Driver/Src/stm32f1xx_hal_uart.o
 .comment       0x000000000000007b       0x7c Src/Counterku.o
 .comment       0x000000000000007b       0x7c Src/HardwareInitku.o
 .comment       0x000000000000007b       0x7c Src/LCDku.o
 .comment       0x000000000000007b       0x7c Src/SCHtimeku.o
 .comment       0x000000000000007b       0x7c Src/SCHtimeku2.o
 .comment       0x000000000000007b       0x7c Src/Sensorku.o
 .comment       0x000000000000007b       0x7c Src/Taskku.o
 .comment       0x000000000000007b       0x7c Src/UARTku.o
 .comment       0x000000000000007b       0x7c Src/main.o
 .comment       0x000000000000007b       0x7c Src/stm32f1xx_hal_msp.o
 .comment       0x000000000000007b       0x7c Src/stm32f1xx_it.o
 .comment       0x000000000000007b       0x7c Src/sysmem.o
 .comment       0x000000000000007b       0x7c Src/system_stm32f1xx.o

.debug_frame    0x0000000000000000     0x274c
 .debug_frame   0x0000000000000000      0x334 Drivers/STM32F1xx_HAL_Driver/Src/stm32f1xx_hal.o
 .debug_frame   0x0000000000000334      0x40c Drivers/STM32F1xx_HAL_Driver/Src/stm32f1xx_hal_adc.o
 .debug_frame   0x0000000000000740      0x204 Drivers/STM32F1xx_HAL_Driver/Src/stm32f1xx_hal_adc_ex.o
 .debug_frame   0x0000000000000944      0x428 Drivers/STM32F1xx_HAL_Driver/Src/stm32f1xx_hal_cortex.o
 .debug_frame   0x0000000000000d6c      0x208 Drivers/STM32F1xx_HAL_Driver/Src/stm32f1xx_hal_dma.o
 .debug_frame   0x0000000000000f74      0x14c Drivers/STM32F1xx_HAL_Driver/Src/stm32f1xx_hal_gpio.o
 .debug_frame   0x00000000000010c0      0x21c Drivers/STM32F1xx_HAL_Driver/Src/stm32f1xx_hal_rcc.o
 .debug_frame   0x00000000000012dc       0x84 Drivers/STM32F1xx_HAL_Driver/Src/stm32f1xx_hal_rcc_ex.o
 .debug_frame   0x0000000000001360      0x834 Drivers/STM32F1xx_HAL_Driver/Src/stm32f1xx_hal_uart.o
 .debug_frame   0x0000000000001b94       0xe0 Src/Counterku.o
 .debug_frame   0x0000000000001c74       0xbc Src/HardwareInitku.o
 .debug_frame   0x0000000000001d30       0xfc Src/LCDku.o
 .debug_frame   0x0000000000001e2c       0x70 Src/SCHtimeku.o
 .debug_frame   0x0000000000001e9c       0x70 Src/SCHtimeku2.o
 .debug_frame   0x0000000000001f0c       0x2c Src/Sensorku.o
 .debug_frame   0x0000000000001f38       0xfc Src/Taskku.o
 .debug_frame   0x0000000000002034       0x7c Src/UARTku.o
 .debug_frame   0x00000000000020b0       0x4c Src/main.o
 .debug_frame   0x00000000000020fc       0xc8 Src/stm32f1xx_hal_msp.o
 .debug_frame   0x00000000000021c4      0x144 Src/stm32f1xx_it.o
 .debug_frame   0x0000000000002308       0x34 Src/sysmem.o
 .debug_frame   0x000000000000233c       0x58 Src/system_stm32f1xx.o
 .debug_frame   0x0000000000002394       0x20 d:/data/cubeide/ide/stm32cubeide_1.0.2/stm32cubeide/plugins/com.st.stm32cube.ide.mcu.externaltools.gnu-tools-for-stm32.7-2018-q2-update.win32_1.0.0.201904181610/tools/bin/../lib/gcc/arm-none-eabi/7.3.1/../../../../arm-none-eabi/lib/thumb/v7-m\libc_nano.a(lib_a-errno.o)
 .debug_frame   0x00000000000023b4       0x2c d:/data/cubeide/ide/stm32cubeide_1.0.2/stm32cubeide/plugins/com.st.stm32cube.ide.mcu.externaltools.gnu-tools-for-stm32.7-2018-q2-update.win32_1.0.0.201904181610/tools/bin/../lib/gcc/arm-none-eabi/7.3.1/../../../../arm-none-eabi/lib/thumb/v7-m\libc_nano.a(lib_a-init.o)
 .debug_frame   0x00000000000023e0       0x20 d:/data/cubeide/ide/stm32cubeide_1.0.2/stm32cubeide/plugins/com.st.stm32cube.ide.mcu.externaltools.gnu-tools-for-stm32.7-2018-q2-update.win32_1.0.0.201904181610/tools/bin/../lib/gcc/arm-none-eabi/7.3.1/../../../../arm-none-eabi/lib/thumb/v7-m\libc_nano.a(lib_a-memset.o)
 .debug_frame   0x0000000000002400       0x6c d:/data/cubeide/ide/stm32cubeide_1.0.2/stm32cubeide/plugins/com.st.stm32cube.ide.mcu.externaltools.gnu-tools-for-stm32.7-2018-q2-update.win32_1.0.0.201904181610/tools/bin/../lib/gcc/arm-none-eabi/7.3.1/../../../../arm-none-eabi/lib/thumb/v7-m\libc_nano.a(lib_a-sprintf.o)
 .debug_frame   0x000000000000246c       0x90 d:/data/cubeide/ide/stm32cubeide_1.0.2/stm32cubeide/plugins/com.st.stm32cube.ide.mcu.externaltools.gnu-tools-for-stm32.7-2018-q2-update.win32_1.0.0.201904181610/tools/bin/../lib/gcc/arm-none-eabi/7.3.1/../../../../arm-none-eabi/lib/thumb/v7-m\libc_nano.a(lib_a-nano-svfprintf.o)
 .debug_frame   0x00000000000024fc       0x60 d:/data/cubeide/ide/stm32cubeide_1.0.2/stm32cubeide/plugins/com.st.stm32cube.ide.mcu.externaltools.gnu-tools-for-stm32.7-2018-q2-update.win32_1.0.0.201904181610/tools/bin/../lib/gcc/arm-none-eabi/7.3.1/../../../../arm-none-eabi/lib/thumb/v7-m\libc_nano.a(lib_a-nano-vfprintf_i.o)
 .debug_frame   0x000000000000255c       0x28 d:/data/cubeide/ide/stm32cubeide_1.0.2/stm32cubeide/plugins/com.st.stm32cube.ide.mcu.externaltools.gnu-tools-for-stm32.7-2018-q2-update.win32_1.0.0.201904181610/tools/bin/../lib/gcc/arm-none-eabi/7.3.1/../../../../arm-none-eabi/lib/thumb/v7-m\libc_nano.a(lib_a-memchr-stub.o)
 .debug_frame   0x0000000000002584       0x28 d:/data/cubeide/ide/stm32cubeide_1.0.2/stm32cubeide/plugins/com.st.stm32cube.ide.mcu.externaltools.gnu-tools-for-stm32.7-2018-q2-update.win32_1.0.0.201904181610/tools/bin/../lib/gcc/arm-none-eabi/7.3.1/../../../../arm-none-eabi/lib/thumb/v7-m\libc_nano.a(lib_a-memcpy-stub.o)
 .debug_frame   0x00000000000025ac       0x28 d:/data/cubeide/ide/stm32cubeide_1.0.2/stm32cubeide/plugins/com.st.stm32cube.ide.mcu.externaltools.gnu-tools-for-stm32.7-2018-q2-update.win32_1.0.0.201904181610/tools/bin/../lib/gcc/arm-none-eabi/7.3.1/../../../../arm-none-eabi/lib/thumb/v7-m\libc_nano.a(lib_a-memmove.o)
 .debug_frame   0x00000000000025d4       0x38 d:/data/cubeide/ide/stm32cubeide_1.0.2/stm32cubeide/plugins/com.st.stm32cube.ide.mcu.externaltools.gnu-tools-for-stm32.7-2018-q2-update.win32_1.0.0.201904181610/tools/bin/../lib/gcc/arm-none-eabi/7.3.1/../../../../arm-none-eabi/lib/thumb/v7-m\libc_nano.a(lib_a-nano-freer.o)
 .debug_frame   0x000000000000260c       0x2c d:/data/cubeide/ide/stm32cubeide_1.0.2/stm32cubeide/plugins/com.st.stm32cube.ide.mcu.externaltools.gnu-tools-for-stm32.7-2018-q2-update.win32_1.0.0.201904181610/tools/bin/../lib/gcc/arm-none-eabi/7.3.1/../../../../arm-none-eabi/lib/thumb/v7-m\libc_nano.a(lib_a-nano-mallocr.o)
 .debug_frame   0x0000000000002638       0x3c d:/data/cubeide/ide/stm32cubeide_1.0.2/stm32cubeide/plugins/com.st.stm32cube.ide.mcu.externaltools.gnu-tools-for-stm32.7-2018-q2-update.win32_1.0.0.201904181610/tools/bin/../lib/gcc/arm-none-eabi/7.3.1/../../../../arm-none-eabi/lib/thumb/v7-m\libc_nano.a(lib_a-nano-reallocr.o)
 .debug_frame   0x0000000000002674       0x2c d:/data/cubeide/ide/stm32cubeide_1.0.2/stm32cubeide/plugins/com.st.stm32cube.ide.mcu.externaltools.gnu-tools-for-stm32.7-2018-q2-update.win32_1.0.0.201904181610/tools/bin/../lib/gcc/arm-none-eabi/7.3.1/../../../../arm-none-eabi/lib/thumb/v7-m\libc_nano.a(lib_a-sbrkr.o)
 .debug_frame   0x00000000000026a0       0x30 d:/data/cubeide/ide/stm32cubeide_1.0.2/stm32cubeide/plugins/com.st.stm32cube.ide.mcu.externaltools.gnu-tools-for-stm32.7-2018-q2-update.win32_1.0.0.201904181610/tools/bin/../lib/gcc/arm-none-eabi/7.3.1/../../../../arm-none-eabi/lib/thumb/v7-m\libc_nano.a(lib_a-mlock.o)
 .debug_frame   0x00000000000026d0       0x20 d:/data/cubeide/ide/stm32cubeide_1.0.2/stm32cubeide/plugins/com.st.stm32cube.ide.mcu.externaltools.gnu-tools-for-stm32.7-2018-q2-update.win32_1.0.0.201904181610/tools/bin/../lib/gcc/arm-none-eabi/7.3.1/../../../../arm-none-eabi/lib/thumb/v7-m\libc_nano.a(lib_a-nano-msizer.o)
 .debug_frame   0x00000000000026f0       0x5c d:/data/cubeide/ide/stm32cubeide_1.0.2/stm32cubeide/plugins/com.st.stm32cube.ide.mcu.externaltools.gnu-tools-for-stm32.7-2018-q2-update.win32_1.0.0.201904181610/tools/bin/../lib/gcc/arm-none-eabi/7.3.1/../../../../arm-none-eabi/lib/thumb/v7-m\libc_nano.a(lib_a-reent.o)
